<?xml version="1.0"?>
<link_info>
   <banner>TI ARM Linker PC v16.9.4.LTS</banner>
   <copyright>Copyright (c) 1996-2017 Texas Instruments Incorporated</copyright>
   <link_time>0x5a088d11</link_time>
   <link_errors>0x0</link_errors>
   <output_file>BA-PYCO-FW.out</output_file>
   <entry_point>
      <name>_c_int00</name>
      <address>0xb6e9</address>
   </entry_point>
   <input_file_list>
      <input_file id="fl-2">
         <path>.\</path>
         <kind>object</kind>
         <file>System.obj</file>
         <name>System.obj</name>
      </input_file>
      <input_file id="fl-3">
         <path>.\</path>
         <kind>object</kind>
         <file>main.obj</file>
         <name>main.obj</name>
      </input_file>
      <input_file id="fl-4">
         <path>.\</path>
         <kind>object</kind>
         <file>startup_ccs.obj</file>
         <name>startup_ccs.obj</name>
      </input_file>
      <input_file id="fl-5">
         <path>.\Driver\</path>
         <kind>object</kind>
         <file>ACT.obj</file>
         <name>ACT.obj</name>
      </input_file>
      <input_file id="fl-6">
         <path>.\Driver\</path>
         <kind>object</kind>
         <file>DS3231.obj</file>
         <name>DS3231.obj</name>
      </input_file>
      <input_file id="fl-7">
         <path>.\Driver\</path>
         <kind>object</kind>
         <file>HCSR501.obj</file>
         <name>HCSR501.obj</name>
      </input_file>
      <input_file id="fl-8">
         <path>.\Driver\</path>
         <kind>object</kind>
         <file>HMTRP.obj</file>
         <name>HMTRP.obj</name>
      </input_file>
      <input_file id="fl-9">
         <path>.\Driver\</path>
         <kind>object</kind>
         <file>KY040.obj</file>
         <name>KY040.obj</name>
      </input_file>
      <input_file id="fl-a">
         <path>.\Driver\</path>
         <kind>object</kind>
         <file>LED.obj</file>
         <name>LED.obj</name>
      </input_file>
      <input_file id="fl-b">
         <path>.\Driver\</path>
         <kind>object</kind>
         <file>NHD0216K3Z.obj</file>
         <name>NHD0216K3Z.obj</name>
      </input_file>
      <input_file id="fl-c">
         <path>.\Driver\</path>
         <kind>object</kind>
         <file>Timer.obj</file>
         <name>Timer.obj</name>
      </input_file>
      <input_file id="fl-d">
         <path>.\Driver\</path>
         <kind>object</kind>
         <file>VS10xx.obj</file>
         <name>VS10xx.obj</name>
      </input_file>
      <input_file id="fl-e">
         <path>.\Driver\fatfs\</path>
         <kind>object</kind>
         <file>cc932.obj</file>
         <name>cc932.obj</name>
      </input_file>
      <input_file id="fl-f">
         <path>.\Driver\fatfs\</path>
         <kind>object</kind>
         <file>ff.obj</file>
         <name>ff.obj</name>
      </input_file>
      <input_file id="fl-10">
         <path>.\Driver\fatfs\</path>
         <kind>object</kind>
         <file>mmc-ek-tm4c123gxl.obj</file>
         <name>mmc-ek-tm4c123gxl.obj</name>
      </input_file>
      <input_file id="fl-11">
         <path>.\Manager\</path>
         <kind>object</kind>
         <file>AudioManager.obj</file>
         <name>AudioManager.obj</name>
      </input_file>
      <input_file id="fl-12">
         <path>.\Manager\</path>
         <kind>object</kind>
         <file>ConsoleManager.obj</file>
         <name>ConsoleManager.obj</name>
      </input_file>
      <input_file id="fl-13">
         <path>.\Manager\</path>
         <kind>object</kind>
         <file>DisplayManager.obj</file>
         <name>DisplayManager.obj</name>
      </input_file>
      <input_file id="fl-14">
         <path>.\Manager\</path>
         <kind>object</kind>
         <file>FileManager.obj</file>
         <name>FileManager.obj</name>
      </input_file>
      <input_file id="fl-15">
         <path>.\Manager\</path>
         <kind>object</kind>
         <file>TaskManager.obj</file>
         <name>TaskManager.obj</name>
      </input_file>
      <input_file id="fl-16">
         <path>.\utils\</path>
         <kind>object</kind>
         <file>cmdline.obj</file>
         <name>cmdline.obj</name>
      </input_file>
      <input_file id="fl-17">
         <path>.\utils\</path>
         <kind>object</kind>
         <file>uartstdio.obj</file>
         <name>uartstdio.obj</name>
      </input_file>
      <input_file id="fl-18">
         <path>.\utils\</path>
         <kind>object</kind>
         <file>ustdlib.obj</file>
         <name>ustdlib.obj</name>
      </input_file>
      <input_file id="fl-1d">
         <kind>object</kind>
         <file>&lt;internal&gt;</file>
         <name>&lt;internal&gt;</name>
      </input_file>
      <input_file id="fl-1e">
         <path>C:\ti\TivaWare_C_Series-2.1.4.178\driverlib\ccs\Debug\</path>
         <kind>archive</kind>
         <file>driverlib.lib</file>
         <name>fpu.obj</name>
      </input_file>
      <input_file id="fl-1f">
         <path>C:\ti\TivaWare_C_Series-2.1.4.178\driverlib\ccs\Debug\</path>
         <kind>archive</kind>
         <file>driverlib.lib</file>
         <name>gpio.obj</name>
      </input_file>
      <input_file id="fl-20">
         <path>C:\ti\TivaWare_C_Series-2.1.4.178\driverlib\ccs\Debug\</path>
         <kind>archive</kind>
         <file>driverlib.lib</file>
         <name>i2c.obj</name>
      </input_file>
      <input_file id="fl-21">
         <path>C:\ti\TivaWare_C_Series-2.1.4.178\driverlib\ccs\Debug\</path>
         <kind>archive</kind>
         <file>driverlib.lib</file>
         <name>interrupt.obj</name>
      </input_file>
      <input_file id="fl-22">
         <path>C:\ti\TivaWare_C_Series-2.1.4.178\driverlib\ccs\Debug\</path>
         <kind>archive</kind>
         <file>driverlib.lib</file>
         <name>ssi.obj</name>
      </input_file>
      <input_file id="fl-23">
         <path>C:\ti\TivaWare_C_Series-2.1.4.178\driverlib\ccs\Debug\</path>
         <kind>archive</kind>
         <file>driverlib.lib</file>
         <name>sysctl.obj</name>
      </input_file>
      <input_file id="fl-24">
         <path>C:\ti\TivaWare_C_Series-2.1.4.178\driverlib\ccs\Debug\</path>
         <kind>archive</kind>
         <file>driverlib.lib</file>
         <name>timer.obj</name>
      </input_file>
      <input_file id="fl-25">
         <path>C:\ti\TivaWare_C_Series-2.1.4.178\driverlib\ccs\Debug\</path>
         <kind>archive</kind>
         <file>driverlib.lib</file>
         <name>uart.obj</name>
      </input_file>
      <input_file id="fl-26">
         <path>C:\ti\TivaWare_C_Series-2.1.4.178\driverlib\ccs\Debug\</path>
         <kind>archive</kind>
         <file>driverlib.lib</file>
         <name>cpu.obj</name>
      </input_file>
      <input_file id="fl-dc">
         <path>C:\ti\ccsv7\tools\compiler\ti-cgt-arm_16.9.4.LTS\lib\</path>
         <kind>archive</kind>
         <file>rtsv7M4_T_le_v4SPD16_eabi.lib</file>
         <name>boot.obj</name>
      </input_file>
      <input_file id="fl-dd">
         <path>C:\ti\ccsv7\tools\compiler\ti-cgt-arm_16.9.4.LTS\lib\</path>
         <kind>archive</kind>
         <file>rtsv7M4_T_le_v4SPD16_eabi.lib</file>
         <name>copy_decompress_lzss.obj</name>
      </input_file>
      <input_file id="fl-de">
         <path>C:\ti\ccsv7\tools\compiler\ti-cgt-arm_16.9.4.LTS\lib\</path>
         <kind>archive</kind>
         <file>rtsv7M4_T_le_v4SPD16_eabi.lib</file>
         <name>copy_decompress_none.obj</name>
      </input_file>
      <input_file id="fl-df">
         <path>C:\ti\ccsv7\tools\compiler\ti-cgt-arm_16.9.4.LTS\lib\</path>
         <kind>archive</kind>
         <file>rtsv7M4_T_le_v4SPD16_eabi.lib</file>
         <name>copy_zero_init.obj</name>
      </input_file>
      <input_file id="fl-e0">
         <path>C:\ti\ccsv7\tools\compiler\ti-cgt-arm_16.9.4.LTS\lib\</path>
         <kind>archive</kind>
         <file>rtsv7M4_T_le_v4SPD16_eabi.lib</file>
         <name>exit.obj</name>
      </input_file>
      <input_file id="fl-e1">
         <path>C:\ti\ccsv7\tools\compiler\ti-cgt-arm_16.9.4.LTS\lib\</path>
         <kind>archive</kind>
         <file>rtsv7M4_T_le_v4SPD16_eabi.lib</file>
         <name>fd_add_t2.obj</name>
      </input_file>
      <input_file id="fl-e2">
         <path>C:\ti\ccsv7\tools\compiler\ti-cgt-arm_16.9.4.LTS\lib\</path>
         <kind>archive</kind>
         <file>rtsv7M4_T_le_v4SPD16_eabi.lib</file>
         <name>fd_div_t2.obj</name>
      </input_file>
      <input_file id="fl-e3">
         <path>C:\ti\ccsv7\tools\compiler\ti-cgt-arm_16.9.4.LTS\lib\</path>
         <kind>archive</kind>
         <file>rtsv7M4_T_le_v4SPD16_eabi.lib</file>
         <name>fd_mul_t2.obj</name>
      </input_file>
      <input_file id="fl-e4">
         <path>C:\ti\ccsv7\tools\compiler\ti-cgt-arm_16.9.4.LTS\lib\</path>
         <kind>archive</kind>
         <file>rtsv7M4_T_le_v4SPD16_eabi.lib</file>
         <name>fd_tos_t2.obj</name>
      </input_file>
      <input_file id="fl-e5">
         <path>C:\ti\ccsv7\tools\compiler\ti-cgt-arm_16.9.4.LTS\lib\</path>
         <kind>archive</kind>
         <file>rtsv7M4_T_le_v4SPD16_eabi.lib</file>
         <name>fd_tou_t2.obj</name>
      </input_file>
      <input_file id="fl-e6">
         <path>C:\ti\ccsv7\tools\compiler\ti-cgt-arm_16.9.4.LTS\lib\</path>
         <kind>archive</kind>
         <file>rtsv7M4_T_le_v4SPD16_eabi.lib</file>
         <name>fs_tod_t2.obj</name>
      </input_file>
      <input_file id="fl-e7">
         <path>C:\ti\ccsv7\tools\compiler\ti-cgt-arm_16.9.4.LTS\lib\</path>
         <kind>archive</kind>
         <file>rtsv7M4_T_le_v4SPD16_eabi.lib</file>
         <name>i_tofd_t2.obj</name>
      </input_file>
      <input_file id="fl-e8">
         <path>C:\ti\ccsv7\tools\compiler\ti-cgt-arm_16.9.4.LTS\lib\</path>
         <kind>archive</kind>
         <file>rtsv7M4_T_le_v4SPD16_eabi.lib</file>
         <name>memcpy_t2.obj</name>
      </input_file>
      <input_file id="fl-e9">
         <path>C:\ti\ccsv7\tools\compiler\ti-cgt-arm_16.9.4.LTS\lib\</path>
         <kind>archive</kind>
         <file>rtsv7M4_T_le_v4SPD16_eabi.lib</file>
         <name>memset_t2.obj</name>
      </input_file>
      <input_file id="fl-ea">
         <path>C:\ti\ccsv7\tools\compiler\ti-cgt-arm_16.9.4.LTS\lib\</path>
         <kind>archive</kind>
         <file>rtsv7M4_T_le_v4SPD16_eabi.lib</file>
         <name>mpu_init.obj</name>
      </input_file>
      <input_file id="fl-eb">
         <path>C:\ti\ccsv7\tools\compiler\ti-cgt-arm_16.9.4.LTS\lib\</path>
         <kind>archive</kind>
         <file>rtsv7M4_T_le_v4SPD16_eabi.lib</file>
         <name>pre_init.obj</name>
      </input_file>
      <input_file id="fl-ec">
         <path>C:\ti\ccsv7\tools\compiler\ti-cgt-arm_16.9.4.LTS\lib\</path>
         <kind>archive</kind>
         <file>rtsv7M4_T_le_v4SPD16_eabi.lib</file>
         <name>snprintf.obj</name>
      </input_file>
      <input_file id="fl-ed">
         <path>C:\ti\ccsv7\tools\compiler\ti-cgt-arm_16.9.4.LTS\lib\</path>
         <kind>archive</kind>
         <file>rtsv7M4_T_le_v4SPD16_eabi.lib</file>
         <name>stkdepth_vars.obj</name>
      </input_file>
      <input_file id="fl-ee">
         <path>C:\ti\ccsv7\tools\compiler\ti-cgt-arm_16.9.4.LTS\lib\</path>
         <kind>archive</kind>
         <file>rtsv7M4_T_le_v4SPD16_eabi.lib</file>
         <name>strcat.obj</name>
      </input_file>
      <input_file id="fl-ef">
         <path>C:\ti\ccsv7\tools\compiler\ti-cgt-arm_16.9.4.LTS\lib\</path>
         <kind>archive</kind>
         <file>rtsv7M4_T_le_v4SPD16_eabi.lib</file>
         <name>strcmp.obj</name>
      </input_file>
      <input_file id="fl-f0">
         <path>C:\ti\ccsv7\tools\compiler\ti-cgt-arm_16.9.4.LTS\lib\</path>
         <kind>archive</kind>
         <file>rtsv7M4_T_le_v4SPD16_eabi.lib</file>
         <name>strcpy.obj</name>
      </input_file>
      <input_file id="fl-f1">
         <path>C:\ti\ccsv7\tools\compiler\ti-cgt-arm_16.9.4.LTS\lib\</path>
         <kind>archive</kind>
         <file>rtsv7M4_T_le_v4SPD16_eabi.lib</file>
         <name>strlen.obj</name>
      </input_file>
      <input_file id="fl-f2">
         <path>C:\ti\ccsv7\tools\compiler\ti-cgt-arm_16.9.4.LTS\lib\</path>
         <kind>archive</kind>
         <file>rtsv7M4_T_le_v4SPD16_eabi.lib</file>
         <name>strncpy.obj</name>
      </input_file>
      <input_file id="fl-f3">
         <path>C:\ti\ccsv7\tools\compiler\ti-cgt-arm_16.9.4.LTS\lib\</path>
         <kind>archive</kind>
         <file>rtsv7M4_T_le_v4SPD16_eabi.lib</file>
         <name>u_divt2.obj</name>
      </input_file>
      <input_file id="fl-f4">
         <path>C:\ti\ccsv7\tools\compiler\ti-cgt-arm_16.9.4.LTS\lib\</path>
         <kind>archive</kind>
         <file>rtsv7M4_T_le_v4SPD16_eabi.lib</file>
         <name>u_tofd_t2.obj</name>
      </input_file>
      <input_file id="fl-f5">
         <path>C:\ti\ccsv7\tools\compiler\ti-cgt-arm_16.9.4.LTS\lib\</path>
         <kind>archive</kind>
         <file>rtsv7M4_T_le_v4SPD16_eabi.lib</file>
         <name>_lock.obj</name>
      </input_file>
      <input_file id="fl-f6">
         <path>C:\ti\ccsv7\tools\compiler\ti-cgt-arm_16.9.4.LTS\lib\</path>
         <kind>archive</kind>
         <file>rtsv7M4_T_le_v4SPD16_eabi.lib</file>
         <name>_printfi.obj</name>
      </input_file>
      <input_file id="fl-f7">
         <path>C:\ti\ccsv7\tools\compiler\ti-cgt-arm_16.9.4.LTS\lib\</path>
         <kind>archive</kind>
         <file>rtsv7M4_T_le_v4SPD16_eabi.lib</file>
         <name>args_main.obj</name>
      </input_file>
      <input_file id="fl-f8">
         <path>C:\ti\ccsv7\tools\compiler\ti-cgt-arm_16.9.4.LTS\lib\</path>
         <kind>archive</kind>
         <file>rtsv7M4_T_le_v4SPD16_eabi.lib</file>
         <name>atoi.obj</name>
      </input_file>
      <input_file id="fl-f9">
         <path>C:\ti\ccsv7\tools\compiler\ti-cgt-arm_16.9.4.LTS\lib\</path>
         <kind>archive</kind>
         <file>rtsv7M4_T_le_v4SPD16_eabi.lib</file>
         <name>autoinit.obj</name>
      </input_file>
      <input_file id="fl-fa">
         <path>C:\ti\ccsv7\tools\compiler\ti-cgt-arm_16.9.4.LTS\lib\</path>
         <kind>archive</kind>
         <file>rtsv7M4_T_le_v4SPD16_eabi.lib</file>
         <name>cpy_tbl.obj</name>
      </input_file>
      <input_file id="fl-fb">
         <path>C:\ti\ccsv7\tools\compiler\ti-cgt-arm_16.9.4.LTS\lib\</path>
         <kind>archive</kind>
         <file>rtsv7M4_T_le_v4SPD16_eabi.lib</file>
         <name>ctype.obj</name>
      </input_file>
      <input_file id="fl-fc">
         <path>C:\ti\ccsv7\tools\compiler\ti-cgt-arm_16.9.4.LTS\lib\</path>
         <kind>archive</kind>
         <file>rtsv7M4_T_le_v4SPD16_eabi.lib</file>
         <name>fd_cmp_t2.obj</name>
      </input_file>
      <input_file id="fl-fd">
         <path>C:\ti\ccsv7\tools\compiler\ti-cgt-arm_16.9.4.LTS\lib\</path>
         <kind>archive</kind>
         <file>rtsv7M4_T_le_v4SPD16_eabi.lib</file>
         <name>fd_toi_t2.obj</name>
      </input_file>
      <input_file id="fl-fe">
         <path>C:\ti\ccsv7\tools\compiler\ti-cgt-arm_16.9.4.LTS\lib\</path>
         <kind>archive</kind>
         <file>rtsv7M4_T_le_v4SPD16_eabi.lib</file>
         <name>i_div0.obj</name>
      </input_file>
      <input_file id="fl-ff">
         <path>C:\ti\ccsv7\tools\compiler\ti-cgt-arm_16.9.4.LTS\lib\</path>
         <kind>archive</kind>
         <file>rtsv7M4_T_le_v4SPD16_eabi.lib</file>
         <name>ltoa.obj</name>
      </input_file>
      <input_file id="fl-100">
         <path>C:\ti\ccsv7\tools\compiler\ti-cgt-arm_16.9.4.LTS\lib\</path>
         <kind>archive</kind>
         <file>rtsv7M4_T_le_v4SPD16_eabi.lib</file>
         <name>memccpy.obj</name>
      </input_file>
      <input_file id="fl-101">
         <path>C:\ti\ccsv7\tools\compiler\ti-cgt-arm_16.9.4.LTS\lib\</path>
         <kind>archive</kind>
         <file>rtsv7M4_T_le_v4SPD16_eabi.lib</file>
         <name>s_frexp.obj</name>
      </input_file>
      <input_file id="fl-102">
         <path>C:\ti\ccsv7\tools\compiler\ti-cgt-arm_16.9.4.LTS\lib\</path>
         <kind>archive</kind>
         <file>rtsv7M4_T_le_v4SPD16_eabi.lib</file>
         <name>s_scalbn.obj</name>
      </input_file>
      <input_file id="fl-103">
         <path>C:\ti\ccsv7\tools\compiler\ti-cgt-arm_16.9.4.LTS\lib\</path>
         <kind>archive</kind>
         <file>rtsv7M4_T_le_v4SPD16_eabi.lib</file>
         <name>startup.obj</name>
      </input_file>
      <input_file id="fl-104">
         <path>C:\ti\ccsv7\tools\compiler\ti-cgt-arm_16.9.4.LTS\lib\</path>
         <kind>archive</kind>
         <file>rtsv7M4_T_le_v4SPD16_eabi.lib</file>
         <name>strchr.obj</name>
      </input_file>
      <input_file id="fl-105">
         <path>C:\ti\ccsv7\tools\compiler\ti-cgt-arm_16.9.4.LTS\lib\</path>
         <kind>archive</kind>
         <file>rtsv7M4_T_le_v4SPD16_eabi.lib</file>
         <name>ull_div_t2.obj</name>
      </input_file>
      <input_file id="fl-106">
         <path>C:\ti\ccsv7\tools\compiler\ti-cgt-arm_16.9.4.LTS\lib\</path>
         <kind>archive</kind>
         <file>rtsv7M4_T_le_v4SPD16_eabi.lib</file>
         <name>errno.obj</name>
      </input_file>
      <input_file id="fl-107">
         <path>C:\ti\ccsv7\tools\compiler\ti-cgt-arm_16.9.4.LTS\lib\</path>
         <kind>archive</kind>
         <file>rtsv7M4_T_le_v4SPD16_eabi.lib</file>
         <name>s_copysign.obj</name>
      </input_file>
   </input_file_list>
   <object_component_list>
      <object_component id="oc-f">
         <name>.intvecs</name>
         <load_address>0x0</load_address>
         <run_address>0x0</run_address>
         <size>0x26c</size>
         <input_file_ref idref="fl-4"/>
      </object_component>
      <object_component id="oc-a07">
         <name>.text</name>
         <load_address>0x26c</load_address>
         <run_address>0x26c</run_address>
         <size>0x113e</size>
         <input_file_ref idref="fl-f6"/>
      </object_component>
      <object_component id="oc-37">
         <name>.text:FaultISR</name>
         <load_address>0x13aa</load_address>
         <run_address>0x13aa</run_address>
         <size>0x2</size>
         <input_file_ref idref="fl-4"/>
      </object_component>
      <object_component id="oc-66c">
         <name>.text:CMD_rtc</name>
         <load_address>0x13ac</load_address>
         <run_address>0x13ac</run_address>
         <size>0x904</size>
         <input_file_ref idref="fl-12"/>
      </object_component>
      <object_component id="oc-115">
         <name>.text:main</name>
         <load_address>0x1cb0</load_address>
         <run_address>0x1cb0</run_address>
         <size>0x814</size>
         <input_file_ref idref="fl-3"/>
      </object_component>
      <object_component id="oc-488">
         <name>.text:chk_mounted</name>
         <load_address>0x24c4</load_address>
         <run_address>0x24c4</run_address>
         <size>0x4d8</size>
         <input_file_ref idref="fl-f"/>
      </object_component>
      <object_component id="oc-8a4">
         <name>.text:TM_TaskPrint</name>
         <load_address>0x299c</load_address>
         <run_address>0x299c</run_address>
         <size>0x4c8</size>
         <input_file_ref idref="fl-15"/>
      </object_component>
      <object_component id="oc-59a">
         <name>.text:uvsnprintf</name>
         <load_address>0x2e64</load_address>
         <run_address>0x2e64</run_address>
         <size>0x438</size>
         <input_file_ref idref="fl-18"/>
      </object_component>
      <object_component id="oc-6e6">
         <name>.text:create_name</name>
         <load_address>0x329c</load_address>
         <run_address>0x329c</run_address>
         <size>0x3eb</size>
         <input_file_ref idref="fl-f"/>
      </object_component>
      <object_component id="oc-8b2">
         <name>.text:TM_TaskSet</name>
         <load_address>0x3688</load_address>
         <run_address>0x3688</run_address>
         <size>0x3a8</size>
         <input_file_ref idref="fl-15"/>
      </object_component>
      <object_component id="oc-27d">
         <name>.text:UARTvprintf</name>
         <load_address>0x3a30</load_address>
         <run_address>0x3a30</run_address>
         <size>0x30c</size>
         <input_file_ref idref="fl-17"/>
      </object_component>
      <object_component id="oc-895">
         <name>.text:FM_ConfigSave</name>
         <load_address>0x3d3c</load_address>
         <run_address>0x3d3c</run_address>
         <size>0x2ec</size>
         <input_file_ref idref="fl-14"/>
      </object_component>
      <object_component id="oc-add">
         <name>.text:f_write</name>
         <load_address>0x4028</load_address>
         <run_address>0x4028</run_address>
         <size>0x2a4</size>
         <input_file_ref idref="fl-f"/>
      </object_component>
      <object_component id="oc-69c">
         <name>.text:Cmd_TaskSet</name>
         <load_address>0x42cc</load_address>
         <run_address>0x42cc</run_address>
         <size>0x255</size>
         <input_file_ref idref="fl-12"/>
      </object_component>
      <object_component id="oc-5a8">
         <name>.text:f_read</name>
         <load_address>0x4522</load_address>
         <run_address>0x4522</run_address>
         <size>0x254</size>
         <input_file_ref idref="fl-f"/>
      </object_component>
      <object_component id="oc-3d">
         <name>.text:IntDefaultHandler</name>
         <load_address>0x4776</load_address>
         <run_address>0x4776</run_address>
         <size>0x2</size>
         <input_file_ref idref="fl-4"/>
      </object_component>
      <object_component id="oc-8ba">
         <name>.text:SYS_ParamsPrint</name>
         <load_address>0x4778</load_address>
         <run_address>0x4778</run_address>
         <size>0x218</size>
         <input_file_ref idref="fl-2"/>
      </object_component>
      <object_component id="oc-1c2">
         <name>.text:VS10xxInit</name>
         <load_address>0x4990</load_address>
         <run_address>0x4990</run_address>
         <size>0x218</size>
         <input_file_ref idref="fl-d"/>
      </object_component>
      <object_component id="oc-5a2">
         <name>.text:f_open</name>
         <load_address>0x4ba8</load_address>
         <run_address>0x4ba8</run_address>
         <size>0x218</size>
         <input_file_ref idref="fl-f"/>
      </object_component>
      <object_component id="oc-a73">
         <name>.text:disk_ioctl</name>
         <load_address>0x4dc0</load_address>
         <run_address>0x4dc0</run_address>
         <size>0x208</size>
         <input_file_ref idref="fl-10"/>
      </object_component>
      <object_component id="oc-7eb">
         <name>.text:FM_ls</name>
         <load_address>0x4fc8</load_address>
         <run_address>0x4fc8</run_address>
         <size>0x1fc</size>
         <input_file_ref idref="fl-14"/>
      </object_component>
      <object_component id="oc-a95">
         <name>.text</name>
         <load_address>0x51c4</load_address>
         <run_address>0x51c4</run_address>
         <size>0x1f4</size>
         <input_file_ref idref="fl-105"/>
      </object_component>
      <object_component id="oc-a26">
         <name>.text:f_mkdir</name>
         <load_address>0x53b8</load_address>
         <run_address>0x53b8</run_address>
         <size>0x1f0</size>
         <input_file_ref idref="fl-f"/>
      </object_component>
      <object_component id="oc-4b0">
         <name>.text:get_fileinfo</name>
         <load_address>0x55a8</load_address>
         <run_address>0x55a8</run_address>
         <size>0x1e8</size>
         <input_file_ref idref="fl-f"/>
      </object_component>
      <object_component id="oc-792">
         <name>.text:dir_register</name>
         <load_address>0x5790</load_address>
         <run_address>0x5790</run_address>
         <size>0x1d4</size>
         <input_file_ref idref="fl-f"/>
      </object_component>
      <object_component id="oc-96a">
         <name>.text:put_fat</name>
         <load_address>0x5964</load_address>
         <run_address>0x5964</run_address>
         <size>0x1be</size>
         <input_file_ref idref="fl-f"/>
      </object_component>
      <object_component id="oc-5f9">
         <name>.text</name>
         <load_address>0x5b22</load_address>
         <run_address>0x5b22</run_address>
         <size>0x1b6</size>
         <input_file_ref idref="fl-e1"/>
      </object_component>
      <object_component id="oc-89e">
         <name>.text:TM_TaskAdd</name>
         <load_address>0x5cd8</load_address>
         <run_address>0x5cd8</run_address>
         <size>0x1b0</size>
         <input_file_ref idref="fl-15"/>
      </object_component>
      <object_component id="oc-6d0">
         <name>.text:disk_initialize</name>
         <load_address>0x5e88</load_address>
         <run_address>0x5e88</run_address>
         <size>0x1ac</size>
         <input_file_ref idref="fl-10"/>
      </object_component>
      <object_component id="oc-a2c">
         <name>.text:FM_Save</name>
         <load_address>0x6034</load_address>
         <run_address>0x6034</run_address>
         <size>0x190</size>
         <input_file_ref idref="fl-14"/>
      </object_component>
      <object_component id="oc-7f2">
         <name>.text:FM_cd</name>
         <load_address>0x61c4</load_address>
         <run_address>0x61c4</run_address>
         <size>0x188</size>
         <input_file_ref idref="fl-14"/>
      </object_component>
      <object_component id="oc-4f">
         <name>.text:UARTStdioIntHandler</name>
         <load_address>0x634c</load_address>
         <run_address>0x634c</run_address>
         <size>0x188</size>
         <input_file_ref idref="fl-17"/>
      </object_component>
      <object_component id="oc-164">
         <name>.text:FM_Index</name>
         <load_address>0x64d4</load_address>
         <run_address>0x64d4</run_address>
         <size>0x184</size>
         <input_file_ref idref="fl-14"/>
      </object_component>
      <object_component id="oc-3af">
         <name>.text:FM_Load</name>
         <load_address>0x6658</load_address>
         <run_address>0x6658</run_address>
         <size>0x180</size>
         <input_file_ref idref="fl-14"/>
      </object_component>
      <object_component id="oc-4b6">
         <name>.text:dir_next</name>
         <load_address>0x67d8</load_address>
         <run_address>0x67d8</run_address>
         <size>0x180</size>
         <input_file_ref idref="fl-f"/>
      </object_component>
      <object_component id="oc-690">
         <name>.text:Cmd_TaskAdd</name>
         <load_address>0x6958</load_address>
         <run_address>0x6958</run_address>
         <size>0x17c</size>
         <input_file_ref idref="fl-12"/>
      </object_component>
      <object_component id="oc-8ab">
         <name>.text:TM_TaskRemove</name>
         <load_address>0x6ad4</load_address>
         <run_address>0x6ad4</run_address>
         <size>0x17c</size>
         <input_file_ref idref="fl-15"/>
      </object_component>
      <object_component id="oc-9c1">
         <name>.text:f_getfree</name>
         <load_address>0x6c50</load_address>
         <run_address>0x6c50</run_address>
         <size>0x162</size>
         <input_file_ref idref="fl-f"/>
      </object_component>
      <object_component id="oc-31">
         <name>.text:NmiSR</name>
         <load_address>0x6db2</load_address>
         <run_address>0x6db2</run_address>
         <size>0x2</size>
         <input_file_ref idref="fl-4"/>
      </object_component>
      <object_component id="oc-441">
         <name>.text:VS10xxPlay</name>
         <load_address>0x6db4</load_address>
         <run_address>0x6db4</run_address>
         <size>0x154</size>
         <input_file_ref idref="fl-d"/>
      </object_component>
      <object_component id="oc-6ec">
         <name>.text:dir_find</name>
         <load_address>0x6f08</load_address>
         <run_address>0x6f08</run_address>
         <size>0x154</size>
         <input_file_ref idref="fl-f"/>
      </object_component>
      <object_component id="oc-6ae">
         <name>.text:Cmd_SysParamSet</name>
         <load_address>0x705c</load_address>
         <run_address>0x705c</run_address>
         <size>0x151</size>
         <input_file_ref idref="fl-12"/>
      </object_component>
      <object_component id="oc-602">
         <name>.text</name>
         <load_address>0x71ae</load_address>
         <run_address>0x71ae</run_address>
         <size>0x2</size>
         <input_file_ref idref="fl-fe"/>
      </object_component>
      <object_component id="oc-216">
         <name>.text:AM_VolumeFade</name>
         <load_address>0x71b0</load_address>
         <run_address>0x71b0</run_address>
         <size>0x148</size>
         <input_file_ref idref="fl-11"/>
      </object_component>
      <object_component id="oc-801">
         <name>.text:FM_FileDelete</name>
         <load_address>0x72f8</load_address>
         <run_address>0x72f8</run_address>
         <size>0x144</size>
         <input_file_ref idref="fl-14"/>
      </object_component>
      <object_component id="oc-4aa">
         <name>.text:dir_read</name>
         <load_address>0x743c</load_address>
         <run_address>0x743c</run_address>
         <size>0x13e</size>
         <input_file_ref idref="fl-f"/>
      </object_component>
      <object_component id="oc-7b">
         <name>.text</name>
         <load_address>0x757a</load_address>
         <run_address>0x757a</run_address>
         <size>0x2</size>
         <input_file_ref idref="fl-ea"/>
      </object_component>
      <object_component id="oc-ba">
         <name>.text:FM_SDCheck</name>
         <load_address>0x757c</load_address>
         <run_address>0x757c</run_address>
         <size>0x13c</size>
         <input_file_ref idref="fl-14"/>
      </object_component>
      <object_component id="oc-818">
         <name>.text:ustrtoul</name>
         <load_address>0x76b8</load_address>
         <run_address>0x76b8</run_address>
         <size>0x138</size>
         <input_file_ref idref="fl-18"/>
      </object_component>
      <object_component id="oc-3fb">
         <name>.text</name>
         <load_address>0x77f0</load_address>
         <run_address>0x77f0</run_address>
         <size>0x136</size>
         <input_file_ref idref="fl-e2"/>
      </object_component>
      <object_component id="oc-314">
         <name>.text:GPIOPadConfigSet</name>
         <load_address>0x7926</load_address>
         <run_address>0x7926</run_address>
         <size>0x132</size>
         <input_file_ref idref="fl-1f"/>
      </object_component>
      <object_component id="oc-6f4">
         <name>.text:get_fat</name>
         <load_address>0x7a58</load_address>
         <run_address>0x7a58</run_address>
         <size>0x124</size>
         <input_file_ref idref="fl-f"/>
      </object_component>
      <object_component id="oc-989">
         <name>.text:gen_numname</name>
         <load_address>0x7b7c</load_address>
         <run_address>0x7b7c</run_address>
         <size>0x120</size>
         <input_file_ref idref="fl-f"/>
      </object_component>
      <object_component id="oc-618">
         <name>.text:Cmd_help</name>
         <load_address>0x7c9c</load_address>
         <run_address>0x7c9c</run_address>
         <size>0x118</size>
         <input_file_ref idref="fl-12"/>
      </object_component>
      <object_component id="oc-7fa">
         <name>.text:FM_cat</name>
         <load_address>0x7db4</load_address>
         <run_address>0x7db4</run_address>
         <size>0x114</size>
         <input_file_ref idref="fl-14"/>
      </object_component>
      <object_component id="oc-33f">
         <name>.text:SysCtlClockGet</name>
         <load_address>0x7ec8</load_address>
         <run_address>0x7ec8</run_address>
         <size>0x110</size>
         <input_file_ref idref="fl-23"/>
      </object_component>
      <object_component id="oc-9a7">
         <name>.text:sync_fs</name>
         <load_address>0x7fd8</load_address>
         <run_address>0x7fd8</run_address>
         <size>0x110</size>
         <input_file_ref idref="fl-f"/>
      </object_component>
      <object_component id="oc-9d3">
         <name>.text:f_unlink</name>
         <load_address>0x80e8</load_address>
         <run_address>0x80e8</run_address>
         <size>0x10c</size>
         <input_file_ref idref="fl-f"/>
      </object_component>
      <object_component id="oc-410">
         <name>.text:VS10xxVolumeSet</name>
         <load_address>0x81f4</load_address>
         <run_address>0x81f4</run_address>
         <size>0x108</size>
         <input_file_ref idref="fl-d"/>
      </object_component>
      <object_component id="oc-71e">
         <name>.text:create_chain</name>
         <load_address>0x82fc</load_address>
         <run_address>0x82fc</run_address>
         <size>0x104</size>
         <input_file_ref idref="fl-f"/>
      </object_component>
      <object_component id="oc-49a">
         <name>.text:dir_sdi</name>
         <load_address>0x8400</load_address>
         <run_address>0x8400</run_address>
         <size>0xfe</size>
         <input_file_ref idref="fl-f"/>
      </object_component>
      <object_component id="oc-7b8">
         <name>.text:f_sync</name>
         <load_address>0x84fe</load_address>
         <run_address>0x84fe</run_address>
         <size>0xfc</size>
         <input_file_ref idref="fl-f"/>
      </object_component>
      <object_component id="oc-400">
         <name>.text</name>
         <load_address>0x85fa</load_address>
         <run_address>0x85fa</run_address>
         <size>0xfc</size>
         <input_file_ref idref="fl-e3"/>
      </object_component>
      <object_component id="oc-10d">
         <name>.text</name>
         <load_address>0x86f6</load_address>
         <run_address>0x86f6</run_address>
         <size>0x2</size>
         <input_file_ref idref="fl-103"/>
      </object_component>
      <object_component id="oc-ab5">
         <name>.text</name>
         <load_address>0x86f8</load_address>
         <run_address>0x86f8</run_address>
         <size>0xfc</size>
         <input_file_ref idref="fl-102"/>
      </object_component>
      <object_component id="oc-812">
         <name>.text:getarg</name>
         <load_address>0x87f4</load_address>
         <run_address>0x87f4</run_address>
         <size>0xf6</size>
         <input_file_ref idref="fl-12"/>
      </object_component>
      <object_component id="oc-19e">
         <name>.text:SysCtlClockSet</name>
         <load_address>0x88ec</load_address>
         <run_address>0x88ec</run_address>
         <size>0xf4</size>
         <input_file_ref idref="fl-23"/>
      </object_component>
      <object_component id="oc-1e6">
         <name>.text:FM_ConfigLoad</name>
         <load_address>0x89e0</load_address>
         <run_address>0x89e0</run_address>
         <size>0xe8</size>
         <input_file_ref idref="fl-14"/>
      </object_component>
      <object_component id="oc-1c8">
         <name>.text:TM_Init</name>
         <load_address>0x8ac8</load_address>
         <run_address>0x8ac8</run_address>
         <size>0xe4</size>
         <input_file_ref idref="fl-15"/>
      </object_component>
      <object_component id="oc-7b1">
         <name>.text:disk_write</name>
         <load_address>0x8bac</load_address>
         <run_address>0x8bac</run_address>
         <size>0xe4</size>
         <input_file_ref idref="fl-10"/>
      </object_component>
      <object_component id="oc-574">
         <name>.text:DS3231RegisterReadBurst</name>
         <load_address>0x8c90</load_address>
         <run_address>0x8c90</run_address>
         <size>0xd8</size>
         <input_file_ref idref="fl-6"/>
      </object_component>
      <object_component id="oc-2fa">
         <name>.text:UARTStdioConfig</name>
         <load_address>0x8d68</load_address>
         <run_address>0x8d68</run_address>
         <size>0xd8</size>
         <input_file_ref idref="fl-17"/>
      </object_component>
      <object_component id="oc-717">
         <name>.text:ff_convert</name>
         <load_address>0x8e40</load_address>
         <run_address>0x8e40</run_address>
         <size>0xd8</size>
         <input_file_ref idref="fl-e"/>
      </object_component>
      <object_component id="oc-7c3">
         <name>.text:VS10xxStop</name>
         <load_address>0x8f18</load_address>
         <run_address>0x8f18</run_address>
         <size>0xd4</size>
         <input_file_ref idref="fl-d"/>
      </object_component>
      <object_component id="oc-3c9">
         <name>.text:AM_VolumeFadeInOutTickHandler</name>
         <load_address>0x8fec</load_address>
         <run_address>0x8fec</run_address>
         <size>0xd0</size>
         <input_file_ref idref="fl-11"/>
      </object_component>
      <object_component id="oc-351">
         <name>.text:VS10xxSciWrite</name>
         <load_address>0x90bc</load_address>
         <run_address>0x90bc</run_address>
         <size>0xd0</size>
         <input_file_ref idref="fl-d"/>
      </object_component>
      <object_component id="oc-995">
         <name>.text:fit_lfn</name>
         <load_address>0x918c</load_address>
         <run_address>0x918c</run_address>
         <size>0xcc</size>
         <input_file_ref idref="fl-f"/>
      </object_component>
      <object_component id="oc-672">
         <name>.text:Cmd_rly</name>
         <load_address>0x9258</load_address>
         <run_address>0x9258</run_address>
         <size>0xc5</size>
         <input_file_ref idref="fl-12"/>
      </object_component>
      <object_component id="oc-536">
         <name>.text:VS10xxBufferFeed</name>
         <load_address>0x9320</load_address>
         <run_address>0x9320</run_address>
         <size>0xc4</size>
         <input_file_ref idref="fl-d"/>
      </object_component>
      <object_component id="oc-23e">
         <name>.text:ActDisable</name>
         <load_address>0x93e4</load_address>
         <run_address>0x93e4</run_address>
         <size>0xc0</size>
         <input_file_ref idref="fl-5"/>
      </object_component>
      <object_component id="oc-238">
         <name>.text:ActEnbale</name>
         <load_address>0x94a4</load_address>
         <run_address>0x94a4</run_address>
         <size>0xc0</size>
         <input_file_ref idref="fl-5"/>
      </object_component>
      <object_component id="oc-3a2">
         <name>.text:HCSR501TimerIntHandler</name>
         <load_address>0x9564</load_address>
         <run_address>0x9564</run_address>
         <size>0xc0</size>
         <input_file_ref idref="fl-7"/>
      </object_component>
      <object_component id="oc-48e">
         <name>.text:follow_path</name>
         <load_address>0x9624</load_address>
         <run_address>0x9624</run_address>
         <size>0xc0</size>
         <input_file_ref idref="fl-f"/>
      </object_component>
      <object_component id="oc-d2">
         <name>.text:UARTwrite</name>
         <load_address>0x96e4</load_address>
         <run_address>0x96e4</run_address>
         <size>0xbc</size>
         <input_file_ref idref="fl-17"/>
      </object_component>
      <object_component id="oc-2b5">
         <name>.text:f_opendir</name>
         <load_address>0x97a0</load_address>
         <run_address>0x97a0</run_address>
         <size>0xbc</size>
         <input_file_ref idref="fl-f"/>
      </object_component>
      <object_component id="oc-902">
         <name>.text:power_on</name>
         <load_address>0x985c</load_address>
         <run_address>0x985c</run_address>
         <size>0xbc</size>
         <input_file_ref idref="fl-10"/>
      </object_component>
      <object_component id="oc-678">
         <name>.text:Cmd_disp</name>
         <load_address>0x9918</load_address>
         <run_address>0x9918</run_address>
         <size>0xb9</size>
         <input_file_ref idref="fl-12"/>
      </object_component>
      <object_component id="oc-232">
         <name>.text:AM_Play</name>
         <load_address>0x99d4</load_address>
         <run_address>0x99d4</run_address>
         <size>0xb8</size>
         <input_file_ref idref="fl-11"/>
      </object_component>
      <object_component id="oc-60a">
         <name>.text:FM_FileOpen</name>
         <load_address>0x9a8c</load_address>
         <run_address>0x9a8c</run_address>
         <size>0xb8</size>
         <input_file_ref idref="fl-14"/>
      </object_component>
      <object_component id="oc-950">
         <name>.text:cmp_lfn</name>
         <load_address>0x9b44</load_address>
         <run_address>0x9b44</run_address>
         <size>0xb8</size>
         <input_file_ref idref="fl-f"/>
      </object_component>
      <object_component id="oc-1e0">
         <name>.text:HCSR501Init</name>
         <load_address>0x9bfc</load_address>
         <run_address>0x9bfc</run_address>
         <size>0xb4</size>
         <input_file_ref idref="fl-7"/>
      </object_component>
      <object_component id="oc-6dc">
         <name>.text:disk_read</name>
         <load_address>0x9cb0</load_address>
         <run_address>0x9cb0</run_address>
         <size>0xb4</size>
         <input_file_ref idref="fl-10"/>
      </object_component>
      <object_component id="oc-250">
         <name>.text:CmdLineProcess</name>
         <load_address>0x9d64</load_address>
         <run_address>0x9d64</run_address>
         <size>0xac</size>
         <input_file_ref idref="fl-16"/>
      </object_component>
      <object_component id="oc-6d6">
         <name>.text:check_fs</name>
         <load_address>0x9e10</load_address>
         <run_address>0x9e10</run_address>
         <size>0xa8</size>
         <input_file_ref idref="fl-f"/>
      </object_component>
      <object_component id="oc-70a">
         <name>.text:pick_lfn</name>
         <load_address>0x9eb8</load_address>
         <run_address>0x9eb8</run_address>
         <size>0xa8</size>
         <input_file_ref idref="fl-f"/>
      </object_component>
      <object_component id="oc-b4">
         <name>.text:HCSR501OnMotion</name>
         <load_address>0x9f60</load_address>
         <run_address>0x9f60</run_address>
         <size>0xa4</size>
         <input_file_ref idref="fl-7"/>
      </object_component>
      <object_component id="oc-3e0">
         <name>.text:NHD0216K3ZPrintText</name>
         <load_address>0xa004</load_address>
         <run_address>0xa004</run_address>
         <size>0x9e</size>
         <input_file_ref idref="fl-b"/>
      </object_component>
      <object_component id="oc-914">
         <name>.text:send_cmd</name>
         <load_address>0xa0a2</load_address>
         <run_address>0xa0a2</run_address>
         <size>0x9e</size>
         <input_file_ref idref="fl-10"/>
      </object_component>
      <object_component id="oc-1fe">
         <name>.text:DM_UpdateDisplay</name>
         <load_address>0xa140</load_address>
         <run_address>0xa140</run_address>
         <size>0x9c</size>
         <input_file_ref idref="fl-13"/>
      </object_component>
      <object_component id="oc-1da">
         <name>.text:DS3231Init</name>
         <load_address>0xa1dc</load_address>
         <run_address>0xa1dc</run_address>
         <size>0x9c</size>
         <input_file_ref idref="fl-6"/>
      </object_component>
      <object_component id="oc-63">
         <name>.text</name>
         <load_address>0xa278</load_address>
         <run_address>0xa278</run_address>
         <size>0x9c</size>
         <input_file_ref idref="fl-e8"/>
      </object_component>
      <object_component id="oc-7a4">
         <name>.text:remove_chain</name>
         <load_address>0xa314</load_address>
         <run_address>0xa314</run_address>
         <size>0x9a</size>
         <input_file_ref idref="fl-f"/>
      </object_component>
      <object_component id="oc-3d0">
         <name>.text:NHD0216K3ZInit</name>
         <load_address>0xa3b0</load_address>
         <run_address>0xa3b0</run_address>
         <size>0x98</size>
         <input_file_ref idref="fl-b"/>
      </object_component>
      <object_component id="oc-38f">
         <name>.text:DS3231IntHandler</name>
         <load_address>0xa448</load_address>
         <run_address>0xa448</run_address>
         <size>0x94</size>
         <input_file_ref idref="fl-6"/>
      </object_component>
      <object_component id="oc-c6">
         <name>.text:UARTPrimeTransmit</name>
         <load_address>0xa4dc</load_address>
         <run_address>0xa4dc</run_address>
         <size>0x94</size>
         <input_file_ref idref="fl-17"/>
      </object_component>
      <object_component id="oc-2bb">
         <name>.text:f_readdir</name>
         <load_address>0xa570</load_address>
         <run_address>0xa570</run_address>
         <size>0x94</size>
         <input_file_ref idref="fl-f"/>
      </object_component>
      <object_component id="oc-86b">
         <name>.text</name>
         <load_address>0xa604</load_address>
         <run_address>0xa604</run_address>
         <size>0x94</size>
         <input_file_ref idref="fl-ec"/>
      </object_component>
      <object_component id="oc-a83">
         <name>.text:dir_remove</name>
         <load_address>0xa698</load_address>
         <run_address>0xa698</run_address>
         <size>0x8c</size>
         <input_file_ref idref="fl-f"/>
      </object_component>
      <object_component id="oc-24a">
         <name>.text:UARTgets</name>
         <load_address>0xa724</load_address>
         <run_address>0xa724</run_address>
         <size>0x88</size>
         <input_file_ref idref="fl-17"/>
      </object_component>
      <object_component id="oc-357">
         <name>.text:VS10xxSciRead</name>
         <load_address>0xa7ac</load_address>
         <run_address>0xa7ac</run_address>
         <size>0x88</size>
         <input_file_ref idref="fl-d"/>
      </object_component>
      <object_component id="oc-a9a">
         <name>.text:__aeabi_cdcmple</name>
         <load_address>0xa834</load_address>
         <run_address>0xa834</run_address>
         <size>0x86</size>
         <input_file_ref idref="fl-fc"/>
      </object_component>
      <object_component id="oc-a9f">
         <name>.text:__aeabi_cdrcmple</name>
         <load_address>0xa8ba</load_address>
         <run_address>0xa8ba</run_address>
         <size>0x86</size>
         <input_file_ref idref="fl-fc"/>
      </object_component>
      <object_component id="oc-204">
         <name>.text:TM_TaskSearch</name>
         <load_address>0xa940</load_address>
         <run_address>0xa940</run_address>
         <size>0x84</size>
         <input_file_ref idref="fl-15"/>
      </object_component>
      <object_component id="oc-a8b">
         <name>.text:DS3231RegisterReadSingle</name>
         <load_address>0xa9c4</load_address>
         <run_address>0xa9c4</run_address>
         <size>0x80</size>
         <input_file_ref idref="fl-6"/>
      </object_component>
      <object_component id="oc-751">
         <name>.text:VS10xxSdiWrite</name>
         <load_address>0xaa44</load_address>
         <run_address>0xaa44</run_address>
         <size>0x80</size>
         <input_file_ref idref="fl-d"/>
      </object_component>
      <object_component id="oc-724">
         <name>.text:sync_window</name>
         <load_address>0xaac4</load_address>
         <run_address>0xaac4</run_address>
         <size>0x7e</size>
         <input_file_ref idref="fl-f"/>
      </object_component>
      <object_component id="oc-6f">
         <name>.text</name>
         <load_address>0xab42</load_address>
         <run_address>0xab42</run_address>
         <size>0x7a</size>
         <input_file_ref idref="fl-e9"/>
      </object_component>
      <object_component id="oc-9a0">
         <name>.text:xmit_datablock</name>
         <load_address>0xabbc</load_address>
         <run_address>0xabbc</run_address>
         <size>0x7a</size>
         <input_file_ref idref="fl-10"/>
      </object_component>
      <object_component id="oc-53c">
         <name>.text:LEDToggle</name>
         <load_address>0xac38</load_address>
         <run_address>0xac38</run_address>
         <size>0x78</size>
         <input_file_ref idref="fl-a"/>
      </object_component>
      <object_component id="oc-98f">
         <name>.text:dir_alloc</name>
         <load_address>0xacb0</load_address>
         <run_address>0xacb0</run_address>
         <size>0x78</size>
         <input_file_ref idref="fl-f"/>
      </object_component>
      <object_component id="oc-908">
         <name>.text:send_initial_clock_train</name>
         <load_address>0xad28</load_address>
         <run_address>0xad28</run_address>
         <size>0x78</size>
         <input_file_ref idref="fl-10"/>
      </object_component>
      <object_component id="oc-1b0">
         <name>.text:ConfigureUART</name>
         <load_address>0xada0</load_address>
         <run_address>0xada0</run_address>
         <size>0x74</size>
         <input_file_ref idref="fl-3"/>
      </object_component>
      <object_component id="oc-389">
         <name>.text:DS3231RegisterWriteSingle</name>
         <load_address>0xae14</load_address>
         <run_address>0xae14</run_address>
         <size>0x74</size>
         <input_file_ref idref="fl-6"/>
      </object_component>
      <object_component id="oc-87">
         <name>.text</name>
         <load_address>0xae88</load_address>
         <run_address>0xae88</run_address>
         <size>0x70</size>
         <input_file_ref idref="fl-f9"/>
      </object_component>
      <object_component id="oc-a00">
         <name>.text</name>
         <load_address>0xaef8</load_address>
         <run_address>0xaef8</run_address>
         <size>0x6e</size>
         <input_file_ref idref="fl-e4"/>
      </object_component>
      <object_component id="oc-860">
         <name>.text:DS3231TemperatureGet</name>
         <load_address>0xaf68</load_address>
         <run_address>0xaf68</run_address>
         <size>0x6c</size>
         <input_file_ref idref="fl-6"/>
      </object_component>
      <object_component id="oc-1bc">
         <name>.text:FM_Init</name>
         <load_address>0xafd4</load_address>
         <run_address>0xafd4</run_address>
         <size>0x68</size>
         <input_file_ref idref="fl-14"/>
      </object_component>
      <object_component id="oc-1aa">
         <name>.text:IntEnable</name>
         <load_address>0xb03c</load_address>
         <run_address>0xb03c</run_address>
         <size>0x68</size>
         <input_file_ref idref="fl-21"/>
      </object_component>
      <object_component id="oc-244">
         <name>.text:UARTPeek</name>
         <load_address>0xb0a4</load_address>
         <run_address>0xb0a4</run_address>
         <size>0x68</size>
         <input_file_ref idref="fl-17"/>
      </object_component>
      <object_component id="oc-80a">
         <name>.text:VS10xxPause</name>
         <load_address>0xb10c</load_address>
         <run_address>0xb10c</run_address>
         <size>0x68</size>
         <input_file_ref idref="fl-d"/>
      </object_component>
      <object_component id="oc-12">
         <name>.text:decompress:lzss</name>
         <load_address>0xb174</load_address>
         <run_address>0xb174</run_address>
         <size>0x68</size>
         <input_file_ref idref="fl-dd"/>
      </object_component>
      <object_component id="oc-926">
         <name>.text:set_max_speed</name>
         <load_address>0xb1dc</load_address>
         <run_address>0xb1dc</run_address>
         <size>0x68</size>
         <input_file_ref idref="fl-10"/>
      </object_component>
      <object_component id="oc-aaf">
         <name>.text</name>
         <load_address>0xb244</load_address>
         <run_address>0xb244</run_address>
         <size>0x64</size>
         <input_file_ref idref="fl-101"/>
      </object_component>
      <object_component id="oc-93a">
         <name>.text:send_cmd12</name>
         <load_address>0xb2a8</load_address>
         <run_address>0xb2a8</run_address>
         <size>0x64</size>
         <input_file_ref idref="fl-10"/>
      </object_component>
      <object_component id="oc-369">
         <name>.text:TimerConfigure</name>
         <load_address>0xb30c</load_address>
         <run_address>0xb30c</run_address>
         <size>0x60</size>
         <input_file_ref idref="fl-24"/>
      </object_component>
      <object_component id="oc-43b">
         <name>.text:VS10xxFilePathSet</name>
         <load_address>0xb36c</load_address>
         <run_address>0xb36c</run_address>
         <size>0x60</size>
         <input_file_ref idref="fl-d"/>
      </object_component>
      <object_component id="oc-20a">
         <name>.text:HCSR501Disable</name>
         <load_address>0xb3cc</load_address>
         <run_address>0xb3cc</run_address>
         <size>0x5c</size>
         <input_file_ref idref="fl-7"/>
      </object_component>
      <object_component id="oc-158">
         <name>.text:StringFromFResult</name>
         <load_address>0xb428</load_address>
         <run_address>0xb428</run_address>
         <size>0x5c</size>
         <input_file_ref idref="fl-14"/>
      </object_component>
      <object_component id="oc-934">
         <name>.text:rcvr_datablock</name>
         <load_address>0xb484</load_address>
         <run_address>0xb484</run_address>
         <size>0x5c</size>
         <input_file_ref idref="fl-10"/>
      </object_component>
      <object_component id="oc-225">
         <name>.text:HCSR501Enable</name>
         <load_address>0xb4e0</load_address>
         <run_address>0xb4e0</run_address>
         <size>0x58</size>
         <input_file_ref idref="fl-7"/>
      </object_component>
      <object_component id="oc-a20">
         <name>.text:f_stat</name>
         <load_address>0xb538</load_address>
         <run_address>0xb538</run_address>
         <size>0x58</size>
         <input_file_ref idref="fl-f"/>
      </object_component>
      <object_component id="oc-781">
         <name>.text:ustrncpy</name>
         <load_address>0xb590</load_address>
         <run_address>0xb590</run_address>
         <size>0x58</size>
         <input_file_ref idref="fl-18"/>
      </object_component>
      <object_component id="oc-31a">
         <name>.text:GPIOIntTypeSet</name>
         <load_address>0xb5e8</load_address>
         <run_address>0xb5e8</run_address>
         <size>0x56</size>
         <input_file_ref idref="fl-1f"/>
      </object_component>
      <object_component id="oc-22c">
         <name>.text:ConvertSecondsInHhMmSs</name>
         <load_address>0xb640</load_address>
         <run_address>0xb640</run_address>
         <size>0x54</size>
         <input_file_ref idref="fl-3"/>
      </object_component>
      <object_component id="oc-949">
         <name>.text:ff_wtoupper</name>
         <load_address>0xb694</load_address>
         <run_address>0xb694</run_address>
         <size>0x54</size>
         <input_file_ref idref="fl-e"/>
      </object_component>
      <object_component id="oc-24">
         <name>.text</name>
         <load_address>0xb6e8</load_address>
         <run_address>0xb6e8</run_address>
         <size>0x54</size>
         <input_file_ref idref="fl-dc"/>
      </object_component>
      <object_component id="oc-93">
         <name>.text</name>
         <load_address>0xb73c</load_address>
         <run_address>0xb73c</run_address>
         <size>0x54</size>
         <input_file_ref idref="fl-e0"/>
      </object_component>
      <object_component id="oc-aa9">
         <name>.text</name>
         <load_address>0xb790</load_address>
         <run_address>0xb790</run_address>
         <size>0x54</size>
         <input_file_ref idref="fl-ff"/>
      </object_component>
      <object_component id="oc-1ec">
         <name>.text:AM_Init</name>
         <load_address>0xb7e4</load_address>
         <run_address>0xb7e4</run_address>
         <size>0x50</size>
         <input_file_ref idref="fl-11"/>
      </object_component>
      <object_component id="oc-383">
         <name>.text:I2CMasterInitExpClk</name>
         <load_address>0xb834</load_address>
         <run_address>0xb834</run_address>
         <size>0x4c</size>
         <input_file_ref idref="fl-20"/>
      </object_component>
      <object_component id="oc-1ce">
         <name>.text:TimerInit</name>
         <load_address>0xb880</load_address>
         <run_address>0xb880</run_address>
         <size>0x4c</size>
         <input_file_ref idref="fl-c"/>
      </object_component>
      <object_component id="oc-4dd">
         <name>.text:UARTFlushTx</name>
         <load_address>0xb8cc</load_address>
         <run_address>0xb8cc</run_address>
         <size>0x4c</size>
         <input_file_ref idref="fl-17"/>
      </object_component>
      <object_component id="oc-770">
         <name>.text:_TimerIntNumberGet</name>
         <load_address>0xb918</load_address>
         <run_address>0xb918</run_address>
         <size>0x4c</size>
         <input_file_ref idref="fl-24"/>
      </object_component>
      <object_component id="oc-a1">
         <name>.text:disk_timerproc</name>
         <load_address>0xb964</load_address>
         <run_address>0xb964</run_address>
         <size>0x4c</size>
         <input_file_ref idref="fl-10"/>
      </object_component>
      <object_component id="oc-29e">
         <name>.text:f_mount</name>
         <load_address>0xb9b0</load_address>
         <run_address>0xb9b0</run_address>
         <size>0x4c</size>
         <input_file_ref idref="fl-f"/>
      </object_component>
      <object_component id="oc-ac1">
         <name>.text</name>
         <load_address>0xb9fc</load_address>
         <run_address>0xb9fc</run_address>
         <size>0x4c</size>
         <input_file_ref idref="fl-f8"/>
      </object_component>
      <object_component id="oc-107">
         <name>.text</name>
         <load_address>0xba48</load_address>
         <run_address>0xba48</run_address>
         <size>0x4c</size>
         <input_file_ref idref="fl-fa"/>
      </object_component>
      <object_component id="oc-327">
         <name>.text:GPIOPinConfigure</name>
         <load_address>0xba94</load_address>
         <run_address>0xba94</run_address>
         <size>0x48</size>
         <input_file_ref idref="fl-1f"/>
      </object_component>
      <object_component id="oc-16a">
         <name>.text:LEDDisable</name>
         <load_address>0xbadc</load_address>
         <run_address>0xbadc</run_address>
         <size>0x48</size>
         <input_file_ref idref="fl-a"/>
      </object_component>
      <object_component id="oc-15e">
         <name>.text:LEDEnable</name>
         <load_address>0xbb24</load_address>
         <run_address>0xbb24</run_address>
         <size>0x48</size>
         <input_file_ref idref="fl-a"/>
      </object_component>
      <object_component id="oc-aa4">
         <name>.text</name>
         <load_address>0xbb6c</load_address>
         <run_address>0xbb6c</run_address>
         <size>0x48</size>
         <input_file_ref idref="fl-fd"/>
      </object_component>
      <object_component id="oc-5d5">
         <name>.text:UARTConfigSetExpClk</name>
         <load_address>0xbbb4</load_address>
         <run_address>0xbbb4</run_address>
         <size>0x46</size>
         <input_file_ref idref="fl-25"/>
      </object_component>
      <object_component id="oc-1b6">
         <name>.text:LEDInit</name>
         <load_address>0xbbfc</load_address>
         <run_address>0xbbfc</run_address>
         <size>0x44</size>
         <input_file_ref idref="fl-a"/>
      </object_component>
      <object_component id="oc-4fb">
         <name>.text:_GPIOIntNumberGet</name>
         <load_address>0xbc40</load_address>
         <run_address>0xbc40</run_address>
         <size>0x44</size>
         <input_file_ref idref="fl-1f"/>
      </object_component>
      <object_component id="oc-405">
         <name>.text</name>
         <load_address>0xbc84</load_address>
         <run_address>0xbc84</run_address>
         <size>0x44</size>
         <input_file_ref idref="fl-e5"/>
      </object_component>
      <object_component id="oc-65a">
         <name>.text:Cmd_AudioSetVolume</name>
         <load_address>0xbcc8</load_address>
         <run_address>0xbcc8</run_address>
         <size>0x43</size>
         <input_file_ref idref="fl-12"/>
      </object_component>
      <object_component id="oc-9e4">
         <name>.text:DS3231RegisterSetSingle</name>
         <load_address>0xbd0c</load_address>
         <run_address>0xbd0c</run_address>
         <size>0x42</size>
         <input_file_ref idref="fl-6"/>
      </object_component>
      <object_component id="oc-85a">
         <name>.text:Dec2Bin</name>
         <load_address>0xbd4e</load_address>
         <run_address>0xbd4e</run_address>
         <size>0x42</size>
         <input_file_ref idref="fl-12"/>
      </object_component>
      <object_component id="oc-4a4">
         <name>.text:validate</name>
         <load_address>0xbd90</load_address>
         <run_address>0xbd90</run_address>
         <size>0x42</size>
         <input_file_ref idref="fl-f"/>
      </object_component>
      <object_component id="oc-436">
         <name>.text</name>
         <load_address>0xbdd2</load_address>
         <run_address>0xbdd2</run_address>
         <size>0x40</size>
         <input_file_ref idref="fl-f3"/>
      </object_component>
      <object_component id="oc-d8">
         <name>.text:IsBufferFull</name>
         <load_address>0xbe12</load_address>
         <run_address>0xbe12</run_address>
         <size>0x3c</size>
         <input_file_ref idref="fl-17"/>
      </object_component>
      <object_component id="oc-1f8">
         <name>.text:NHD0216K3ZSendCommand</name>
         <load_address>0xbe4e</load_address>
         <run_address>0xbe4e</run_address>
         <size>0x3c</size>
         <input_file_ref idref="fl-b"/>
      </object_component>
      <object_component id="oc-345">
         <name>.text:SSIConfigSetExpClk</name>
         <load_address>0xbe8a</load_address>
         <run_address>0xbe8a</run_address>
         <size>0x3c</size>
         <input_file_ref idref="fl-22"/>
      </object_component>
      <object_component id="oc-494">
         <name>.text:ld_clust</name>
         <load_address>0xbec6</load_address>
         <run_address>0xbec6</run_address>
         <size>0x3c</size>
         <input_file_ref idref="fl-f"/>
      </object_component>
      <object_component id="oc-704">
         <name>.text:move_window</name>
         <load_address>0xbf02</load_address>
         <run_address>0xbf02</run_address>
         <size>0x3c</size>
         <input_file_ref idref="fl-f"/>
      </object_component>
      <object_component id="oc-710">
         <name>.text:sum_sfn</name>
         <load_address>0xbf3e</load_address>
         <run_address>0xbf3e</run_address>
         <size>0x3c</size>
         <input_file_ref idref="fl-f"/>
      </object_component>
      <object_component id="oc-956">
         <name>.text:mem_cmp</name>
         <load_address>0xbf7a</load_address>
         <run_address>0xbf7a</run_address>
         <size>0x3a</size>
         <input_file_ref idref="fl-f"/>
      </object_component>
      <object_component id="oc-7ab">
         <name>.text:mem_cpy</name>
         <load_address>0xbfb4</load_address>
         <run_address>0xbfb4</run_address>
         <size>0x3a</size>
         <input_file_ref idref="fl-f"/>
      </object_component>
      <object_component id="oc-9f5">
         <name>.text:DS3231RegBitSet</name>
         <load_address>0xbfee</load_address>
         <run_address>0xbfee</run_address>
         <size>0x38</size>
         <input_file_ref idref="fl-6"/>
      </object_component>
      <object_component id="oc-866">
         <name>.text</name>
         <load_address>0xc026</load_address>
         <run_address>0xc026</run_address>
         <size>0x38</size>
         <input_file_ref idref="fl-e6"/>
      </object_component>
      <object_component id="oc-9c8">
         <name>.text</name>
         <load_address>0xc05e</load_address>
         <run_address>0xc05e</run_address>
         <size>0x36</size>
         <input_file_ref idref="fl-f2"/>
      </object_component>
      <object_component id="oc-81e">
         <name>.text:VS10xxVolumeMute</name>
         <load_address>0xc094</load_address>
         <run_address>0xc094</run_address>
         <size>0x35</size>
         <input_file_ref idref="fl-d"/>
      </object_component>
      <object_component id="oc-44a">
         <name>.text:GetBufferCount</name>
         <load_address>0xc0ca</load_address>
         <run_address>0xc0ca</run_address>
         <size>0x34</size>
         <input_file_ref idref="fl-17"/>
      </object_component>
      <object_component id="oc-501">
         <name>.text:IntRegister</name>
         <load_address>0xc100</load_address>
         <run_address>0xc100</run_address>
         <size>0x34</size>
         <input_file_ref idref="fl-21"/>
      </object_component>
      <object_component id="oc-301">
         <name>.text:SysCtlPeripheralEnable</name>
         <load_address>0xc134</load_address>
         <run_address>0xc134</run_address>
         <size>0x34</size>
         <input_file_ref idref="fl-23"/>
      </object_component>
      <object_component id="oc-4d7">
         <name>.text:UARTFlushRx</name>
         <load_address>0xc168</load_address>
         <run_address>0xc168</run_address>
         <size>0x34</size>
         <input_file_ref idref="fl-17"/>
      </object_component>
      <object_component id="oc-57a">
         <name>.text:Bcd2Dec</name>
         <load_address>0xc19c</load_address>
         <run_address>0xc19c</run_address>
         <size>0x32</size>
         <input_file_ref idref="fl-6"/>
      </object_component>
      <object_component id="oc-72a">
         <name>.text:mem_set</name>
         <load_address>0xc1ce</load_address>
         <run_address>0xc1ce</run_address>
         <size>0x32</size>
         <input_file_ref idref="fl-f"/>
      </object_component>
      <object_component id="oc-3a9">
         <name>.text:usprintf</name>
         <load_address>0xc200</load_address>
         <run_address>0xc200</run_address>
         <size>0x32</size>
         <input_file_ref idref="fl-18"/>
      </object_component>
      <object_component id="oc-49">
         <name>.text:PortDIntHandler</name>
         <load_address>0xc234</load_address>
         <run_address>0xc234</run_address>
         <size>0x30</size>
         <input_file_ref idref="fl-3"/>
      </object_component>
      <object_component id="oc-6fa">
         <name>.text:clust2sect</name>
         <load_address>0xc264</load_address>
         <run_address>0xc264</run_address>
         <size>0x30</size>
         <input_file_ref idref="fl-f"/>
      </object_component>
      <object_component id="oc-79e">
         <name>.text:st_clust</name>
         <load_address>0xc294</load_address>
         <run_address>0xc294</run_address>
         <size>0x30</size>
         <input_file_ref idref="fl-f"/>
      </object_component>
      <object_component id="oc-a45">
         <name>.text:wait_ready</name>
         <load_address>0xc2c4</load_address>
         <run_address>0xc2c4</run_address>
         <size>0x30</size>
         <input_file_ref idref="fl-10"/>
      </object_component>
      <object_component id="oc-a4b">
         <name>.text:xmit_spi</name>
         <load_address>0xc2f4</load_address>
         <run_address>0xc2f4</run_address>
         <size>0x30</size>
         <input_file_ref idref="fl-10"/>
      </object_component>
      <object_component id="oc-9fb">
         <name>.text</name>
         <load_address>0xc324</load_address>
         <run_address>0xc324</run_address>
         <size>0x2e</size>
         <input_file_ref idref="fl-e7"/>
      </object_component>
      <object_component id="oc-cc">
         <name>.text:IsBufferEmpty</name>
         <load_address>0xc352</load_address>
         <run_address>0xc352</run_address>
         <size>0x2c</size>
         <input_file_ref idref="fl-17"/>
      </object_component>
      <object_component id="oc-3d7">
         <name>.text:NHD0216K3ZSendData</name>
         <load_address>0xc380</load_address>
         <run_address>0xc380</run_address>
         <size>0x2c</size>
         <input_file_ref idref="fl-b"/>
      </object_component>
      <object_component id="oc-91a">
         <name>.text:rcvr_spi</name>
         <load_address>0xc3ac</load_address>
         <run_address>0xc3ac</run_address>
         <size>0x2c</size>
         <input_file_ref idref="fl-10"/>
      </object_component>
      <object_component id="oc-4eb">
         <name>.text:GPIODirModeSet</name>
         <load_address>0xc3d8</load_address>
         <run_address>0xc3d8</run_address>
         <size>0x2a</size>
         <input_file_ref idref="fl-1f"/>
      </object_component>
      <object_component id="oc-8e5">
         <name>.text:SYS_DefaultActiveTineSet</name>
         <load_address>0xc404</load_address>
         <run_address>0xc404</run_address>
         <size>0x28</size>
         <input_file_ref idref="fl-2"/>
      </object_component>
      <object_component id="oc-943">
         <name>.text:chk_chr</name>
         <load_address>0xc42c</load_address>
         <run_address>0xc42c</run_address>
         <size>0x28</size>
         <input_file_ref idref="fl-f"/>
      </object_component>
      <object_component id="oc-9de">
         <name>.text:Dec2Bcd</name>
         <load_address>0xc454</load_address>
         <run_address>0xc454</run_address>
         <size>0x26</size>
         <input_file_ref idref="fl-6"/>
      </object_component>
      <object_component id="oc-1d4">
         <name>.text:ActInit</name>
         <load_address>0xc47c</load_address>
         <run_address>0xc47c</run_address>
         <size>0x24</size>
         <input_file_ref idref="fl-5"/>
      </object_component>
      <object_component id="oc-660">
         <name>.text:Cmd_fadein</name>
         <load_address>0xc4a0</load_address>
         <run_address>0xc4a0</run_address>
         <size>0x24</size>
         <input_file_ref idref="fl-12"/>
      </object_component>
      <object_component id="oc-666">
         <name>.text:Cmd_fadeout</name>
         <load_address>0xc4c4</load_address>
         <run_address>0xc4c4</run_address>
         <size>0x24</size>
         <input_file_ref idref="fl-12"/>
      </object_component>
      <object_component id="oc-1f2">
         <name>.text:DM_Init</name>
         <load_address>0xc4e8</load_address>
         <run_address>0xc4e8</run_address>
         <size>0x24</size>
         <input_file_ref idref="fl-13"/>
      </object_component>
      <object_component id="oc-3bd">
         <name>.text:Timer0AIntConnecte</name>
         <load_address>0xc50c</load_address>
         <run_address>0xc50c</run_address>
         <size>0x24</size>
         <input_file_ref idref="fl-c"/>
      </object_component>
      <object_component id="oc-39c">
         <name>.text:Timer1AIntConnecte</name>
         <load_address>0xc530</load_address>
         <run_address>0xc530</run_address>
         <size>0x24</size>
         <input_file_ref idref="fl-c"/>
      </object_component>
      <object_component id="oc-13a">
         <name>.text:UARTprintf</name>
         <load_address>0xc554</load_address>
         <run_address>0xc554</run_address>
         <size>0x24</size>
         <input_file_ref idref="fl-17"/>
      </object_component>
      <object_component id="oc-882">
         <name>.text:NHD0216K3ZSetBrightness</name>
         <load_address>0xc578</load_address>
         <run_address>0xc578</run_address>
         <size>0x22</size>
         <input_file_ref idref="fl-b"/>
      </object_component>
      <object_component id="oc-87c">
         <name>.text:NHD0216K3ZSetContrast</name>
         <load_address>0xc59a</load_address>
         <run_address>0xc59a</run_address>
         <size>0x22</size>
         <input_file_ref idref="fl-b"/>
      </object_component>
      <object_component id="oc-5c8">
         <name>.text:AM_Stop</name>
         <load_address>0xc5bc</load_address>
         <run_address>0xc5bc</run_address>
         <size>0x20</size>
         <input_file_ref idref="fl-11"/>
      </object_component>
      <object_component id="oc-696">
         <name>.text:Cmd_TaskRemove</name>
         <load_address>0xc5dc</load_address>
         <run_address>0xc5dc</run_address>
         <size>0x20</size>
         <input_file_ref idref="fl-12"/>
      </object_component>
      <object_component id="oc-82d">
         <name>.text:DS3231DateSet</name>
         <load_address>0xc5fc</load_address>
         <run_address>0xc5fc</run_address>
         <size>0x20</size>
         <input_file_ref idref="fl-6"/>
      </object_component>
      <object_component id="oc-827">
         <name>.text:DS3231DaySet</name>
         <load_address>0xc61c</load_address>
         <run_address>0xc61c</run_address>
         <size>0x20</size>
         <input_file_ref idref="fl-6"/>
      </object_component>
      <object_component id="oc-842">
         <name>.text:DS3231HourSet</name>
         <load_address>0xc63c</load_address>
         <run_address>0xc63c</run_address>
         <size>0x20</size>
         <input_file_ref idref="fl-6"/>
      </object_component>
      <object_component id="oc-848">
         <name>.text:DS3231MinuteSet</name>
         <load_address>0xc65c</load_address>
         <run_address>0xc65c</run_address>
         <size>0x20</size>
         <input_file_ref idref="fl-6"/>
      </object_component>
      <object_component id="oc-833">
         <name>.text:DS3231MonthSet</name>
         <load_address>0xc67c</load_address>
         <run_address>0xc67c</run_address>
         <size>0x20</size>
         <input_file_ref idref="fl-6"/>
      </object_component>
      <object_component id="oc-84e">
         <name>.text:DS3231SecondSet</name>
         <load_address>0xc69c</load_address>
         <run_address>0xc69c</run_address>
         <size>0x20</size>
         <input_file_ref idref="fl-6"/>
      </object_component>
      <object_component id="oc-83c">
         <name>.text:DS3231YearSet</name>
         <load_address>0xc6bc</load_address>
         <run_address>0xc6bc</run_address>
         <size>0x20</size>
         <input_file_ref idref="fl-6"/>
      </object_component>
      <object_component id="oc-8d3">
         <name>.text:SYS_AutosaveSet</name>
         <load_address>0xc6dc</load_address>
         <run_address>0xc6dc</run_address>
         <size>0x20</size>
         <input_file_ref idref="fl-2"/>
      </object_component>
      <object_component id="oc-7cb">
         <name>.text:UARTDisable</name>
         <load_address>0xc6fc</load_address>
         <run_address>0xc6fc</run_address>
         <size>0x20</size>
         <input_file_ref idref="fl-25"/>
      </object_component>
      <object_component id="oc-6ca">
         <name>.text:disk_status</name>
         <load_address>0xc71c</load_address>
         <run_address>0xc71c</run_address>
         <size>0x20</size>
         <input_file_ref idref="fl-10"/>
      </object_component>
      <object_component id="oc-5ae">
         <name>.text:f_close</name>
         <load_address>0xc73c</load_address>
         <run_address>0xc73c</run_address>
         <size>0x20</size>
         <input_file_ref idref="fl-f"/>
      </object_component>
      <object_component id="oc-3f6">
         <name>.text</name>
         <load_address>0xc75c</load_address>
         <run_address>0xc75c</run_address>
         <size>0x20</size>
         <input_file_ref idref="fl-f4"/>
      </object_component>
      <object_component id="oc-854">
         <name>.text:DS3231AllRegisterGet</name>
         <load_address>0xc77c</load_address>
         <run_address>0xc77c</run_address>
         <size>0x1e</size>
         <input_file_ref idref="fl-6"/>
      </object_component>
      <object_component id="oc-7df">
         <name>.text</name>
         <load_address>0xc79a</load_address>
         <run_address>0xc79a</run_address>
         <size>0x1e</size>
         <input_file_ref idref="fl-ee"/>
      </object_component>
      <object_component id="oc-3b7">
         <name>.text:AM_VolumeSet</name>
         <load_address>0xc7b8</load_address>
         <run_address>0xc7b8</run_address>
         <size>0x1c</size>
         <input_file_ref idref="fl-11"/>
      </object_component>
      <object_component id="oc-630">
         <name>.text:Cmd_pwd</name>
         <load_address>0xc7d4</load_address>
         <run_address>0xc7d4</run_address>
         <size>0x1c</size>
         <input_file_ref idref="fl-12"/>
      </object_component>
      <object_component id="oc-920">
         <name>.text:DESELECT</name>
         <load_address>0xc7f0</load_address>
         <run_address>0xc7f0</run_address>
         <size>0x1c</size>
         <input_file_ref idref="fl-10"/>
      </object_component>
      <object_component id="oc-90e">
         <name>.text:SELECT</name>
         <load_address>0xc80c</load_address>
         <run_address>0xc80c</run_address>
         <size>0x1c</size>
         <input_file_ref idref="fl-10"/>
      </object_component>
      <object_component id="oc-361">
         <name>.text:VS1003IntHandler</name>
         <load_address>0xc828</load_address>
         <run_address>0xc828</run_address>
         <size>0x1c</size>
         <input_file_ref idref="fl-d"/>
      </object_component>
      <object_component id="oc-ac7">
         <name>.text</name>
         <load_address>0xc844</load_address>
         <run_address>0xc844</run_address>
         <size>0x1c</size>
         <input_file_ref idref="fl-100"/>
      </object_component>
      <object_component id="oc-61e">
         <name>.text:Cmd_cls</name>
         <load_address>0xc860</load_address>
         <run_address>0xc860</run_address>
         <size>0x1b</size>
         <input_file_ref idref="fl-12"/>
      </object_component>
      <object_component id="oc-333">
         <name>.text:GPIOIntRegister</name>
         <load_address>0xc87c</load_address>
         <run_address>0xc87c</run_address>
         <size>0x18</size>
         <input_file_ref idref="fl-1f"/>
      </object_component>
      <object_component id="oc-307">
         <name>.text:GPIOPinTypeGPIOOutput</name>
         <load_address>0xc894</load_address>
         <run_address>0xc894</run_address>
         <size>0x18</size>
         <input_file_ref idref="fl-1f"/>
      </object_component>
      <object_component id="oc-8cd">
         <name>.text:SYS_DefaulFadeTime</name>
         <load_address>0xc8ac</load_address>
         <run_address>0xc8ac</run_address>
         <size>0x18</size>
         <input_file_ref idref="fl-2"/>
      </object_component>
      <object_component id="oc-8df">
         <name>.text:SYS_DefaultDispBrightnessSet</name>
         <load_address>0xc8c4</load_address>
         <run_address>0xc8c4</run_address>
         <size>0x18</size>
         <input_file_ref idref="fl-2"/>
      </object_component>
      <object_component id="oc-8d9">
         <name>.text:SYS_DefaultDispContrastSet</name>
         <load_address>0xc8dc</load_address>
         <run_address>0xc8dc</run_address>
         <size>0x18</size>
         <input_file_ref idref="fl-2"/>
      </object_component>
      <object_component id="oc-8eb">
         <name>.text:SYS_DefaultMotionDelay</name>
         <load_address>0xc8f4</load_address>
         <run_address>0xc8f4</run_address>
         <size>0x18</size>
         <input_file_ref idref="fl-2"/>
      </object_component>
      <object_component id="oc-8c7">
         <name>.text:SYS_DefaultVolumeSet</name>
         <load_address>0xc90c</load_address>
         <run_address>0xc90c</run_address>
         <size>0x18</size>
         <input_file_ref idref="fl-2"/>
      </object_component>
      <object_component id="oc-8c1">
         <name>.text:SYS_ModusSet</name>
         <load_address>0xc924</load_address>
         <run_address>0xc924</run_address>
         <size>0x18</size>
         <input_file_ref idref="fl-2"/>
      </object_component>
      <object_component id="oc-290">
[...]
         <value>0xcadb</value>
         <object_component_ref idref="oc-37d"/>
      </symbol>
      <symbol id="sm-133a">
         <name>GPIOIntDisable</name>
         <value>0xcc39</value>
         <object_component_ref idref="oc-396"/>
      </symbol>
      <symbol id="sm-133b">
         <name>GPIOIntEnable</name>
         <value>0xcccd</value>
         <object_component_ref idref="oc-320"/>
      </symbol>
      <symbol id="sm-133c">
         <name>GPIOPinTypeI2C</name>
         <value>0xcac9</value>
         <object_component_ref idref="oc-377"/>
      </symbol>
      <symbol id="sm-133d">
         <name>GPIOIntTypeSet</name>
         <value>0xb5e9</value>
         <object_component_ref idref="oc-31a"/>
      </symbol>
      <symbol id="sm-133e">
         <name>GPIOPinTypeGPIOInput</name>
         <value>0xcab7</value>
         <object_component_ref idref="oc-30e"/>
      </symbol>
      <symbol id="sm-133f">
         <name>GPIOIntClear</name>
         <value>0xcd81</value>
         <object_component_ref idref="oc-ae"/>
      </symbol>
      <symbol id="sm-1340">
         <name>GPIOPinTypeUART</name>
         <value>0xcaff</value>
         <object_component_ref idref="oc-5cf"/>
      </symbol>
      <symbol id="sm-1341">
         <name>GPIOIntStatus</name>
         <value>0xcc47</value>
         <object_component_ref idref="oc-a8"/>
      </symbol>
      <symbol id="sm-1342">
         <name>GPIOPinTypeGPIOOutput</name>
         <value>0xc895</value>
         <object_component_ref idref="oc-307"/>
      </symbol>
      <symbol id="sm-1343">
         <name>GPIOPinRead</name>
         <value>0xcd87</value>
         <object_component_ref idref="oc-134"/>
      </symbol>
      <symbol id="sm-1344">
         <name>GPIODirModeSet</name>
         <value>0xc3d9</value>
         <object_component_ref idref="oc-4eb"/>
      </symbol>
      <symbol id="sm-1345">
         <name>GPIOPinWrite</name>
         <value>0xcd8d</value>
         <object_component_ref idref="oc-2ae"/>
      </symbol>
      <symbol id="sm-1346">
         <name>GPIOPadConfigSet</name>
         <value>0x7927</value>
         <object_component_ref idref="oc-314"/>
      </symbol>
      <symbol id="sm-1347">
         <name>GPIOPinTypeSSI</name>
         <value>0xcaed</value>
         <object_component_ref idref="oc-32d"/>
      </symbol>
      <symbol id="sm-139a">
         <name>I2CMasterDataPut</name>
         <value>0xcdad</value>
         <object_component_ref idref="oc-555"/>
      </symbol>
      <symbol id="sm-139b">
         <name>I2CMasterInitExpClk</name>
         <value>0xb835</value>
         <object_component_ref idref="oc-383"/>
      </symbol>
      <symbol id="sm-139c">
         <name>I2CMasterSlaveAddrSet</name>
         <value>0xcd57</value>
         <object_component_ref idref="oc-54f"/>
      </symbol>
      <symbol id="sm-139d">
         <name>I2CMasterDataGet</name>
         <value>0xcda9</value>
         <object_component_ref idref="oc-766"/>
      </symbol>
      <symbol id="sm-139e">
         <name>I2CMasterErr</name>
         <value>0xc9b3</value>
         <object_component_ref idref="oc-567"/>
      </symbol>
      <symbol id="sm-139f">
         <name>I2CMasterControl</name>
         <value>0xcda5</value>
         <object_component_ref idref="oc-55b"/>
      </symbol>
      <symbol id="sm-13a0">
         <name>I2CMasterBusy</name>
         <value>0xcd47</value>
         <object_component_ref idref="oc-561"/>
      </symbol>
      <symbol id="sm-13a1">
         <name>I2CMasterEnable</name>
         <value>0xcd15</value>
         <object_component_ref idref="oc-547"/>
      </symbol>
      <symbol id="sm-13a2">
         <name>I2CMasterIntClear</name>
         <value>0xcd4f</value>
         <object_component_ref idref="oc-56d"/>
      </symbol>
      <symbol id="sm-13e4">
         <name>IntEnable</name>
         <value>0xb03d</value>
         <object_component_ref idref="oc-1aa"/>
      </symbol>
      <symbol id="sm-13e5">
         <name>IntRegister</name>
         <value>0xc101</value>
         <object_component_ref idref="oc-501"/>
      </symbol>
      <symbol id="sm-13e6">
         <name>g_pfnRAMVectors</name>
         <value>0x20000000</value>
         <object_component_ref idref="oc-745"/>
      </symbol>
      <symbol id="sm-13e7">
         <name>IntMasterEnable</name>
         <value>0xcb75</value>
         <object_component_ref idref="oc-1a4"/>
      </symbol>
      <symbol id="sm-1428">
         <name>SSIDataPut</name>
         <value>0xcd1f</value>
         <object_component_ref idref="oc-516"/>
      </symbol>
      <symbol id="sm-1429">
         <name>SSIDataGet</name>
         <value>0xccd9</value>
         <object_component_ref idref="oc-523"/>
      </symbol>
      <symbol id="sm-142a">
         <name>SSIDataGetNonBlocking</name>
         <value>0xcb11</value>
         <object_component_ref idref="oc-51d"/>
      </symbol>
      <symbol id="sm-142b">
         <name>SSIConfigSetExpClk</name>
         <value>0xbe8b</value>
         <object_component_ref idref="oc-345"/>
      </symbol>
      <symbol id="sm-142c">
         <name>SSIEnable</name>
         <value>0xcd33</value>
         <object_component_ref idref="oc-34b"/>
      </symbol>
      <symbol id="sm-142d">
         <name>SSIBusy</name>
         <value>0xcd5f</value>
         <object_component_ref idref="oc-510"/>
      </symbol>
      <symbol id="sm-142e">
         <name>SSIDisable</name>
         <value>0xcd29</value>
         <object_component_ref idref="oc-339"/>
      </symbol>
      <symbol id="sm-1480">
         <name>SysCtlClockSet</name>
         <value>0x88ed</value>
         <object_component_ref idref="oc-19e"/>
      </symbol>
      <symbol id="sm-1481">
         <name>SysCtlDelay</name>
         <value>0xcd99</value>
         <object_component_ref idref="oc-2e5"/>
      </symbol>
      <symbol id="sm-1482">
         <name>SysCtlPeripheralEnable</name>
         <value>0xc135</value>
         <object_component_ref idref="oc-301"/>
      </symbol>
      <symbol id="sm-1483">
         <name>SysCtlClockGet</name>
         <value>0x7ec9</value>
         <object_component_ref idref="oc-33f"/>
      </symbol>
      <symbol id="sm-14e8">
         <name>TimerLoadSet</name>
         <value>0xcb23</value>
         <object_component_ref idref="oc-36f"/>
      </symbol>
      <symbol id="sm-14e9">
         <name>TimerDisable</name>
         <value>0xc93d</value>
         <object_component_ref idref="oc-290"/>
      </symbol>
      <symbol id="sm-14ea">
         <name>TimerIntRegister</name>
         <value>0xc955</value>
         <object_component_ref idref="oc-585"/>
      </symbol>
      <symbol id="sm-14eb">
         <name>TimerEnable</name>
         <value>0xcc71</value>
         <object_component_ref idref="oc-289"/>
      </symbol>
      <symbol id="sm-14ec">
         <name>TimerIntEnable</name>
         <value>0xcd6f</value>
         <object_component_ref idref="oc-58b"/>
      </symbol>
      <symbol id="sm-14ed">
         <name>TimerConfigure</name>
         <value>0xb30d</value>
         <object_component_ref idref="oc-369"/>
      </symbol>
      <symbol id="sm-14ee">
         <name>TimerIntClear</name>
         <value>0xcdb1</value>
         <object_component_ref idref="oc-77a"/>
      </symbol>
      <symbol id="sm-1520">
         <name>UARTConfigSetExpClk</name>
         <value>0xbbb5</value>
         <object_component_ref idref="oc-5d5"/>
      </symbol>
      <symbol id="sm-1521">
         <name>UARTDisable</name>
         <value>0xc6fd</value>
         <object_component_ref idref="oc-7cb"/>
      </symbol>
      <symbol id="sm-1522">
         <name>UARTClockSourceSet</name>
         <value>0xcd9f</value>
         <object_component_ref idref="oc-2f4"/>
      </symbol>
      <symbol id="sm-1523">
         <name>UARTCharPut</name>
         <value>0xcd3d</value>
         <object_component_ref idref="oc-5dc"/>
      </symbol>
      <symbol id="sm-1524">
         <name>UARTEnable</name>
         <value>0xca1d</value>
         <object_component_ref idref="oc-7d1"/>
      </symbol>
      <symbol id="sm-152e">
         <name>CPUcpsie</name>
         <value>0xcca9</value>
         <object_component_ref idref="oc-2e8"/>
      </symbol>
      <symbol id="sm-153f">
         <name>_c_int00</name>
         <value>0xb6e9</value>
         <object_component_ref idref="oc-24"/>
      </symbol>
      <symbol id="sm-1540">
         <name>__stack</name>
         <value>0x20004604</value>
         <object_component_ref idref="oc-2a"/>
      </symbol>
      <symbol id="sm-155e">
         <name>__TI_decompress_lzss</name>
         <value>0xb175</value>
         <object_component_ref idref="oc-12"/>
      </symbol>
      <symbol id="sm-1575">
         <name>__TI_decompress_none</name>
         <value>0xcc8d</value>
         <object_component_ref idref="oc-18"/>
      </symbol>
      <symbol id="sm-1587">
         <name>__TI_zero_init</name>
         <value>0xccfd</value>
         <object_component_ref idref="oc-1e"/>
      </symbol>
      <symbol id="sm-15a8">
         <name>C$$EXIT</name>
         <value>0xb73d</value>
         <object_component_ref idref="oc-93"/>
      </symbol>
      <symbol id="sm-15a9">
         <name>abort</name>
         <value>0xb741</value>
         <object_component_ref idref="oc-93"/>
      </symbol>
      <symbol id="sm-15aa">
         <name>exit</name>
         <value>0xb749</value>
         <object_component_ref idref="oc-93"/>
      </symbol>
      <symbol id="sm-15ab">
         <name>__TI_dtors_ptr</name>
         <value>0x20005d40</value>
         <object_component_ref idref="oc-11d"/>
      </symbol>
      <symbol id="sm-15ac">
         <name>__TI_cleanup_ptr</name>
         <value>0x20005d3c</value>
         <object_component_ref idref="oc-11d"/>
      </symbol>
      <symbol id="sm-15ad">
         <name>__TI_enable_exit_profile_output</name>
         <value>0x20005d44</value>
         <object_component_ref idref="oc-11d"/>
      </symbol>
      <symbol id="sm-15c4">
         <name>__aeabi_dsub</name>
         <value>0x5b23</value>
         <object_component_ref idref="oc-5f9"/>
      </symbol>
      <symbol id="sm-15c5">
         <name>__aeabi_dadd</name>
         <value>0x5b2d</value>
         <object_component_ref idref="oc-5f9"/>
      </symbol>
      <symbol id="sm-15d9">
         <name>__aeabi_ddiv</name>
         <value>0x77f1</value>
         <object_component_ref idref="oc-3fb"/>
      </symbol>
      <symbol id="sm-15e4">
         <name>__aeabi_dmul</name>
         <value>0x85fb</value>
         <object_component_ref idref="oc-400"/>
      </symbol>
      <symbol id="sm-15f0">
         <name>__aeabi_d2f</name>
         <value>0xaef9</value>
         <object_component_ref idref="oc-a00"/>
      </symbol>
      <symbol id="sm-15fa">
         <name>__aeabi_d2uiz</name>
         <value>0xbc85</value>
         <object_component_ref idref="oc-405"/>
      </symbol>
      <symbol id="sm-1605">
         <name>__aeabi_f2d</name>
         <value>0xc027</value>
         <object_component_ref idref="oc-866"/>
      </symbol>
      <symbol id="sm-160f">
         <name>__aeabi_i2d</name>
         <value>0xc325</value>
         <object_component_ref idref="oc-9fb"/>
      </symbol>
      <symbol id="sm-162a">
         <name>memcpy</name>
         <value>0xa279</value>
         <object_component_ref idref="oc-63"/>
      </symbol>
      <symbol id="sm-162b">
         <name>__aeabi_memcpy</name>
         <value>0xa279</value>
         <object_component_ref idref="oc-63"/>
      </symbol>
      <symbol id="sm-162c">
         <name>__aeabi_memcpy8</name>
         <value>0xa279</value>
         <object_component_ref idref="oc-63"/>
      </symbol>
      <symbol id="sm-162d">
         <name>__aeabi_memcpy4</name>
         <value>0xa279</value>
         <object_component_ref idref="oc-63"/>
      </symbol>
      <symbol id="sm-163c">
         <name>__aeabi_memset</name>
         <value>0xab45</value>
         <object_component_ref idref="oc-6f"/>
      </symbol>
      <symbol id="sm-163d">
         <name>memset</name>
         <value>0xab4b</value>
         <object_component_ref idref="oc-6f"/>
      </symbol>
      <symbol id="sm-163e">
         <name>__aeabi_memset8</name>
         <value>0xab45</value>
         <object_component_ref idref="oc-6f"/>
      </symbol>
      <symbol id="sm-163f">
         <name>__aeabi_memset4</name>
         <value>0xab45</value>
         <object_component_ref idref="oc-6f"/>
      </symbol>
      <symbol id="sm-1640">
         <name>__aeabi_memclr8</name>
         <value>0xab43</value>
         <object_component_ref idref="oc-6f"/>
      </symbol>
      <symbol id="sm-1641">
         <name>__aeabi_memclr4</name>
         <value>0xab43</value>
         <object_component_ref idref="oc-6f"/>
      </symbol>
      <symbol id="sm-1642">
         <name>__aeabi_memclr</name>
         <value>0xab43</value>
         <object_component_ref idref="oc-6f"/>
      </symbol>
      <symbol id="sm-164c">
         <name>__mpu_init</name>
         <value>0x757b</value>
         <object_component_ref idref="oc-7b"/>
      </symbol>
      <symbol id="sm-1656">
         <name>_system_pre_init</name>
         <value>0xcdb5</value>
         <object_component_ref idref="oc-81"/>
      </symbol>
      <symbol id="sm-1677">
         <name>snprintf</name>
         <value>0xa605</value>
         <object_component_ref idref="oc-86b"/>
      </symbol>
      <symbol id="sm-167f">
         <name>main_func_sp</name>
         <value>0x20005d60</value>
         <object_component_ref idref="oc-99"/>
      </symbol>
      <symbol id="sm-168f">
         <name>strcat</name>
         <value>0xc79b</value>
         <object_component_ref idref="oc-7df"/>
      </symbol>
      <symbol id="sm-169e">
         <name>strcmp</name>
         <value>0xc985</value>
         <object_component_ref idref="oc-452"/>
      </symbol>
      <symbol id="sm-16ac">
         <name>strcpy</name>
         <value>0xca59</value>
         <object_component_ref idref="oc-2c1"/>
      </symbol>
      <symbol id="sm-16ba">
         <name>strlen</name>
         <value>0xca6d</value>
         <object_component_ref idref="oc-5e5"/>
      </symbol>
      <symbol id="sm-16ca">
         <name>strncpy</name>
         <value>0xc05f</value>
         <object_component_ref idref="oc-9c8"/>
      </symbol>
      <symbol id="sm-16d9">
         <name>__aeabi_uidivmod</name>
         <value>0xbdd3</value>
         <object_component_ref idref="oc-436"/>
      </symbol>
      <symbol id="sm-16da">
         <name>__aeabi_uidiv</name>
         <value>0xbdd3</value>
         <object_component_ref idref="oc-436"/>
      </symbol>
      <symbol id="sm-16e4">
         <name>__aeabi_ui2d</name>
         <value>0xc75d</value>
         <object_component_ref idref="oc-3f6"/>
      </symbol>
      <symbol id="sm-16fd">
         <name>_nop</name>
         <value>0xca3f</value>
         <object_component_ref idref="oc-26b"/>
      </symbol>
      <symbol id="sm-16fe">
         <name>_lock</name>
         <value>0x20005d54</value>
         <object_component_ref idref="oc-120"/>
      </symbol>
      <symbol id="sm-16ff">
         <name>_unlock</name>
         <value>0x20005d58</value>
         <object_component_ref idref="oc-120"/>
      </symbol>
      <symbol id="sm-1700">
         <name>_register_lock</name>
         <value>0xca37</value>
         <object_component_ref idref="oc-26b"/>
      </symbol>
      <symbol id="sm-1701">
         <name>_register_unlock</name>
         <value>0xca31</value>
         <object_component_ref idref="oc-26b"/>
      </symbol>
      <symbol id="sm-1802">
         <name>__TI_printfi</name>
         <value>0xab1</value>
         <object_component_ref idref="oc-a07"/>
      </symbol>
      <symbol id="sm-1816">
         <name>_args_main</name>
         <value>0xc96d</value>
         <object_component_ref idref="oc-8d"/>
      </symbol>
      <symbol id="sm-182c">
         <name>atoi</name>
         <value>0xb9fd</value>
         <object_component_ref idref="oc-ac1"/>
      </symbol>
      <symbol id="sm-1856">
         <name>__TI_auto_init</name>
         <value>0xae89</value>
         <object_component_ref idref="oc-87"/>
      </symbol>
      <symbol id="sm-1870">
         <name>copy_in</name>
         <value>0xba49</value>
         <object_component_ref idref="oc-107"/>
      </symbol>
      <symbol id="sm-187b">
         <name>_ctypes_</name>
         <value>0x14c5a</value>
         <object_component_ref idref="oc-b0c"/>
      </symbol>
      <symbol id="sm-189d">
         <name>__aeabi_cdcmpeq</name>
         <value>0xa835</value>
         <object_component_ref idref="oc-a9a"/>
      </symbol>
      <symbol id="sm-189e">
         <name>__aeabi_cdcmple</name>
         <value>0xa835</value>
         <object_component_ref idref="oc-a9a"/>
      </symbol>
      <symbol id="sm-189f">
         <name>__aeabi_cdrcmple</name>
         <value>0xa8bb</value>
         <object_component_ref idref="oc-a9f"/>
      </symbol>
      <symbol id="sm-18a9">
         <name>__aeabi_d2iz</name>
         <value>0xbb6d</value>
         <object_component_ref idref="oc-aa4"/>
      </symbol>
      <symbol id="sm-18b3">
         <name>__aeabi_idiv0</name>
         <value>0x71af</value>
         <object_component_ref idref="oc-602"/>
      </symbol>
      <symbol id="sm-18c2">
         <name>ltoa</name>
         <value>0xb791</value>
         <object_component_ref idref="oc-aa9"/>
      </symbol>
      <symbol id="sm-18d2">
         <name>memccpy</name>
         <value>0xc845</value>
         <object_component_ref idref="oc-ac7"/>
      </symbol>
      <symbol id="sm-18ed">
         <name>frexpl</name>
         <value>0xb245</value>
         <object_component_ref idref="oc-aaf"/>
      </symbol>
      <symbol id="sm-18ee">
         <name>frexp</name>
         <value>0xb245</value>
         <object_component_ref idref="oc-aaf"/>
      </symbol>
      <symbol id="sm-190b">
         <name>scalbn</name>
         <value>0x86f9</value>
         <object_component_ref idref="oc-ab5"/>
      </symbol>
      <symbol id="sm-190c">
         <name>scalbnl</name>
         <value>0x86f9</value>
         <object_component_ref idref="oc-ab5"/>
      </symbol>
      <symbol id="sm-190d">
         <name>ldexpl</name>
         <value>0x86f9</value>
         <object_component_ref idref="oc-ab5"/>
      </symbol>
      <symbol id="sm-190e">
         <name>ldexp</name>
         <value>0x86f9</value>
         <object_component_ref idref="oc-ab5"/>
      </symbol>
      <symbol id="sm-1918">
         <name>_system_post_cinit</name>
         <value>0x86f7</value>
         <object_component_ref idref="oc-10d"/>
      </symbol>
      <symbol id="sm-1928">
         <name>strchr</name>
         <value>0xc9c9</value>
         <object_component_ref idref="oc-abb"/>
      </symbol>
      <symbol id="sm-1944">
         <name>__aeabi_uldivmod</name>
         <value>0x51c5</value>
         <object_component_ref idref="oc-a95"/>
      </symbol>
      <symbol id="sm-194c">
         <name>errno</name>
         <value>0x20005d5c</value>
         <object_component_ref idref="oc-b05"/>
      </symbol>
      <symbol id="sm-1956">
         <name>copysign</name>
         <value>0xca45</value>
         <object_component_ref idref="oc-aff"/>
      </symbol>
      <symbol id="sm-1957">
         <name>copysignl</name>
         <value>0xca45</value>
         <object_component_ref idref="oc-aff"/>
      </symbol>
      <symbol id="sm-1958">
         <name>__TI_static_base__</name>
         <value>0x0</value>
      </symbol>
      <symbol id="sm-195b">
         <name>SHT$$INIT_ARRAY$$Limit</name>
         <value>0x0</value>
      </symbol>
      <symbol id="sm-195c">
         <name>SHT$$INIT_ARRAY$$Base</name>
         <value>0x0</value>
      </symbol>
   </symbol_table>
   <title>Link successful</title>
</link_info>
