<?xml version="1.0"?>
<link_info>
   <banner>TI ARM Linker PC v15.12.3.LTS</banner>
   <copyright>Copyright (c) 1996-2015 Texas Instruments Incorporated</copyright>
   <link_time>0x58374d8b</link_time>
   <link_errors>0x0</link_errors>
   <output_file>BA-PYCO-FW-VER01.out</output_file>
   <entry_point>
      <name>_c_int00</name>
      <address>0xb821</address>
   </entry_point>
   <input_file_list>
      <input_file id="fl-2">
         <path>.\</path>
         <kind>object</kind>
         <file>System.obj</file>
         <name>System.obj</name>
      </input_file>
      <input_file id="fl-3">
         <path>.\</path>
         <kind>object</kind>
         <file>main.obj</file>
         <name>main.obj</name>
      </input_file>
      <input_file id="fl-4">
         <path>.\</path>
         <kind>object</kind>
         <file>startup_ccs.obj</file>
         <name>startup_ccs.obj</name>
      </input_file>
      <input_file id="fl-5">
         <path>.\Driver\</path>
         <kind>object</kind>
         <file>ACT.obj</file>
         <name>ACT.obj</name>
      </input_file>
      <input_file id="fl-6">
         <path>.\Driver\</path>
         <kind>object</kind>
         <file>DS3231.obj</file>
         <name>DS3231.obj</name>
      </input_file>
      <input_file id="fl-7">
         <path>.\Driver\</path>
         <kind>object</kind>
         <file>HCSR501.obj</file>
         <name>HCSR501.obj</name>
      </input_file>
      <input_file id="fl-8">
         <path>.\Driver\</path>
         <kind>object</kind>
         <file>HMTRP.obj</file>
         <name>HMTRP.obj</name>
      </input_file>
      <input_file id="fl-9">
         <path>.\Driver\</path>
         <kind>object</kind>
         <file>KY040.obj</file>
         <name>KY040.obj</name>
      </input_file>
      <input_file id="fl-a">
         <path>.\Driver\</path>
         <kind>object</kind>
         <file>LED.obj</file>
         <name>LED.obj</name>
      </input_file>
      <input_file id="fl-b">
         <path>.\Driver\</path>
         <kind>object</kind>
         <file>NHD0216K3Z.obj</file>
         <name>NHD0216K3Z.obj</name>
      </input_file>
      <input_file id="fl-c">
         <path>.\Driver\</path>
         <kind>object</kind>
         <file>Timer.obj</file>
         <name>Timer.obj</name>
      </input_file>
      <input_file id="fl-d">
         <path>.\Driver\</path>
         <kind>object</kind>
         <file>VS10xx.obj</file>
         <name>VS10xx.obj</name>
      </input_file>
      <input_file id="fl-e">
         <path>.\Driver\fatfs\</path>
         <kind>object</kind>
         <file>cc932.obj</file>
         <name>cc932.obj</name>
      </input_file>
      <input_file id="fl-f">
         <path>.\Driver\fatfs\</path>
         <kind>object</kind>
         <file>ff.obj</file>
         <name>ff.obj</name>
      </input_file>
      <input_file id="fl-10">
         <path>.\Driver\fatfs\</path>
         <kind>object</kind>
         <file>mmc-ek-tm4c123gxl.obj</file>
         <name>mmc-ek-tm4c123gxl.obj</name>
      </input_file>
      <input_file id="fl-11">
         <path>.\Manager\</path>
         <kind>object</kind>
         <file>AudioManager.obj</file>
         <name>AudioManager.obj</name>
      </input_file>
      <input_file id="fl-12">
         <path>.\Manager\</path>
         <kind>object</kind>
         <file>ConsoleManager.obj</file>
         <name>ConsoleManager.obj</name>
      </input_file>
      <input_file id="fl-13">
         <path>.\Manager\</path>
         <kind>object</kind>
         <file>DisplayManager.obj</file>
         <name>DisplayManager.obj</name>
      </input_file>
      <input_file id="fl-14">
         <path>.\Manager\</path>
         <kind>object</kind>
         <file>FileManager.obj</file>
         <name>FileManager.obj</name>
      </input_file>
      <input_file id="fl-15">
         <path>.\Manager\</path>
         <kind>object</kind>
         <file>TaskManager.obj</file>
         <name>TaskManager.obj</name>
      </input_file>
      <input_file id="fl-16">
         <path>.\utils\</path>
         <kind>object</kind>
         <file>cmdline.obj</file>
         <name>cmdline.obj</name>
      </input_file>
      <input_file id="fl-17">
         <path>.\utils\</path>
         <kind>object</kind>
         <file>uartstdio.obj</file>
         <name>uartstdio.obj</name>
      </input_file>
      <input_file id="fl-18">
         <path>.\utils\</path>
         <kind>object</kind>
         <file>ustdlib.obj</file>
         <name>ustdlib.obj</name>
      </input_file>
      <input_file id="fl-d3">
         <path>C:\ti\ccsv6\tools\compiler\arm_15.12.3.LTS\lib\</path>
         <kind>archive</kind>
         <file>rtsv7M4_T_le_v4SPD16_eabi.lib</file>
         <name>boot.obj</name>
      </input_file>
      <input_file id="fl-d4">
         <path>C:\ti\ccsv6\tools\compiler\arm_15.12.3.LTS\lib\</path>
         <kind>archive</kind>
         <file>rtsv7M4_T_le_v4SPD16_eabi.lib</file>
         <name>copy_decompress_none.obj</name>
      </input_file>
      <input_file id="fl-d5">
         <path>C:\ti\ccsv6\tools\compiler\arm_15.12.3.LTS\lib\</path>
         <kind>archive</kind>
         <file>rtsv7M4_T_le_v4SPD16_eabi.lib</file>
         <name>copy_decompress_rle.obj</name>
      </input_file>
      <input_file id="fl-d6">
         <path>C:\ti\ccsv6\tools\compiler\arm_15.12.3.LTS\lib\</path>
         <kind>archive</kind>
         <file>rtsv7M4_T_le_v4SPD16_eabi.lib</file>
         <name>copy_zero_init.obj</name>
      </input_file>
      <input_file id="fl-d7">
         <path>C:\ti\ccsv6\tools\compiler\arm_15.12.3.LTS\lib\</path>
         <kind>archive</kind>
         <file>rtsv7M4_T_le_v4SPD16_eabi.lib</file>
         <name>exit.obj</name>
      </input_file>
      <input_file id="fl-d8">
         <path>C:\ti\ccsv6\tools\compiler\arm_15.12.3.LTS\lib\</path>
         <kind>archive</kind>
         <file>rtsv7M4_T_le_v4SPD16_eabi.lib</file>
         <name>fd_add_t2.obj</name>
      </input_file>
      <input_file id="fl-d9">
         <path>C:\ti\ccsv6\tools\compiler\arm_15.12.3.LTS\lib\</path>
         <kind>archive</kind>
         <file>rtsv7M4_T_le_v4SPD16_eabi.lib</file>
         <name>fd_div_t2.obj</name>
      </input_file>
      <input_file id="fl-da">
         <path>C:\ti\ccsv6\tools\compiler\arm_15.12.3.LTS\lib\</path>
         <kind>archive</kind>
         <file>rtsv7M4_T_le_v4SPD16_eabi.lib</file>
         <name>fd_mul_t2.obj</name>
      </input_file>
      <input_file id="fl-db">
         <path>C:\ti\ccsv6\tools\compiler\arm_15.12.3.LTS\lib\</path>
         <kind>archive</kind>
         <file>rtsv7M4_T_le_v4SPD16_eabi.lib</file>
         <name>fd_tos_t2.obj</name>
      </input_file>
      <input_file id="fl-dc">
         <path>C:\ti\ccsv6\tools\compiler\arm_15.12.3.LTS\lib\</path>
         <kind>archive</kind>
         <file>rtsv7M4_T_le_v4SPD16_eabi.lib</file>
         <name>fd_tou_t2.obj</name>
      </input_file>
      <input_file id="fl-dd">
         <path>C:\ti\ccsv6\tools\compiler\arm_15.12.3.LTS\lib\</path>
         <kind>archive</kind>
         <file>rtsv7M4_T_le_v4SPD16_eabi.lib</file>
         <name>fs_tod_t2.obj</name>
      </input_file>
      <input_file id="fl-de">
         <path>C:\ti\ccsv6\tools\compiler\arm_15.12.3.LTS\lib\</path>
         <kind>archive</kind>
         <file>rtsv7M4_T_le_v4SPD16_eabi.lib</file>
         <name>i_tofd_t2.obj</name>
      </input_file>
      <input_file id="fl-df">
         <path>C:\ti\ccsv6\tools\compiler\arm_15.12.3.LTS\lib\</path>
         <kind>archive</kind>
         <file>rtsv7M4_T_le_v4SPD16_eabi.lib</file>
         <name>memcpy_t2.obj</name>
      </input_file>
      <input_file id="fl-e0">
         <path>C:\ti\ccsv6\tools\compiler\arm_15.12.3.LTS\lib\</path>
         <kind>archive</kind>
         <file>rtsv7M4_T_le_v4SPD16_eabi.lib</file>
         <name>memset_t2.obj</name>
      </input_file>
      <input_file id="fl-e1">
         <path>C:\ti\ccsv6\tools\compiler\arm_15.12.3.LTS\lib\</path>
         <kind>archive</kind>
         <file>rtsv7M4_T_le_v4SPD16_eabi.lib</file>
         <name>mpu_init.obj</name>
      </input_file>
      <input_file id="fl-e2">
         <path>C:\ti\ccsv6\tools\compiler\arm_15.12.3.LTS\lib\</path>
         <kind>archive</kind>
         <file>rtsv7M4_T_le_v4SPD16_eabi.lib</file>
         <name>pre_init.obj</name>
      </input_file>
      <input_file id="fl-e3">
         <path>C:\ti\ccsv6\tools\compiler\arm_15.12.3.LTS\lib\</path>
         <kind>archive</kind>
         <file>rtsv7M4_T_le_v4SPD16_eabi.lib</file>
         <name>snprintf.obj</name>
      </input_file>
      <input_file id="fl-e4">
         <path>C:\ti\ccsv6\tools\compiler\arm_15.12.3.LTS\lib\</path>
         <kind>archive</kind>
         <file>rtsv7M4_T_le_v4SPD16_eabi.lib</file>
         <name>stkdepth_vars.obj</name>
      </input_file>
      <input_file id="fl-e5">
         <path>C:\ti\ccsv6\tools\compiler\arm_15.12.3.LTS\lib\</path>
         <kind>archive</kind>
         <file>rtsv7M4_T_le_v4SPD16_eabi.lib</file>
         <name>strcat.obj</name>
      </input_file>
      <input_file id="fl-e6">
         <path>C:\ti\ccsv6\tools\compiler\arm_15.12.3.LTS\lib\</path>
         <kind>archive</kind>
         <file>rtsv7M4_T_le_v4SPD16_eabi.lib</file>
         <name>strcmp.obj</name>
      </input_file>
      <input_file id="fl-e7">
         <path>C:\ti\ccsv6\tools\compiler\arm_15.12.3.LTS\lib\</path>
         <kind>archive</kind>
         <file>rtsv7M4_T_le_v4SPD16_eabi.lib</file>
         <name>strcpy.obj</name>
      </input_file>
      <input_file id="fl-e8">
         <path>C:\ti\ccsv6\tools\compiler\arm_15.12.3.LTS\lib\</path>
         <kind>archive</kind>
         <file>rtsv7M4_T_le_v4SPD16_eabi.lib</file>
         <name>strlen.obj</name>
      </input_file>
      <input_file id="fl-e9">
         <path>C:\ti\ccsv6\tools\compiler\arm_15.12.3.LTS\lib\</path>
         <kind>archive</kind>
         <file>rtsv7M4_T_le_v4SPD16_eabi.lib</file>
         <name>strncpy.obj</name>
      </input_file>
      <input_file id="fl-ea">
         <path>C:\ti\ccsv6\tools\compiler\arm_15.12.3.LTS\lib\</path>
         <kind>archive</kind>
         <file>rtsv7M4_T_le_v4SPD16_eabi.lib</file>
         <name>u_divt2.obj</name>
      </input_file>
      <input_file id="fl-eb">
         <path>C:\ti\ccsv6\tools\compiler\arm_15.12.3.LTS\lib\</path>
         <kind>archive</kind>
         <file>rtsv7M4_T_le_v4SPD16_eabi.lib</file>
         <name>u_tofd_t2.obj</name>
      </input_file>
      <input_file id="fl-ec">
         <path>C:\ti\ccsv6\tools\compiler\arm_15.12.3.LTS\lib\</path>
         <kind>archive</kind>
         <file>rtsv7M4_T_le_v4SPD16_eabi.lib</file>
         <name>_lock.obj</name>
      </input_file>
      <input_file id="fl-ed">
         <path>C:\ti\ccsv6\tools\compiler\arm_15.12.3.LTS\lib\</path>
         <kind>archive</kind>
         <file>rtsv7M4_T_le_v4SPD16_eabi.lib</file>
         <name>_printfi.obj</name>
      </input_file>
      <input_file id="fl-ee">
         <path>C:\ti\ccsv6\tools\compiler\arm_15.12.3.LTS\lib\</path>
         <kind>archive</kind>
         <file>rtsv7M4_T_le_v4SPD16_eabi.lib</file>
         <name>args_main.obj</name>
      </input_file>
      <input_file id="fl-ef">
         <path>C:\ti\ccsv6\tools\compiler\arm_15.12.3.LTS\lib\</path>
         <kind>archive</kind>
         <file>rtsv7M4_T_le_v4SPD16_eabi.lib</file>
         <name>atoi.obj</name>
      </input_file>
      <input_file id="fl-f0">
         <path>C:\ti\ccsv6\tools\compiler\arm_15.12.3.LTS\lib\</path>
         <kind>archive</kind>
         <file>rtsv7M4_T_le_v4SPD16_eabi.lib</file>
         <name>autoinit.obj</name>
      </input_file>
      <input_file id="fl-f1">
         <path>C:\ti\ccsv6\tools\compiler\arm_15.12.3.LTS\lib\</path>
         <kind>archive</kind>
         <file>rtsv7M4_T_le_v4SPD16_eabi.lib</file>
         <name>cpy_tbl.obj</name>
      </input_file>
      <input_file id="fl-f2">
         <path>C:\ti\ccsv6\tools\compiler\arm_15.12.3.LTS\lib\</path>
         <kind>archive</kind>
         <file>rtsv7M4_T_le_v4SPD16_eabi.lib</file>
         <name>ctype.obj</name>
      </input_file>
      <input_file id="fl-f3">
         <path>C:\ti\ccsv6\tools\compiler\arm_15.12.3.LTS\lib\</path>
         <kind>archive</kind>
         <file>rtsv7M4_T_le_v4SPD16_eabi.lib</file>
         <name>fd_cmp_t2.obj</name>
      </input_file>
      <input_file id="fl-f4">
         <path>C:\ti\ccsv6\tools\compiler\arm_15.12.3.LTS\lib\</path>
         <kind>archive</kind>
         <file>rtsv7M4_T_le_v4SPD16_eabi.lib</file>
         <name>fd_toi_t2.obj</name>
      </input_file>
      <input_file id="fl-f5">
         <path>C:\ti\ccsv6\tools\compiler\arm_15.12.3.LTS\lib\</path>
         <kind>archive</kind>
         <file>rtsv7M4_T_le_v4SPD16_eabi.lib</file>
         <name>i_div0.obj</name>
      </input_file>
      <input_file id="fl-f6">
         <path>C:\ti\ccsv6\tools\compiler\arm_15.12.3.LTS\lib\</path>
         <kind>archive</kind>
         <file>rtsv7M4_T_le_v4SPD16_eabi.lib</file>
         <name>ltoa.obj</name>
      </input_file>
      <input_file id="fl-f7">
         <path>C:\ti\ccsv6\tools\compiler\arm_15.12.3.LTS\lib\</path>
         <kind>archive</kind>
         <file>rtsv7M4_T_le_v4SPD16_eabi.lib</file>
         <name>memccpy.obj</name>
      </input_file>
      <input_file id="fl-f8">
         <path>C:\ti\ccsv6\tools\compiler\arm_15.12.3.LTS\lib\</path>
         <kind>archive</kind>
         <file>rtsv7M4_T_le_v4SPD16_eabi.lib</file>
         <name>s_frexp.obj</name>
      </input_file>
      <input_file id="fl-f9">
         <path>C:\ti\ccsv6\tools\compiler\arm_15.12.3.LTS\lib\</path>
         <kind>archive</kind>
         <file>rtsv7M4_T_le_v4SPD16_eabi.lib</file>
         <name>s_scalbn.obj</name>
      </input_file>
      <input_file id="fl-fa">
         <path>C:\ti\ccsv6\tools\compiler\arm_15.12.3.LTS\lib\</path>
         <kind>archive</kind>
         <file>rtsv7M4_T_le_v4SPD16_eabi.lib</file>
         <name>startup.obj</name>
      </input_file>
      <input_file id="fl-fb">
         <path>C:\ti\ccsv6\tools\compiler\arm_15.12.3.LTS\lib\</path>
         <kind>archive</kind>
         <file>rtsv7M4_T_le_v4SPD16_eabi.lib</file>
         <name>strchr.obj</name>
      </input_file>
      <input_file id="fl-fc">
         <path>C:\ti\ccsv6\tools\compiler\arm_15.12.3.LTS\lib\</path>
         <kind>archive</kind>
         <file>rtsv7M4_T_le_v4SPD16_eabi.lib</file>
         <name>ull_div_t2.obj</name>
      </input_file>
      <input_file id="fl-fd">
         <path>C:\ti\ccsv6\tools\compiler\arm_15.12.3.LTS\lib\</path>
         <kind>archive</kind>
         <file>rtsv7M4_T_le_v4SPD16_eabi.lib</file>
         <name>errno.obj</name>
      </input_file>
      <input_file id="fl-fe">
         <path>C:\ti\ccsv6\tools\compiler\arm_15.12.3.LTS\lib\</path>
         <kind>archive</kind>
         <file>rtsv7M4_T_le_v4SPD16_eabi.lib</file>
         <name>s_copysign.obj</name>
      </input_file>
      <input_file id="fl-ff">
         <path>C:\ti\TivaWare_C_Series-2.1.3.156\driverlib\ccs\Debug\</path>
         <kind>archive</kind>
         <file>driverlib.lib</file>
         <name>fpu.obj</name>
      </input_file>
      <input_file id="fl-100">
         <path>C:\ti\TivaWare_C_Series-2.1.3.156\driverlib\ccs\Debug\</path>
         <kind>archive</kind>
         <file>driverlib.lib</file>
         <name>gpio.obj</name>
      </input_file>
      <input_file id="fl-101">
         <path>C:\ti\TivaWare_C_Series-2.1.3.156\driverlib\ccs\Debug\</path>
         <kind>archive</kind>
         <file>driverlib.lib</file>
         <name>i2c.obj</name>
      </input_file>
      <input_file id="fl-102">
         <path>C:\ti\TivaWare_C_Series-2.1.3.156\driverlib\ccs\Debug\</path>
         <kind>archive</kind>
         <file>driverlib.lib</file>
         <name>interrupt.obj</name>
      </input_file>
      <input_file id="fl-103">
         <path>C:\ti\TivaWare_C_Series-2.1.3.156\driverlib\ccs\Debug\</path>
         <kind>archive</kind>
         <file>driverlib.lib</file>
         <name>ssi.obj</name>
      </input_file>
      <input_file id="fl-104">
         <path>C:\ti\TivaWare_C_Series-2.1.3.156\driverlib\ccs\Debug\</path>
         <kind>archive</kind>
         <file>driverlib.lib</file>
         <name>sysctl.obj</name>
      </input_file>
      <input_file id="fl-105">
         <path>C:\ti\TivaWare_C_Series-2.1.3.156\driverlib\ccs\Debug\</path>
         <kind>archive</kind>
         <file>driverlib.lib</file>
         <name>timer.obj</name>
      </input_file>
      <input_file id="fl-106">
         <path>C:\ti\TivaWare_C_Series-2.1.3.156\driverlib\ccs\Debug\</path>
         <kind>archive</kind>
         <file>driverlib.lib</file>
         <name>uart.obj</name>
      </input_file>
      <input_file id="fl-107">
         <path>C:\ti\TivaWare_C_Series-2.1.3.156\driverlib\ccs\Debug\</path>
         <kind>archive</kind>
         <file>driverlib.lib</file>
         <name>cpu.obj</name>
      </input_file>
   </input_file_list>
   <object_component_list>
      <object_component id="oc-f">
         <name>.intvecs</name>
         <load_address>0x0</load_address>
         <run_address>0x0</run_address>
         <size>0x26c</size>
         <input_file_ref idref="fl-4"/>
      </object_component>
      <object_component id="oc-9de">
         <name>.text</name>
         <load_address>0x26c</load_address>
         <run_address>0x26c</run_address>
         <size>0x1110</size>
         <input_file_ref idref="fl-ed"/>
      </object_component>
      <object_component id="oc-119">
         <name>.text:main</name>
         <load_address>0x137c</load_address>
         <run_address>0x137c</run_address>
         <size>0xb48</size>
         <input_file_ref idref="fl-3"/>
      </object_component>
      <object_component id="oc-65a">
         <name>.text:CMD_rtc</name>
         <load_address>0x1ec4</load_address>
         <run_address>0x1ec4</run_address>
         <size>0x904</size>
         <input_file_ref idref="fl-12"/>
      </object_component>
      <object_component id="oc-44e">
         <name>.text:chk_mounted</name>
         <load_address>0x27c8</load_address>
         <run_address>0x27c8</run_address>
         <size>0x4d8</size>
         <input_file_ref idref="fl-f"/>
      </object_component>
      <object_component id="oc-88d">
         <name>.text:TM_TaskPrint</name>
         <load_address>0x2ca0</load_address>
         <run_address>0x2ca0</run_address>
         <size>0x4c8</size>
         <input_file_ref idref="fl-15"/>
      </object_component>
      <object_component id="oc-560">
         <name>.text:uvsnprintf</name>
         <load_address>0x3168</load_address>
         <run_address>0x3168</run_address>
         <size>0x438</size>
         <input_file_ref idref="fl-18"/>
      </object_component>
      <object_component id="oc-6ce">
         <name>.text:create_name</name>
         <load_address>0x35a0</load_address>
         <run_address>0x35a0</run_address>
         <size>0x3eb</size>
         <input_file_ref idref="fl-f"/>
      </object_component>
      <object_component id="oc-273">
         <name>.text:UARTvprintf</name>
         <load_address>0x398c</load_address>
         <run_address>0x398c</run_address>
         <size>0x30c</size>
         <input_file_ref idref="fl-17"/>
      </object_component>
      <object_component id="oc-ab2">
         <name>.text:f_write</name>
         <load_address>0x3c98</load_address>
         <run_address>0x3c98</run_address>
         <size>0x2a4</size>
         <input_file_ref idref="fl-f"/>
      </object_component>
      <object_component id="oc-89b">
         <name>.text:TM_TaskSet</name>
         <load_address>0x3f3c</load_address>
         <run_address>0x3f3c</run_address>
         <size>0x2a0</size>
         <input_file_ref idref="fl-15"/>
      </object_component>
      <object_component id="oc-87f">
         <name>.text:FM_ConfigSave</name>
         <load_address>0x41dc</load_address>
         <run_address>0x41dc</run_address>
         <size>0x268</size>
         <input_file_ref idref="fl-14"/>
      </object_component>
      <object_component id="oc-56e">
         <name>.text:f_read</name>
         <load_address>0x4444</load_address>
         <run_address>0x4444</run_address>
         <size>0x254</size>
         <input_file_ref idref="fl-f"/>
      </object_component>
      <object_component id="oc-684">
         <name>.text:Cmd_TaskSet</name>
         <load_address>0x4698</load_address>
         <run_address>0x4698</run_address>
         <size>0x251</size>
         <input_file_ref idref="fl-12"/>
      </object_component>
      <object_component id="oc-37">
         <name>.text:FaultISR</name>
         <load_address>0x48ea</load_address>
         <run_address>0x48ea</run_address>
         <size>0x2</size>
         <input_file_ref idref="fl-4"/>
      </object_component>
      <object_component id="oc-8a3">
         <name>.text:SYS_ParamsPrint</name>
         <load_address>0x48ec</load_address>
         <run_address>0x48ec</run_address>
         <size>0x218</size>
         <input_file_ref idref="fl-2"/>
      </object_component>
      <object_component id="oc-1c4">
         <name>.text:VS10xxInit</name>
         <load_address>0x4b04</load_address>
         <run_address>0x4b04</run_address>
         <size>0x218</size>
         <input_file_ref idref="fl-d"/>
      </object_component>
      <object_component id="oc-568">
         <name>.text:f_open</name>
         <load_address>0x4d1c</load_address>
         <run_address>0x4d1c</run_address>
         <size>0x218</size>
         <input_file_ref idref="fl-f"/>
      </object_component>
      <object_component id="oc-a4a">
         <name>.text:disk_ioctl</name>
         <load_address>0x4f34</load_address>
         <run_address>0x4f34</run_address>
         <size>0x208</size>
         <input_file_ref idref="fl-10"/>
      </object_component>
      <object_component id="oc-7d5">
         <name>.text:FM_ls</name>
         <load_address>0x513c</load_address>
         <run_address>0x513c</run_address>
         <size>0x1fc</size>
         <input_file_ref idref="fl-14"/>
      </object_component>
      <object_component id="oc-a6a">
         <name>.text</name>
         <load_address>0x5338</load_address>
         <run_address>0x5338</run_address>
         <size>0x1f4</size>
         <input_file_ref idref="fl-fc"/>
      </object_component>
      <object_component id="oc-9fd">
         <name>.text:f_mkdir</name>
         <load_address>0x552c</load_address>
         <run_address>0x552c</run_address>
         <size>0x1f0</size>
         <input_file_ref idref="fl-f"/>
      </object_component>
      <object_component id="oc-476">
         <name>.text:get_fileinfo</name>
         <load_address>0x571c</load_address>
         <run_address>0x571c</run_address>
         <size>0x1e8</size>
         <input_file_ref idref="fl-f"/>
      </object_component>
      <object_component id="oc-774">
         <name>.text:dir_register</name>
         <load_address>0x5904</load_address>
         <run_address>0x5904</run_address>
         <size>0x1d8</size>
         <input_file_ref idref="fl-f"/>
      </object_component>
      <object_component id="oc-94e">
         <name>.text:put_fat</name>
         <load_address>0x5adc</load_address>
         <run_address>0x5adc</run_address>
         <size>0x1be</size>
         <input_file_ref idref="fl-f"/>
      </object_component>
      <object_component id="oc-3d">
         <name>.text:IntDefaultHandler</name>
         <load_address>0x5c9a</load_address>
         <run_address>0x5c9a</run_address>
         <size>0x2</size>
         <input_file_ref idref="fl-4"/>
      </object_component>
      <object_component id="oc-887">
         <name>.text:TM_TaskAdd</name>
         <load_address>0x5c9c</load_address>
         <run_address>0x5c9c</run_address>
         <size>0x1b8</size>
         <input_file_ref idref="fl-15"/>
      </object_component>
      <object_component id="oc-7a3">
         <name>.text</name>
         <load_address>0x5e54</load_address>
         <run_address>0x5e54</run_address>
         <size>0x1b6</size>
         <input_file_ref idref="fl-d8"/>
      </object_component>
      <object_component id="oc-31">
         <name>.text:NmiSR</name>
         <load_address>0x600a</load_address>
         <run_address>0x600a</run_address>
         <size>0x2</size>
         <input_file_ref idref="fl-4"/>
      </object_component>
      <object_component id="oc-6b8">
         <name>.text:disk_initialize</name>
         <load_address>0x600c</load_address>
         <run_address>0x600c</run_address>
         <size>0x1ac</size>
         <input_file_ref idref="fl-10"/>
      </object_component>
      <object_component id="oc-407">
         <name>.text:AM_VolumeFade</name>
         <load_address>0x61b8</load_address>
         <run_address>0x61b8</run_address>
         <size>0x190</size>
         <input_file_ref idref="fl-11"/>
      </object_component>
      <object_component id="oc-a03">
         <name>.text:FM_Save</name>
         <load_address>0x6348</load_address>
         <run_address>0x6348</run_address>
         <size>0x190</size>
         <input_file_ref idref="fl-14"/>
      </object_component>
      <object_component id="oc-7dc">
         <name>.text:FM_cd</name>
         <load_address>0x64d8</load_address>
         <run_address>0x64d8</run_address>
         <size>0x188</size>
         <input_file_ref idref="fl-14"/>
      </object_component>
      <object_component id="oc-4f">
         <name>.text:UARTStdioIntHandler</name>
         <load_address>0x6660</load_address>
         <run_address>0x6660</run_address>
         <size>0x188</size>
         <input_file_ref idref="fl-17"/>
      </object_component>
      <object_component id="oc-168">
         <name>.text:FM_Index</name>
         <load_address>0x67e8</load_address>
         <run_address>0x67e8</run_address>
         <size>0x184</size>
         <input_file_ref idref="fl-14"/>
      </object_component>
      <object_component id="oc-3a0">
         <name>.text:FM_Load</name>
         <load_address>0x696c</load_address>
         <run_address>0x696c</run_address>
         <size>0x180</size>
         <input_file_ref idref="fl-14"/>
      </object_component>
      <object_component id="oc-47c">
         <name>.text:dir_next</name>
         <load_address>0x6aec</load_address>
         <run_address>0x6aec</run_address>
         <size>0x180</size>
         <input_file_ref idref="fl-f"/>
      </object_component>
      <object_component id="oc-894">
         <name>.text:TM_TaskRemove</name>
         <load_address>0x6c6c</load_address>
         <run_address>0x6c6c</run_address>
         <size>0x17c</size>
         <input_file_ref idref="fl-15"/>
      </object_component>
      <object_component id="oc-678">
         <name>.text:Cmd_TaskAdd</name>
         <load_address>0x6de8</load_address>
         <run_address>0x6de8</run_address>
         <size>0x170</size>
         <input_file_ref idref="fl-12"/>
      </object_component>
      <object_component id="oc-998">
         <name>.text:f_getfree</name>
         <load_address>0x6f58</load_address>
         <run_address>0x6f58</run_address>
         <size>0x162</size>
         <input_file_ref idref="fl-f"/>
      </object_component>
      <object_component id="oc-5d0">
         <name>.text</name>
         <load_address>0x70ba</load_address>
         <run_address>0x70ba</run_address>
         <size>0x2</size>
         <input_file_ref idref="fl-f5"/>
      </object_component>
      <object_component id="oc-401">
         <name>.text:VS10xxPlay</name>
         <load_address>0x70bc</load_address>
         <run_address>0x70bc</run_address>
         <size>0x154</size>
         <input_file_ref idref="fl-d"/>
      </object_component>
      <object_component id="oc-6d4">
         <name>.text:dir_find</name>
         <load_address>0x7210</load_address>
         <run_address>0x7210</run_address>
         <size>0x154</size>
         <input_file_ref idref="fl-f"/>
      </object_component>
      <object_component id="oc-696">
         <name>.text:Cmd_SysParamSet</name>
         <load_address>0x7364</load_address>
         <run_address>0x7364</run_address>
         <size>0x151</size>
         <input_file_ref idref="fl-12"/>
      </object_component>
      <object_component id="oc-7d">
         <name>.text</name>
         <load_address>0x74b6</load_address>
         <run_address>0x74b6</run_address>
         <size>0x2</size>
         <input_file_ref idref="fl-e1"/>
      </object_component>
      <object_component id="oc-7eb">
         <name>.text:FM_FileDelete</name>
         <load_address>0x74b8</load_address>
         <run_address>0x74b8</run_address>
         <size>0x144</size>
         <input_file_ref idref="fl-14"/>
      </object_component>
      <object_component id="oc-470">
         <name>.text:dir_read</name>
         <load_address>0x75fc</load_address>
         <run_address>0x75fc</run_address>
         <size>0x13e</size>
         <input_file_ref idref="fl-f"/>
      </object_component>
      <object_component id="oc-111">
         <name>.text</name>
         <load_address>0x773a</load_address>
         <run_address>0x773a</run_address>
         <size>0x2</size>
         <input_file_ref idref="fl-fa"/>
      </object_component>
      <object_component id="oc-bc">
         <name>.text:FM_SDCheck</name>
         <load_address>0x773c</load_address>
         <run_address>0x773c</run_address>
         <size>0x13c</size>
         <input_file_ref idref="fl-14"/>
      </object_component>
      <object_component id="oc-802">
         <name>.text:ustrtoul</name>
         <load_address>0x7878</load_address>
         <run_address>0x7878</run_address>
         <size>0x138</size>
         <input_file_ref idref="fl-18"/>
      </object_component>
      <object_component id="oc-5e4">
         <name>.text</name>
         <load_address>0x79b0</load_address>
         <run_address>0x79b0</run_address>
         <size>0x136</size>
         <input_file_ref idref="fl-d9"/>
      </object_component>
      <object_component id="oc-305">
         <name>.text:GPIOPadConfigSet</name>
         <load_address>0x7ae6</load_address>
         <run_address>0x7ae6</run_address>
         <size>0x132</size>
         <input_file_ref idref="fl-100"/>
      </object_component>
      <object_component id="oc-6dc">
         <name>.text:get_fat</name>
         <load_address>0x7c18</load_address>
         <run_address>0x7c18</run_address>
         <size>0x124</size>
         <input_file_ref idref="fl-f"/>
      </object_component>
      <object_component id="oc-96c">
         <name>.text:gen_numname</name>
         <load_address>0x7d3c</load_address>
         <run_address>0x7d3c</run_address>
         <size>0x120</size>
         <input_file_ref idref="fl-f"/>
      </object_component>
      <object_component id="oc-606">
         <name>.text:Cmd_help</name>
         <load_address>0x7e5c</load_address>
         <run_address>0x7e5c</run_address>
         <size>0x118</size>
         <input_file_ref idref="fl-12"/>
      </object_component>
      <object_component id="oc-7e4">
         <name>.text:FM_cat</name>
         <load_address>0x7f74</load_address>
         <run_address>0x7f74</run_address>
         <size>0x114</size>
         <input_file_ref idref="fl-14"/>
      </object_component>
      <object_component id="oc-330">
         <name>.text:SysCtlClockGet</name>
         <load_address>0x8088</load_address>
         <run_address>0x8088</run_address>
         <size>0x110</size>
         <input_file_ref idref="fl-104"/>
      </object_component>
      <object_component id="oc-98a">
         <name>.text:sync_fs</name>
         <load_address>0x8198</load_address>
         <run_address>0x8198</run_address>
         <size>0x110</size>
         <input_file_ref idref="fl-f"/>
      </object_component>
      <object_component id="oc-9aa">
         <name>.text:f_unlink</name>
         <load_address>0x82a8</load_address>
         <run_address>0x82a8</run_address>
         <size>0x10c</size>
         <input_file_ref idref="fl-f"/>
      </object_component>
      <object_component id="oc-57e">
         <name>.text:VS10xxVolumeSet</name>
         <load_address>0x83b4</load_address>
         <run_address>0x83b4</run_address>
         <size>0x108</size>
         <input_file_ref idref="fl-d"/>
      </object_component>
      <object_component id="oc-706">
         <name>.text:create_chain</name>
         <load_address>0x84bc</load_address>
         <run_address>0x84bc</run_address>
         <size>0x104</size>
         <input_file_ref idref="fl-f"/>
      </object_component>
      <object_component id="oc-460">
         <name>.text:dir_sdi</name>
         <load_address>0x85c0</load_address>
         <run_address>0x85c0</run_address>
         <size>0x104</size>
         <input_file_ref idref="fl-f"/>
      </object_component>
      <object_component id="oc-79a">
         <name>.text:f_sync</name>
         <load_address>0x86c4</load_address>
         <run_address>0x86c4</run_address>
         <size>0xfc</size>
         <input_file_ref idref="fl-f"/>
      </object_component>
      <object_component id="oc-5e9">
         <name>.text</name>
         <load_address>0x87c0</load_address>
         <run_address>0x87c0</run_address>
         <size>0xfc</size>
         <input_file_ref idref="fl-da"/>
      </object_component>
      <object_component id="oc-a8a">
         <name>.text</name>
         <load_address>0x88bc</load_address>
         <run_address>0x88bc</run_address>
         <size>0xfc</size>
         <input_file_ref idref="fl-f9"/>
      </object_component>
      <object_component id="oc-7fc">
         <name>.text:getarg</name>
         <load_address>0x89b8</load_address>
         <run_address>0x89b8</run_address>
         <size>0xf6</size>
         <input_file_ref idref="fl-12"/>
      </object_component>
      <object_component id="oc-1a0">
         <name>.text:SysCtlClockSet</name>
         <load_address>0x8ab0</load_address>
         <run_address>0x8ab0</run_address>
         <size>0xf4</size>
         <input_file_ref idref="fl-104"/>
      </object_component>
      <object_component id="oc-793">
         <name>.text:disk_write</name>
         <load_address>0x8ba4</load_address>
         <run_address>0x8ba4</run_address>
         <size>0xec</size>
         <input_file_ref idref="fl-10"/>
      </object_component>
      <object_component id="oc-1e8">
         <name>.text:FM_ConfigLoad</name>
         <load_address>0x8c90</load_address>
         <run_address>0x8c90</run_address>
         <size>0xe8</size>
         <input_file_ref idref="fl-14"/>
      </object_component>
      <object_component id="oc-1ca">
         <name>.text:TM_Init</name>
         <load_address>0x8d78</load_address>
         <run_address>0x8d78</run_address>
         <size>0xe4</size>
         <input_file_ref idref="fl-15"/>
      </object_component>
      <object_component id="oc-53a">
         <name>.text:DS3231RegisterReadBurst</name>
         <load_address>0x8e5c</load_address>
         <run_address>0x8e5c</run_address>
         <size>0xd8</size>
         <input_file_ref idref="fl-6"/>
      </object_component>
      <object_component id="oc-2eb">
         <name>.text:UARTStdioConfig</name>
         <load_address>0x8f34</load_address>
         <run_address>0x8f34</run_address>
         <size>0xd8</size>
         <input_file_ref idref="fl-17"/>
      </object_component>
      <object_component id="oc-6ff">
         <name>.text:ff_convert</name>
         <load_address>0x900c</load_address>
         <run_address>0x900c</run_address>
         <size>0xd8</size>
         <input_file_ref idref="fl-e"/>
      </object_component>
      <object_component id="oc-342">
         <name>.text:VS10xxSciWrite</name>
         <load_address>0x90e4</load_address>
         <run_address>0x90e4</run_address>
         <size>0xd0</size>
         <input_file_ref idref="fl-d"/>
      </object_component>
      <object_component id="oc-978">
         <name>.text:fit_lfn</name>
         <load_address>0x91b4</load_address>
         <run_address>0x91b4</run_address>
         <size>0xcc</size>
         <input_file_ref idref="fl-f"/>
      </object_component>
      <object_component id="oc-660">
         <name>.text:Cmd_rly</name>
         <load_address>0x9280</load_address>
         <run_address>0x9280</run_address>
         <size>0xc5</size>
         <input_file_ref idref="fl-12"/>
      </object_component>
      <object_component id="oc-4fc">
         <name>.text:VS10xxBufferFeed</name>
         <load_address>0x9348</load_address>
         <run_address>0x9348</run_address>
         <size>0xc4</size>
         <input_file_ref idref="fl-d"/>
      </object_component>
      <object_component id="oc-233">
         <name>.text:ActDisable</name>
         <load_address>0x940c</load_address>
         <run_address>0x940c</run_address>
         <size>0xc0</size>
         <input_file_ref idref="fl-5"/>
      </object_component>
      <object_component id="oc-22d">
         <name>.text:ActEnbale</name>
         <load_address>0x94cc</load_address>
         <run_address>0x94cc</run_address>
         <size>0xc0</size>
         <input_file_ref idref="fl-5"/>
      </object_component>
      <object_component id="oc-393">
         <name>.text:HCSR501TimerIntHandler</name>
         <load_address>0x958c</load_address>
         <run_address>0x958c</run_address>
         <size>0xc0</size>
         <input_file_ref idref="fl-7"/>
      </object_component>
      <object_component id="oc-454">
         <name>.text:follow_path</name>
         <load_address>0x964c</load_address>
         <run_address>0x964c</run_address>
         <size>0xc0</size>
         <input_file_ref idref="fl-f"/>
      </object_component>
      <object_component id="oc-3ba">
         <name>.text:AM_VolumeFadeInOutTickHandler</name>
         <load_address>0x970c</load_address>
         <run_address>0x970c</run_address>
         <size>0xbc</size>
         <input_file_ref idref="fl-11"/>
      </object_component>
      <object_component id="oc-d4">
         <name>.text:UARTwrite</name>
         <load_address>0x97c8</load_address>
         <run_address>0x97c8</run_address>
         <size>0xbc</size>
         <input_file_ref idref="fl-17"/>
      </object_component>
      <object_component id="oc-2ab">
         <name>.text:f_opendir</name>
         <load_address>0x9884</load_address>
         <run_address>0x9884</run_address>
         <size>0xbc</size>
         <input_file_ref idref="fl-f"/>
      </object_component>
      <object_component id="oc-8e6">
         <name>.text:power_on</name>
         <load_address>0x9940</load_address>
         <run_address>0x9940</run_address>
         <size>0xbc</size>
         <input_file_ref idref="fl-10"/>
      </object_component>
      <object_component id="oc-666">
         <name>.text:Cmd_disp</name>
         <load_address>0x99fc</load_address>
         <run_address>0x99fc</run_address>
         <size>0xb9</size>
         <input_file_ref idref="fl-12"/>
      </object_component>
      <object_component id="oc-227">
         <name>.text:AM_Play</name>
         <load_address>0x9ab8</load_address>
         <run_address>0x9ab8</run_address>
         <size>0xb8</size>
         <input_file_ref idref="fl-11"/>
      </object_component>
      <object_component id="oc-5d8">
         <name>.text:FM_FileOpen</name>
         <load_address>0x9b70</load_address>
         <run_address>0x9b70</run_address>
         <size>0xb8</size>
         <input_file_ref idref="fl-14"/>
      </object_component>
      <object_component id="oc-934">
         <name>.text:cmp_lfn</name>
         <load_address>0x9c28</load_address>
         <run_address>0x9c28</run_address>
         <size>0xb8</size>
         <input_file_ref idref="fl-f"/>
      </object_component>
      <object_component id="oc-6c4">
         <name>.text:disk_read</name>
         <load_address>0x9ce0</load_address>
         <run_address>0x9ce0</run_address>
         <size>0xb8</size>
         <input_file_ref idref="fl-10"/>
      </object_component>
      <object_component id="oc-1e2">
         <name>.text:HCSR501Init</name>
         <load_address>0x9d98</load_address>
         <run_address>0x9d98</run_address>
         <size>0xb4</size>
         <input_file_ref idref="fl-7"/>
      </object_component>
      <object_component id="oc-3e5">
         <name>.text:VS10xxStop</name>
         <load_address>0x9e4c</load_address>
         <run_address>0x9e4c</run_address>
         <size>0xb4</size>
         <input_file_ref idref="fl-d"/>
      </object_component>
      <object_component id="oc-246">
         <name>.text:CmdLineProcess</name>
         <load_address>0x9f00</load_address>
         <run_address>0x9f00</run_address>
         <size>0xac</size>
         <input_file_ref idref="fl-16"/>
      </object_component>
      <object_component id="oc-6be">
         <name>.text:check_fs</name>
         <load_address>0x9fac</load_address>
         <run_address>0x9fac</run_address>
         <size>0xa8</size>
         <input_file_ref idref="fl-f"/>
      </object_component>
      <object_component id="oc-6f2">
         <name>.text:pick_lfn</name>
         <load_address>0xa054</load_address>
         <run_address>0xa054</run_address>
         <size>0xa8</size>
         <input_file_ref idref="fl-f"/>
      </object_component>
      <object_component id="oc-b6">
         <name>.text:HCSR501OnMotion</name>
         <load_address>0xa0fc</load_address>
         <run_address>0xa0fc</run_address>
         <size>0xa4</size>
         <input_file_ref idref="fl-7"/>
      </object_component>
      <object_component id="oc-3c7">
         <name>.text:NHD0216K3ZPrintText</name>
         <load_address>0xa1a0</load_address>
         <run_address>0xa1a0</run_address>
         <size>0x9e</size>
         <input_file_ref idref="fl-b"/>
      </object_component>
      <object_component id="oc-8f8">
         <name>.text:send_cmd</name>
         <load_address>0xa23e</load_address>
         <run_address>0xa23e</run_address>
         <size>0x9e</size>
         <input_file_ref idref="fl-10"/>
      </object_component>
      <object_component id="oc-1dc">
         <name>.text:DS3231Init</name>
         <load_address>0xa2dc</load_address>
         <run_address>0xa2dc</run_address>
         <size>0x9c</size>
         <input_file_ref idref="fl-6"/>
      </object_component>
      <object_component id="oc-58">
         <name>.text</name>
         <load_address>0xa378</load_address>
         <run_address>0xa378</run_address>
         <size>0x9c</size>
         <input_file_ref idref="fl-df"/>
      </object_component>
      <object_component id="oc-786">
         <name>.text:remove_chain</name>
         <load_address>0xa414</load_address>
         <run_address>0xa414</run_address>
         <size>0x9a</size>
         <input_file_ref idref="fl-f"/>
      </object_component>
      <object_component id="oc-3c1">
         <name>.text:NHD0216K3ZInit</name>
         <load_address>0xa4b0</load_address>
         <run_address>0xa4b0</run_address>
         <size>0x98</size>
         <input_file_ref idref="fl-b"/>
      </object_component>
      <object_component id="oc-2b1">
         <name>.text:f_readdir</name>
         <load_address>0xa548</load_address>
         <run_address>0xa548</run_address>
         <size>0x98</size>
         <input_file_ref idref="fl-f"/>
      </object_component>
      <object_component id="oc-c8">
         <name>.text:UARTPrimeTransmit</name>
         <load_address>0xa5e0</load_address>
         <run_address>0xa5e0</run_address>
         <size>0x94</size>
         <input_file_ref idref="fl-17"/>
      </object_component>
      <object_component id="oc-855">
         <name>.text</name>
         <load_address>0xa674</load_address>
         <run_address>0xa674</run_address>
         <size>0x94</size>
         <input_file_ref idref="fl-e3"/>
      </object_component>
      <object_component id="oc-a58">
         <name>.text:dir_remove</name>
         <load_address>0xa708</load_address>
         <run_address>0xa708</run_address>
         <size>0x8c</size>
         <input_file_ref idref="fl-f"/>
      </object_component>
      <object_component id="oc-240">
         <name>.text:UARTgets</name>
         <load_address>0xa794</load_address>
         <run_address>0xa794</run_address>
         <size>0x88</size>
         <input_file_ref idref="fl-17"/>
      </object_component>
      <object_component id="oc-348">
         <name>.text:VS10xxSciRead</name>
         <load_address>0xa81c</load_address>
         <run_address>0xa81c</run_address>
         <size>0x88</size>
         <input_file_ref idref="fl-d"/>
      </object_component>
      <object_component id="oc-a6f">
         <name>.text:__aeabi_cdcmple</name>
         <load_address>0xa8a4</load_address>
         <run_address>0xa8a4</run_address>
         <size>0x86</size>
         <input_file_ref idref="fl-f3"/>
      </object_component>
      <object_component id="oc-a74">
         <name>.text:__aeabi_cdrcmple</name>
         <load_address>0xa92a</load_address>
         <run_address>0xa92a</run_address>
         <size>0x86</size>
         <input_file_ref idref="fl-f3"/>
      </object_component>
      <object_component id="oc-200">
         <name>.text:DM_UpdateDisplay</name>
         <load_address>0xa9b0</load_address>
         <run_address>0xa9b0</run_address>
         <size>0x84</size>
         <input_file_ref idref="fl-13"/>
      </object_component>
      <object_component id="oc-a60">
         <name>.text:DS3231RegisterReadSingle</name>
         <load_address>0xaa34</load_address>
         <run_address>0xaa34</run_address>
         <size>0x80</size>
         <input_file_ref idref="fl-6"/>
      </object_component>
      <object_component id="oc-5c2">
         <name>.text:VS10xxSdiWrite</name>
         <load_address>0xaab4</load_address>
         <run_address>0xaab4</run_address>
         <size>0x80</size>
         <input_file_ref idref="fl-d"/>
      </object_component>
      <object_component id="oc-70c">
         <name>.text:sync_window</name>
         <load_address>0xab34</load_address>
         <run_address>0xab34</run_address>
         <size>0x7e</size>
         <input_file_ref idref="fl-f"/>
      </object_component>
      <object_component id="oc-71">
         <name>.text</name>
         <load_address>0xabb2</load_address>
         <run_address>0xabb2</run_address>
         <size>0x7a</size>
         <input_file_ref idref="fl-e0"/>
      </object_component>
      <object_component id="oc-983">
         <name>.text:xmit_datablock</name>
         <load_address>0xac2c</load_address>
         <run_address>0xac2c</run_address>
         <size>0x7a</size>
         <input_file_ref idref="fl-10"/>
      </object_component>
      <object_component id="oc-502">
         <name>.text:LEDToggle</name>
         <load_address>0xaca8</load_address>
         <run_address>0xaca8</run_address>
         <size>0x78</size>
         <input_file_ref idref="fl-a"/>
      </object_component>
      <object_component id="oc-972">
         <name>.text:dir_alloc</name>
         <load_address>0xad20</load_address>
         <run_address>0xad20</run_address>
         <size>0x78</size>
         <input_file_ref idref="fl-f"/>
      </object_component>
      <object_component id="oc-8ec">
         <name>.text:send_initial_clock_train</name>
         <load_address>0xad98</load_address>
         <run_address>0xad98</run_address>
         <size>0x78</size>
         <input_file_ref idref="fl-10"/>
      </object_component>
      <object_component id="oc-1b2">
         <name>.text:ConfigureUART</name>
         <load_address>0xae10</load_address>
         <run_address>0xae10</run_address>
         <size>0x74</size>
         <input_file_ref idref="fl-3"/>
      </object_component>
      <object_component id="oc-37a">
         <name>.text:DS3231RegisterWriteSingle</name>
         <load_address>0xae84</load_address>
         <run_address>0xae84</run_address>
         <size>0x74</size>
         <input_file_ref idref="fl-6"/>
      </object_component>
      <object_component id="oc-89">
         <name>.text</name>
         <load_address>0xaef8</load_address>
         <run_address>0xaef8</run_address>
         <size>0x70</size>
         <input_file_ref idref="fl-f0"/>
      </object_component>
      <object_component id="oc-9d7">
         <name>.text</name>
         <load_address>0xaf68</load_address>
         <run_address>0xaf68</run_address>
         <size>0x6e</size>
         <input_file_ref idref="fl-db"/>
      </object_component>
      <object_component id="oc-84a">
         <name>.text:DS3231TemperatureGet</name>
         <load_address>0xafd8</load_address>
         <run_address>0xafd8</run_address>
         <size>0x6c</size>
         <input_file_ref idref="fl-6"/>
      </object_component>
      <object_component id="oc-64">
         <name>.text</name>
         <load_address>0xb044</load_address>
         <run_address>0xb044</run_address>
         <size>0x6a</size>
         <input_file_ref idref="fl-d5"/>
      </object_component>
      <object_component id="oc-380">
         <name>.text:DS3231IntHandler</name>
         <load_address>0xb0b0</load_address>
         <run_address>0xb0b0</run_address>
         <size>0x68</size>
         <input_file_ref idref="fl-6"/>
      </object_component>
      <object_component id="oc-1be">
         <name>.text:FM_Init</name>
         <load_address>0xb118</load_address>
         <run_address>0xb118</run_address>
         <size>0x68</size>
         <input_file_ref idref="fl-14"/>
      </object_component>
      <object_component id="oc-1ac">
         <name>.text:IntEnable</name>
         <load_address>0xb180</load_address>
         <run_address>0xb180</run_address>
         <size>0x68</size>
         <input_file_ref idref="fl-102"/>
      </object_component>
      <object_component id="oc-23a">
         <name>.text:UARTPeek</name>
         <load_address>0xb1e8</load_address>
         <run_address>0xb1e8</run_address>
         <size>0x68</size>
         <input_file_ref idref="fl-17"/>
      </object_component>
      <object_component id="oc-7f4">
         <name>.text:VS10xxPause</name>
         <load_address>0xb250</load_address>
         <run_address>0xb250</run_address>
         <size>0x68</size>
         <input_file_ref idref="fl-d"/>
      </object_component>
      <object_component id="oc-90a">
         <name>.text:set_max_speed</name>
         <load_address>0xb2b8</load_address>
         <run_address>0xb2b8</run_address>
         <size>0x68</size>
         <input_file_ref idref="fl-10"/>
      </object_component>
      <object_component id="oc-a84">
         <name>.text</name>
         <load_address>0xb320</load_address>
         <run_address>0xb320</run_address>
         <size>0x64</size>
         <input_file_ref idref="fl-f8"/>
      </object_component>
      <object_component id="oc-91e">
         <name>.text:send_cmd12</name>
         <load_address>0xb384</load_address>
         <run_address>0xb384</run_address>
         <size>0x64</size>
         <input_file_ref idref="fl-10"/>
      </object_component>
      <object_component id="oc-35a">
         <name>.text:TimerConfigure</name>
         <load_address>0xb3e8</load_address>
         <run_address>0xb3e8</run_address>
         <size>0x60</size>
         <input_file_ref idref="fl-105"/>
      </object_component>
      <object_component id="oc-3fb">
         <name>.text:VS10xxFilePathSet</name>
         <load_address>0xb448</load_address>
         <run_address>0xb448</run_address>
         <size>0x60</size>
         <input_file_ref idref="fl-d"/>
      </object_component>
      <object_component id="oc-1f4">
         <name>.text:DM_Init</name>
         <load_address>0xb4a8</load_address>
         <run_address>0xb4a8</run_address>
         <size>0x5c</size>
         <input_file_ref idref="fl-13"/>
      </object_component>
      <object_component id="oc-209">
         <name>.text:HCSR501Disable</name>
         <load_address>0xb504</load_address>
         <run_address>0xb504</run_address>
         <size>0x5c</size>
         <input_file_ref idref="fl-7"/>
      </object_component>
      <object_component id="oc-15c">
         <name>.text:StringFromFResult</name>
         <load_address>0xb560</load_address>
         <run_address>0xb560</run_address>
         <size>0x5c</size>
         <input_file_ref idref="fl-14"/>
      </object_component>
      <object_component id="oc-918">
         <name>.text:rcvr_datablock</name>
         <load_address>0xb5bc</load_address>
         <run_address>0xb5bc</run_address>
         <size>0x5c</size>
         <input_file_ref idref="fl-10"/>
      </object_component>
      <object_component id="oc-221">
         <name>.text:HCSR501Enable</name>
         <load_address>0xb618</load_address>
         <run_address>0xb618</run_address>
         <size>0x58</size>
         <input_file_ref idref="fl-7"/>
      </object_component>
      <object_component id="oc-9f7">
         <name>.text:f_stat</name>
         <load_address>0xb670</load_address>
         <run_address>0xb670</run_address>
         <size>0x58</size>
         <input_file_ref idref="fl-f"/>
      </object_component>
      <object_component id="oc-763">
         <name>.text:ustrncpy</name>
         <load_address>0xb6c8</load_address>
         <run_address>0xb6c8</run_address>
         <size>0x58</size>
         <input_file_ref idref="fl-18"/>
      </object_component>
      <object_component id="oc-30b">
         <name>.text:GPIOIntTypeSet</name>
         <load_address>0xb720</load_address>
         <run_address>0xb720</run_address>
         <size>0x56</size>
         <input_file_ref idref="fl-100"/>
      </object_component>
      <object_component id="oc-a7e">
         <name>.text</name>
         <load_address>0xb776</load_address>
         <run_address>0xb776</run_address>
         <size>0x56</size>
         <input_file_ref idref="fl-f6"/>
      </object_component>
      <object_component id="oc-92d">
         <name>.text:ff_wtoupper</name>
         <load_address>0xb7cc</load_address>
         <run_address>0xb7cc</run_address>
         <size>0x54</size>
         <input_file_ref idref="fl-e"/>
      </object_component>
      <object_component id="oc-24">
         <name>.text</name>
         <load_address>0xb820</load_address>
         <run_address>0xb820</run_address>
         <size>0x54</size>
         <input_file_ref idref="fl-d3"/>
      </object_component>
      <object_component id="oc-95">
         <name>.text</name>
         <load_address>0xb874</load_address>
         <run_address>0xb874</run_address>
         <size>0x54</size>
         <input_file_ref idref="fl-d7"/>
      </object_component>
      <object_component id="oc-1ee">
         <name>.text:AM_Init</name>
         <load_address>0xb8c8</load_address>
         <run_address>0xb8c8</run_address>
         <size>0x50</size>
         <input_file_ref idref="fl-11"/>
      </object_component>
      <object_component id="oc-374">
         <name>.text:I2CMasterInitExpClk</name>
         <load_address>0xb918</load_address>
         <run_address>0xb918</run_address>
         <size>0x4c</size>
         <input_file_ref idref="fl-101"/>
      </object_component>
      <object_component id="oc-1d0">
         <name>.text:TimerInit</name>
         <load_address>0xb964</load_address>
         <run_address>0xb964</run_address>
         <size>0x4c</size>
         <input_file_ref idref="fl-c"/>
      </object_component>
      <object_component id="oc-4a3">
         <name>.text:UARTFlushTx</name>
         <load_address>0xb9b0</load_address>
         <run_address>0xb9b0</run_address>
         <size>0x4c</size>
         <input_file_ref idref="fl-17"/>
      </object_component>
      <object_component id="oc-752">
         <name>.text:_TimerIntNumberGet</name>
         <load_address>0xb9fc</load_address>
         <run_address>0xb9fc</run_address>
         <size>0x4c</size>
         <input_file_ref idref="fl-105"/>
      </object_component>
      <object_component id="oc-a3">
         <name>.text:disk_timerproc</name>
         <load_address>0xba48</load_address>
         <run_address>0xba48</run_address>
         <size>0x4c</size>
         <input_file_ref idref="fl-10"/>
      </object_component>
      <object_component id="oc-294">
         <name>.text:f_mount</name>
         <load_address>0xba94</load_address>
         <run_address>0xba94</run_address>
         <size>0x4c</size>
         <input_file_ref idref="fl-f"/>
      </object_component>
      <object_component id="oc-a9c">
         <name>.text</name>
         <load_address>0xbae0</load_address>
         <run_address>0xbae0</run_address>
         <size>0x4c</size>
         <input_file_ref idref="fl-ef"/>
      </object_component>
      <object_component id="oc-10b">
         <name>.text</name>
         <load_address>0xbb2c</load_address>
         <run_address>0xbb2c</run_address>
         <size>0x4c</size>
         <input_file_ref idref="fl-f1"/>
      </object_component>
      <object_component id="oc-318">
         <name>.text:GPIOPinConfigure</name>
         <load_address>0xbb78</load_address>
         <run_address>0xbb78</run_address>
         <size>0x48</size>
         <input_file_ref idref="fl-100"/>
      </object_component>
      <object_component id="oc-16e">
         <name>.text:LEDDisable</name>
         <load_address>0xbbc0</load_address>
         <run_address>0xbbc0</run_address>
         <size>0x48</size>
         <input_file_ref idref="fl-a"/>
      </object_component>
      <object_component id="oc-162">
         <name>.text:LEDEnable</name>
         <load_address>0xbc08</load_address>
         <run_address>0xbc08</run_address>
         <size>0x48</size>
         <input_file_ref idref="fl-a"/>
      </object_component>
      <object_component id="oc-a79">
         <name>.text</name>
         <load_address>0xbc50</load_address>
         <run_address>0xbc50</run_address>
         <size>0x48</size>
         <input_file_ref idref="fl-f4"/>
      </object_component>
      <object_component id="oc-5a6">
         <name>.text:UARTConfigSetExpClk</name>
         <load_address>0xbc98</load_address>
         <run_address>0xbc98</run_address>
         <size>0x46</size>
         <input_file_ref idref="fl-106"/>
      </object_component>
      <object_component id="oc-1b8">
         <name>.text:LEDInit</name>
         <load_address>0xbce0</load_address>
         <run_address>0xbce0</run_address>
         <size>0x44</size>
         <input_file_ref idref="fl-a"/>
      </object_component>
      <object_component id="oc-5ee">
         <name>.text</name>
         <load_address>0xbd24</load_address>
         <run_address>0xbd24</run_address>
         <size>0x44</size>
         <input_file_ref idref="fl-dc"/>
      </object_component>
      <object_component id="oc-648">
         <name>.text:Cmd_AudioSetVolume</name>
         <load_address>0xbd68</load_address>
         <run_address>0xbd68</run_address>
         <size>0x43</size>
         <input_file_ref idref="fl-12"/>
      </object_component>
      <object_component id="oc-9bb">
         <name>.text:DS3231RegisterSetSingle</name>
         <load_address>0xbdac</load_address>
         <run_address>0xbdac</run_address>
         <size>0x42</size>
         <input_file_ref idref="fl-6"/>
      </object_component>
      <object_component id="oc-844">
         <name>.text:Dec2Bin</name>
         <load_address>0xbdee</load_address>
         <run_address>0xbdee</run_address>
         <size>0x42</size>
         <input_file_ref idref="fl-12"/>
      </object_component>
      <object_component id="oc-46a">
         <name>.text:validate</name>
         <load_address>0xbe30</load_address>
         <run_address>0xbe30</run_address>
         <size>0x42</size>
         <input_file_ref idref="fl-f"/>
      </object_component>
      <object_component id="oc-1fa">
         <name>.text:NHD0216K3ZSendCommand</name>
         <load_address>0xbe72</load_address>
         <run_address>0xbe72</run_address>
         <size>0x40</size>
         <input_file_ref idref="fl-b"/>
      </object_component>
      <object_component id="oc-4c1">
         <name>.text:_GPIOIntNumberGet</name>
         <load_address>0xbeb4</load_address>
         <run_address>0xbeb4</run_address>
         <size>0x40</size>
         <input_file_ref idref="fl-100"/>
      </object_component>
      <object_component id="oc-3f6">
         <name>.text</name>
         <load_address>0xbef4</load_address>
         <run_address>0xbef4</run_address>
         <size>0x40</size>
         <input_file_ref idref="fl-ea"/>
      </object_component>
      <object_component id="oc-da">
         <name>.text:IsBufferFull</name>
         <load_address>0xbf34</load_address>
         <run_address>0xbf34</run_address>
         <size>0x3c</size>
         <input_file_ref idref="fl-17"/>
      </object_component>
      <object_component id="oc-336">
         <name>.text:SSIConfigSetExpClk</name>
         <load_address>0xbf70</load_address>
         <run_address>0xbf70</run_address>
         <size>0x3c</size>
         <input_file_ref idref="fl-103"/>
      </object_component>
      <object_component id="oc-45a">
         <name>.text:ld_clust</name>
         <load_address>0xbfac</load_address>
         <run_address>0xbfac</run_address>
         <size>0x3c</size>
         <input_file_ref idref="fl-f"/>
      </object_component>
      <object_component id="oc-6ec">
         <name>.text:move_window</name>
         <load_address>0xbfe8</load_address>
         <run_address>0xbfe8</run_address>
         <size>0x3c</size>
         <input_file_ref idref="fl-f"/>
      </object_component>
      <object_component id="oc-6f8">
         <name>.text:sum_sfn</name>
         <load_address>0xc024</load_address>
         <run_address>0xc024</run_address>
         <size>0x3c</size>
         <input_file_ref idref="fl-f"/>
      </object_component>
      <object_component id="oc-93a">
         <name>.text:mem_cmp</name>
         <load_address>0xc060</load_address>
         <run_address>0xc060</run_address>
         <size>0x3a</size>
         <input_file_ref idref="fl-f"/>
      </object_component>
      <object_component id="oc-78d">
         <name>.text:mem_cpy</name>
         <load_address>0xc09a</load_address>
         <run_address>0xc09a</run_address>
         <size>0x3a</size>
         <input_file_ref idref="fl-f"/>
      </object_component>
      <object_component id="oc-9cc">
         <name>.text:DS3231RegBitSet</name>
         <load_address>0xc0d4</load_address>
         <run_address>0xc0d4</run_address>
         <size>0x38</size>
         <input_file_ref idref="fl-6"/>
      </object_component>
      <object_component id="oc-850">
         <name>.text</name>
         <load_address>0xc10c</load_address>
         <run_address>0xc10c</run_address>
         <size>0x38</size>
         <input_file_ref idref="fl-dd"/>
      </object_component>
      <object_component id="oc-808">
         <name>.text:VS10xxVolumeMute</name>
         <load_address>0xc144</load_address>
         <run_address>0xc144</run_address>
         <size>0x35</size>
         <input_file_ref idref="fl-d"/>
      </object_component>
      <object_component id="oc-410">
         <name>.text:GetBufferCount</name>
         <load_address>0xc17a</load_address>
         <run_address>0xc17a</run_address>
         <size>0x34</size>
         <input_file_ref idref="fl-17"/>
      </object_component>
      <object_component id="oc-4c7">
         <name>.text:IntRegister</name>
         <load_address>0xc1b0</load_address>
         <run_address>0xc1b0</run_address>
         <size>0x34</size>
         <input_file_ref idref="fl-102"/>
      </object_component>
      <object_component id="oc-2f2">
         <name>.text:SysCtlPeripheralEnable</name>
         <load_address>0xc1e4</load_address>
         <run_address>0xc1e4</run_address>
         <size>0x34</size>
         <input_file_ref idref="fl-104"/>
      </object_component>
      <object_component id="oc-49d">
         <name>.text:UARTFlushRx</name>
         <load_address>0xc218</load_address>
         <run_address>0xc218</run_address>
         <size>0x34</size>
         <input_file_ref idref="fl-17"/>
      </object_component>
      <object_component id="oc-540">
         <name>.text:Bcd2Dec</name>
         <load_address>0xc24c</load_address>
         <run_address>0xc24c</run_address>
         <size>0x32</size>
         <input_file_ref idref="fl-6"/>
      </object_component>
      <object_component id="oc-712">
         <name>.text:mem_set</name>
         <load_address>0xc27e</load_address>
         <run_address>0xc27e</run_address>
         <size>0x32</size>
         <input_file_ref idref="fl-f"/>
      </object_component>
      <object_component id="oc-39a">
         <name>.text:usprintf</name>
         <load_address>0xc2b0</load_address>
         <run_address>0xc2b0</run_address>
         <size>0x32</size>
         <input_file_ref idref="fl-18"/>
      </object_component>
      <object_component id="oc-49">
         <name>.text:PortDIntHandler</name>
         <load_address>0xc2e4</load_address>
         <run_address>0xc2e4</run_address>
         <size>0x30</size>
         <input_file_ref idref="fl-3"/>
      </object_component>
      <object_component id="oc-6e2">
         <name>.text:clust2sect</name>
         <load_address>0xc314</load_address>
         <run_address>0xc314</run_address>
         <size>0x30</size>
         <input_file_ref idref="fl-f"/>
      </object_component>
      <object_component id="oc-99f">
         <name>.text</name>
         <load_address>0xc344</load_address>
         <run_address>0xc344</run_address>
         <size>0x30</size>
         <input_file_ref idref="fl-e9"/>
      </object_component>
      <object_component id="oc-780">
         <name>.text:st_clust</name>
         <load_address>0xc374</load_address>
         <run_address>0xc374</run_address>
         <size>0x30</size>
         <input_file_ref idref="fl-f"/>
      </object_component>
      <object_component id="oc-a1c">
         <name>.text:wait_ready</name>
         <load_address>0xc3a4</load_address>
         <run_address>0xc3a4</run_address>
         <size>0x30</size>
         <input_file_ref idref="fl-10"/>
      </object_component>
      <object_component id="oc-a22">
         <name>.text:xmit_spi</name>
         <load_address>0xc3d4</load_address>
         <run_address>0xc3d4</run_address>
         <size>0x30</size>
         <input_file_ref idref="fl-10"/>
      </object_component>
      <object_component id="oc-9d2">
         <name>.text</name>
         <load_address>0xc404</load_address>
         <run_address>0xc404</run_address>
         <size>0x2e</size>
         <input_file_ref idref="fl-de"/>
      </object_component>
      <object_component id="oc-ce">
         <name>.text:IsBufferEmpty</name>
         <load_address>0xc432</load_address>
         <run_address>0xc432</run_address>
         <size>0x2c</size>
         <input_file_ref idref="fl-17"/>
      </object_component>
      <object_component id="oc-3ce">
         <name>.text:NHD0216K3ZSendData</name>
         <load_address>0xc460</load_address>
         <run_address>0xc460</run_address>
         <size>0x2c</size>
         <input_file_ref idref="fl-b"/>
      </object_component>
      <object_component id="oc-8fe">
         <name>.text:rcvr_spi</name>
         <load_address>0xc48c</load_address>
         <run_address>0xc48c</run_address>
         <size>0x2c</size>
         <input_file_ref idref="fl-10"/>
      </object_component>
      <object_component id="oc-4b1">
         <name>.text:GPIODirModeSet</name>
         <load_address>0xc4b8</load_address>
         <run_address>0xc4b8</run_address>
         <size>0x2a</size>
         <input_file_ref idref="fl-100"/>
      </object_component>
      <object_component id="oc-8ce">
         <name>.text:SYS_DefaultActiveTineSet</name>
         <load_address>0xc4e4</load_address>
         <run_address>0xc4e4</run_address>
         <size>0x28</size>
         <input_file_ref idref="fl-2"/>
      </object_component>
      <object_component id="oc-927">
         <name>.text:chk_chr</name>
         <load_address>0xc50c</load_address>
         <run_address>0xc50c</run_address>
         <size>0x28</size>
         <input_file_ref idref="fl-f"/>
      </object_component>
      <object_component id="oc-9b5">
         <name>.text:Dec2Bcd</name>
         <load_address>0xc534</load_address>
         <run_address>0xc534</run_address>
         <size>0x26</size>
         <input_file_ref idref="fl-6"/>
      </object_component>
      <object_component id="oc-1d6">
         <name>.text:ActInit</name>
         <load_address>0xc55c</load_address>
         <run_address>0xc55c</run_address>
         <size>0x24</size>
         <input_file_ref idref="fl-5"/>
      </object_component>
      <object_component id="oc-64e">
         <name>.text:Cmd_fadein</name>
         <load_address>0xc580</load_address>
         <run_address>0xc580</run_address>
         <size>0x24</size>
         <input_file_ref idref="fl-12"/>
      </object_component>
      <object_component id="oc-654">
         <name>.text:Cmd_fadeout</name>
         <load_address>0xc5a4</load_address>
         <run_address>0xc5a4</run_address>
         <size>0x24</size>
         <input_file_ref idref="fl-12"/>
      </object_component>
      <object_component id="oc-3ae">
         <name>.text:Timer0AIntConnecte</name>
         <load_address>0xc5c8</load_address>
         <run_address>0xc5c8</run_address>
         <size>0x24</size>
         <input_file_ref idref="fl-c"/>
      </object_component>
      <object_component id="oc-38d">
         <name>.text:Timer1AIntConnecte</name>
         <load_address>0xc5ec</load_address>
         <run_address>0xc5ec</run_address>
         <size>0x24</size>
         <input_file_ref idref="fl-c"/>
      </object_component>
      <object_component id="oc-13e">
         <name>.text:UARTprintf</name>
         <load_address>0xc610</load_address>
         <run_address>0xc610</run_address>
         <size>0x24</size>
         <input_file_ref idref="fl-17"/>
      </object_component>
      <object_component id="oc-86c">
         <name>.text:NHD0216K3ZSetBrightness</name>
         <load_address>0xc634</load_address>
         <run_address>0xc634</run_address>
         <size>0x22</size>
         <input_file_ref idref="fl-b"/>
      </object_component>
      <object_component id="oc-866">
         <name>.text:NHD0216K3ZSetContrast</name>
         <load_address>0xc656</load_address>
         <run_address>0xc656</run_address>
         <size>0x22</size>
         <input_file_ref idref="fl-b"/>
      </object_component>
      <object_component id="oc-215">
         <name>.text:AM_Stop</name>
         <load_address>0xc678</load_address>
         <run_address>0xc678</run_address>
         <size>0x20</size>
         <input_file_ref idref="fl-11"/>
      </object_component>
      <object_component id="oc-67e">
         <name>.text:Cmd_TaskRemove</name>
         <load_address>0xc698</load_address>
         <run_address>0xc698</run_address>
         <size>0x20</size>
         <input_file_ref idref="fl-12"/>
      </object_component>
      <object_component id="oc-817">
         <name>.text:DS3231DateSet</name>
         <load_address>0xc6b8</load_address>
         <run_address>0xc6b8</run_address>
         <size>0x20</size>
         <input_file_ref idref="fl-6"/>
      </object_component>
      <object_component id="oc-811">
         <name>.text:DS3231DaySet</name>
         <load_address>0xc6d8</load_address>
         <run_address>0xc6d8</run_address>
         <size>0x20</size>
         <input_file_ref idref="fl-6"/>
      </object_component>
      <object_component id="oc-82c">
         <name>.text:DS3231HourSet</name>
         <load_address>0xc6f8</load_address>
         <run_address>0xc6f8</run_address>
         <size>0x20</size>
         <input_file_ref idref="fl-6"/>
      </object_component>
      <object_component id="oc-832">
         <name>.text:DS3231MinuteSet</name>
         <load_address>0xc718</load_address>
         <run_address>0xc718</run_address>
         <size>0x20</size>
         <input_file_ref idref="fl-6"/>
      </object_component>
      <object_component id="oc-81d">
         <name>.text:DS3231MonthSet</name>
         <load_address>0xc738</load_address>
         <run_address>0xc738</run_address>
         <size>0x20</size>
         <input_file_ref idref="fl-6"/>
      </object_component>
      <object_component id="oc-838">
         <name>.text:DS3231SecondSet</name>
         <load_address>0xc758</load_address>
         <run_address>0xc758</run_address>
         <size>0x20</size>
         <input_file_ref idref="fl-6"/>
      </object_component>
      <object_component id="oc-826">
         <name>.text:DS3231YearSet</name>
         <load_address>0xc778</load_address>
         <run_address>0xc778</run_address>
         <size>0x20</size>
         <input_file_ref idref="fl-6"/>
      </object_component>
      <object_component id="oc-8bc">
         <name>.text:SYS_AutosaveSet</name>
         <load_address>0xc798</load_address>
         <run_address>0xc798</run_address>
         <size>0x20</size>
         <input_file_ref idref="fl-2"/>
      </object_component>
      <object_component id="oc-7ae">
         <name>.text:UARTDisable</name>
         <load_address>0xc7b8</load_address>
         <run_address>0xc7b8</run_address>
         <size>0x20</size>
         <input_file_ref idref="fl-106"/>
      </object_component>
      <object_component id="oc-6b2">
         <name>.text:disk_status</name>
         <load_address>0xc7d8</load_address>
         <run_address>0xc7d8</run_address>
         <size>0x20</size>
         <input_file_ref idref="fl-10"/>
      </object_component>
      <object_component id="oc-574">
         <name>.text:f_close</name>
         <load_address>0xc7f8</load_address>
         <run_address>0xc7f8</run_address>
         <size>0x20</size>
         <input_file_ref idref="fl-f"/>
      </object_component>
      <object_component id="oc-5df">
         <name>.text</name>
         <load_address>0xc818</load_address>
         <run_address>0xc818</run_address>
         <size>0x20</size>
         <input_file_ref idref="fl-eb"/>
      </object_component>
      <object_component id="oc-83e">
         <name>.text:DS3231AllRegisterGet</name>
         <load_address>0xc838</load_address>
         <run_address>0xc838</run_address>
         <size>0x1e</size>
         <input_file_ref idref="fl-6"/>
      </object_component>
      <object_component id="oc-7c3">
         <name>.text</name>
         <load_address>0xc856</load_address>
         <run_address>0xc856</run_address>
         <size>0x1e</size>
         <input_file_ref idref="fl-e5"/>
      </object_component>
      <object_component id="oc-3a8">
         <name>.text:AM_VolumeSet</name>
         <load_address>0xc874</load_address>
         <run_address>0xc874</run_address>
         <size>0x1c</size>
         <input_file_ref idref="fl-11"/>
      </object_component>
      <object_component id="oc-61e">
         <name>.text:Cmd_pwd</name>
         <load_address>0xc890</load_address>
         <run_address>0xc890</run_address>
         <size>0x1c</size>
         <input_file_ref idref="fl-12"/>
      </object_component>
      <object_component id="oc-904">
         <name>.text:DESELECT</name>
         <load_address>0xc8ac</load_address>
         <run_address>0xc8ac</run_address>
         <size>0x1c</size>
         <input_file_ref idref="fl-10"/>
      </object_component>
      <object_component id="oc-8f2">
         <name>.text:SELECT</name>
         <load_address>0xc8c8</load_address>
         <run_address>0xc8c8</run_address>
         <size>0x1c</size>
         <input_file_ref idref="fl-10"/>
      </object_component>
      <object_component id="oc-352">
         <name>.text:VS1003IntHandler</name>
         <load_address>0xc8e4</load_address>
         <run_address>0xc8e4</run_address>
         <size>0x1c</size>
         <input_file_ref idref="fl-d"/>
      </object_component>
      <object_component id="oc-a96">
         <name>.text</name>
         <load_address>0xc900</load_address>
         <run_address>0xc900</run_address>
         <size>0x1c</size>
         <input_file_ref idref="fl-f7"/>
      </object_component>
      <object_component id="oc-60c">
         <name>.text:Cmd_cls</name>
         <load_address>0xc91c</load_address>
         <run_address>0xc91c</run_address>
         <size>0x1b</size>
         <input_file_ref idref="fl-12"/>
      </object_component>
      <object_component id="oc-324">
         <name>.text:GPIOIntRegister</name>
         <load_address>0xc938</load_address>
         <run_address>0xc938</run_address>
         <size>0x18</size>
         <input_file_ref idref="fl-100"/>
      </object_component>
      <object_component id="oc-2f8">
         <name>.text:GPIOPinTypeGPIOOutput</name>
         <load_address>0xc950</load_address>
         <run_address>0xc950</run_address>
         <size>0x18</size>
         <input_file_ref idref="fl-100"/>
      </object_component>
      <object_component id="oc-8b6">
         <name>.text:SYS_DefaulFadeTime</name>
         <load_address>0xc968</load_address>
         <run_address>0xc968</run_address>
         <size>0x18</size>
         <input_file_ref idref="fl-2"/>
      </object_component>
      <object_component id="oc-8c8">
         <name>.text:SYS_DefaultDispBrightnessSet</name>
         <load_address>0xc980</load_address>
         <run_address>0xc980</run_address>
         <size>0x18</size>
         <input_file_ref idref="fl-2"/>
      </object_component>
      <object_component id="oc-8c2">
         <name>.text:SYS_DefaultDispContrastSet</name>
         <load_address>0xc998</load_address>
         <run_address>0xc998</run_address>
         <size>0x18</size>
         <input_file_ref idref="fl-2"/>
      </object_component>
      <object_component id="oc-8d4">
         <name>.text:SYS_DefaultMotionDelay</name>
         <load_address>0xc9b0</load_address>
         <run_address>0xc9b0</run_address>
         <size>0x18</size>
         <input_file_ref idref="fl-2"/>
      </object_component>
      <object_component id="oc-8b0">
         <name>.text:SYS_DefaultVolumeSet</name>
         <load_address>0xc9c8</load_address>
         <run_address>0xc9c8</run_address>
         <size>0x18</size>
         <input_file_ref idref="fl-2"/>
      </object_component>
      <object_component id="oc-8aa">
         <name>.text:SYS_ModusSet</name>
         <load_address>0xc9e0</load_address>
         <run_address>0xc9e0</run_address>
         <size>0x18</size>
         <input_file_ref idref="fl-2"/>
      </object_component>
      <object_component id="oc-286">
         <name>.text:TimerDisable</name>
         <load_address>0xc9f8</load_address>
         <run_address>0xc9f8</run_address>
         <size>0x18</size>
         <input_file_ref idref="fl-105"/>
      </object_component>
      <object_component id="oc-54b">
         <name>.text:TimerIntRegister</name>
         <load_address>0xca10</load_address>
         <run_address>0xca10</run_address>
         <size>0x18</size>
         <input_file_ref idref="fl-105"/>
      </object_component>
      <object_component id="oc-8f">
         <name>.text</name>
         <load_address>0xca28</load_address>
         <run_address>0xca28</run_address>
         <size>0x18</size>
         <input_file_ref idref="fl-ee"/>
      </object_component>
      <object_component id="oc-418">
         <name>.text</name>
         <load_address>0xca40</load_address>
         <run_address>0xca40</run_address>
         <size>0x18</size>
         <input_file_ref idref="fl-e6"/>
[...]
         <value>0xcd29</value>
         <object_component_ref idref="oc-12"/>
      </symbol>
      <symbol id="sm-128f">
         <name>__TI_decompress_rle24</name>
         <value>0xce35</value>
         <object_component_ref idref="oc-18"/>
      </symbol>
      <symbol id="sm-12b1">
         <name>C$$EXIT</name>
         <value>0xb875</value>
         <object_component_ref idref="oc-95"/>
      </symbol>
      <symbol id="sm-12b2">
         <name>abort</name>
         <value>0xb879</value>
         <object_component_ref idref="oc-95"/>
      </symbol>
      <symbol id="sm-12b3">
         <name>exit</name>
         <value>0xb881</value>
         <object_component_ref idref="oc-95"/>
      </symbol>
      <symbol id="sm-12b4">
         <name>__TI_dtors_ptr</name>
         <value>0x20005b70</value>
         <object_component_ref idref="oc-121"/>
      </symbol>
      <symbol id="sm-12b5">
         <name>__TI_cleanup_ptr</name>
         <value>0x20005b6c</value>
         <object_component_ref idref="oc-121"/>
      </symbol>
      <symbol id="sm-12b6">
         <name>__TI_enable_exit_profile_output</name>
         <value>0x20005b74</value>
         <object_component_ref idref="oc-121"/>
      </symbol>
      <symbol id="sm-12cd">
         <name>__aeabi_dsub</name>
         <value>0x5e55</value>
         <object_component_ref idref="oc-7a3"/>
      </symbol>
      <symbol id="sm-12ce">
         <name>__aeabi_dadd</name>
         <value>0x5e5f</value>
         <object_component_ref idref="oc-7a3"/>
      </symbol>
      <symbol id="sm-12e2">
         <name>__aeabi_ddiv</name>
         <value>0x79b1</value>
         <object_component_ref idref="oc-5e4"/>
      </symbol>
      <symbol id="sm-12ed">
         <name>__aeabi_dmul</name>
         <value>0x87c1</value>
         <object_component_ref idref="oc-5e9"/>
      </symbol>
      <symbol id="sm-12f9">
         <name>__aeabi_d2f</name>
         <value>0xaf69</value>
         <object_component_ref idref="oc-9d7"/>
      </symbol>
      <symbol id="sm-1303">
         <name>__aeabi_d2uiz</name>
         <value>0xbd25</value>
         <object_component_ref idref="oc-5ee"/>
      </symbol>
      <symbol id="sm-130e">
         <name>__aeabi_f2d</name>
         <value>0xc10d</value>
         <object_component_ref idref="oc-850"/>
      </symbol>
      <symbol id="sm-1318">
         <name>__aeabi_i2d</name>
         <value>0xc405</value>
         <object_component_ref idref="oc-9d2"/>
      </symbol>
      <symbol id="sm-1333">
         <name>memcpy</name>
         <value>0xa379</value>
         <object_component_ref idref="oc-58"/>
      </symbol>
      <symbol id="sm-1334">
         <name>__aeabi_memcpy</name>
         <value>0xa379</value>
         <object_component_ref idref="oc-58"/>
      </symbol>
      <symbol id="sm-1335">
         <name>__aeabi_memcpy8</name>
         <value>0xa379</value>
         <object_component_ref idref="oc-58"/>
      </symbol>
      <symbol id="sm-1336">
         <name>__aeabi_memcpy4</name>
         <value>0xa379</value>
         <object_component_ref idref="oc-58"/>
      </symbol>
      <symbol id="sm-1345">
         <name>__aeabi_memset</name>
         <value>0xabb5</value>
         <object_component_ref idref="oc-71"/>
      </symbol>
      <symbol id="sm-1346">
         <name>memset</name>
         <value>0xabbb</value>
         <object_component_ref idref="oc-71"/>
      </symbol>
      <symbol id="sm-1347">
         <name>__aeabi_memset8</name>
         <value>0xabb5</value>
         <object_component_ref idref="oc-71"/>
      </symbol>
      <symbol id="sm-1348">
         <name>__aeabi_memset4</name>
         <value>0xabb5</value>
         <object_component_ref idref="oc-71"/>
      </symbol>
      <symbol id="sm-1349">
         <name>__aeabi_memclr8</name>
         <value>0xabb3</value>
         <object_component_ref idref="oc-71"/>
      </symbol>
      <symbol id="sm-134a">
         <name>__aeabi_memclr4</name>
         <value>0xabb3</value>
         <object_component_ref idref="oc-71"/>
      </symbol>
      <symbol id="sm-134b">
         <name>__aeabi_memclr</name>
         <value>0xabb3</value>
         <object_component_ref idref="oc-71"/>
      </symbol>
      <symbol id="sm-1355">
         <name>__mpu_init</name>
         <value>0x74b7</value>
         <object_component_ref idref="oc-7d"/>
      </symbol>
      <symbol id="sm-135f">
         <name>_system_pre_init</name>
         <value>0xce4b</value>
         <object_component_ref idref="oc-83"/>
      </symbol>
      <symbol id="sm-1380">
         <name>snprintf</name>
         <value>0xa675</value>
         <object_component_ref idref="oc-855"/>
      </symbol>
      <symbol id="sm-1388">
         <name>main_func_sp</name>
         <value>0x20005b98</value>
         <object_component_ref idref="oc-9b"/>
      </symbol>
      <symbol id="sm-1398">
         <name>strcat</name>
         <value>0xc857</value>
         <object_component_ref idref="oc-7c3"/>
      </symbol>
      <symbol id="sm-13a7">
         <name>strcmp</name>
         <value>0xca41</value>
         <object_component_ref idref="oc-418"/>
      </symbol>
      <symbol id="sm-13b5">
         <name>strcpy</name>
         <value>0xcb15</value>
         <object_component_ref idref="oc-2b7"/>
      </symbol>
      <symbol id="sm-13c3">
         <name>strlen</name>
         <value>0xcb29</value>
         <object_component_ref idref="oc-5ad"/>
      </symbol>
      <symbol id="sm-13d3">
         <name>strncpy</name>
         <value>0xc345</value>
         <object_component_ref idref="oc-99f"/>
      </symbol>
      <symbol id="sm-13e2">
         <name>__aeabi_uidivmod</name>
         <value>0xbef5</value>
         <object_component_ref idref="oc-3f6"/>
      </symbol>
      <symbol id="sm-13e3">
         <name>__aeabi_uidiv</name>
         <value>0xbef5</value>
         <object_component_ref idref="oc-3f6"/>
      </symbol>
      <symbol id="sm-13ed">
         <name>__aeabi_ui2d</name>
         <value>0xc819</value>
         <object_component_ref idref="oc-5df"/>
      </symbol>
      <symbol id="sm-1406">
         <name>_nop</name>
         <value>0xcafb</value>
         <object_component_ref idref="oc-261"/>
      </symbol>
      <symbol id="sm-1407">
         <name>_lock</name>
         <value>0x20005b84</value>
         <object_component_ref idref="oc-124"/>
      </symbol>
      <symbol id="sm-1408">
         <name>_unlock</name>
         <value>0x20005b88</value>
         <object_component_ref idref="oc-124"/>
      </symbol>
      <symbol id="sm-1409">
         <name>_register_lock</name>
         <value>0xcaf3</value>
         <object_component_ref idref="oc-261"/>
      </symbol>
      <symbol id="sm-140a">
         <name>_register_unlock</name>
         <value>0xcaed</value>
         <object_component_ref idref="oc-261"/>
      </symbol>
      <symbol id="sm-1511">
         <name>__TI_printfi</name>
         <value>0x1077</value>
         <object_component_ref idref="oc-9de"/>
      </symbol>
      <symbol id="sm-1525">
         <name>_args_main</name>
         <value>0xca29</value>
         <object_component_ref idref="oc-8f"/>
      </symbol>
      <symbol id="sm-153b">
         <name>atoi</name>
         <value>0xbae1</value>
         <object_component_ref idref="oc-a9c"/>
      </symbol>
      <symbol id="sm-1560">
         <name>__TI_auto_init</name>
         <value>0xaef9</value>
         <object_component_ref idref="oc-89"/>
      </symbol>
      <symbol id="sm-157a">
         <name>copy_in</name>
         <value>0xbb2d</value>
         <object_component_ref idref="oc-10b"/>
      </symbol>
      <symbol id="sm-1585">
         <name>_ctypes_</name>
         <value>0x14cca</value>
         <object_component_ref idref="oc-ae3"/>
      </symbol>
      <symbol id="sm-15a7">
         <name>__aeabi_cdcmpeq</name>
         <value>0xa8a5</value>
         <object_component_ref idref="oc-a6f"/>
      </symbol>
      <symbol id="sm-15a8">
         <name>__aeabi_cdcmple</name>
         <value>0xa8a5</value>
         <object_component_ref idref="oc-a6f"/>
      </symbol>
      <symbol id="sm-15a9">
         <name>__aeabi_cdrcmple</name>
         <value>0xa92b</value>
         <object_component_ref idref="oc-a74"/>
      </symbol>
      <symbol id="sm-15b3">
         <name>__aeabi_d2iz</name>
         <value>0xbc51</value>
         <object_component_ref idref="oc-a79"/>
      </symbol>
      <symbol id="sm-15bd">
         <name>__aeabi_idiv0</name>
         <value>0x70bb</value>
         <object_component_ref idref="oc-5d0"/>
      </symbol>
      <symbol id="sm-15cc">
         <name>ltoa</name>
         <value>0xb777</value>
         <object_component_ref idref="oc-a7e"/>
      </symbol>
      <symbol id="sm-15dc">
         <name>memccpy</name>
         <value>0xc901</value>
         <object_component_ref idref="oc-a96"/>
      </symbol>
      <symbol id="sm-15f7">
         <name>frexpl</name>
         <value>0xb321</value>
         <object_component_ref idref="oc-a84"/>
      </symbol>
      <symbol id="sm-15f8">
         <name>frexp</name>
         <value>0xb321</value>
         <object_component_ref idref="oc-a84"/>
      </symbol>
      <symbol id="sm-1615">
         <name>scalbn</name>
         <value>0x88bd</value>
         <object_component_ref idref="oc-a8a"/>
      </symbol>
      <symbol id="sm-1616">
         <name>scalbnl</name>
         <value>0x88bd</value>
         <object_component_ref idref="oc-a8a"/>
      </symbol>
      <symbol id="sm-1617">
         <name>ldexpl</name>
         <value>0x88bd</value>
         <object_component_ref idref="oc-a8a"/>
      </symbol>
      <symbol id="sm-1618">
         <name>ldexp</name>
         <value>0x88bd</value>
         <object_component_ref idref="oc-a8a"/>
      </symbol>
      <symbol id="sm-1622">
         <name>_system_post_cinit</name>
         <value>0x773b</value>
         <object_component_ref idref="oc-111"/>
      </symbol>
      <symbol id="sm-1632">
         <name>strchr</name>
         <value>0xca85</value>
         <object_component_ref idref="oc-a90"/>
      </symbol>
      <symbol id="sm-164e">
         <name>__aeabi_uldivmod</name>
         <value>0x5339</value>
         <object_component_ref idref="oc-a6a"/>
      </symbol>
      <symbol id="sm-1656">
         <name>errno</name>
         <value>0x20005b94</value>
         <object_component_ref idref="oc-ada"/>
      </symbol>
      <symbol id="sm-1660">
         <name>copysign</name>
         <value>0xcb01</value>
         <object_component_ref idref="oc-ad4"/>
      </symbol>
      <symbol id="sm-1661">
         <name>copysignl</name>
         <value>0xcb01</value>
         <object_component_ref idref="oc-ad4"/>
      </symbol>
      <symbol id="sm-166d">
         <name>FPULazyStackingEnable</name>
         <value>0xcc01</value>
         <object_component_ref idref="oc-19a"/>
      </symbol>
      <symbol id="sm-1726">
         <name>GPIOIntRegister</name>
         <value>0xc939</value>
         <object_component_ref idref="oc-324"/>
      </symbol>
      <symbol id="sm-1727">
         <name>GPIOPinConfigure</name>
         <value>0xbb79</value>
         <object_component_ref idref="oc-318"/>
      </symbol>
      <symbol id="sm-1728">
         <name>GPIOPinTypeI2CSCL</name>
         <value>0xcb97</value>
         <object_component_ref idref="oc-36e"/>
      </symbol>
      <symbol id="sm-1729">
         <name>GPIOIntDisable</name>
         <value>0xcce3</value>
         <object_component_ref idref="oc-387"/>
      </symbol>
      <symbol id="sm-172a">
         <name>GPIOIntEnable</name>
         <value>0xcd69</value>
         <object_component_ref idref="oc-311"/>
      </symbol>
      <symbol id="sm-172b">
         <name>GPIOPinTypeI2C</name>
         <value>0xcb85</value>
         <object_component_ref idref="oc-368"/>
      </symbol>
      <symbol id="sm-172c">
         <name>GPIOIntTypeSet</name>
         <value>0xb721</value>
         <object_component_ref idref="oc-30b"/>
      </symbol>
      <symbol id="sm-172d">
         <name>GPIOPinTypeGPIOInput</name>
         <value>0xcb73</value>
         <object_component_ref idref="oc-2ff"/>
      </symbol>
      <symbol id="sm-172e">
         <name>GPIOIntClear</name>
         <value>0xce11</value>
         <object_component_ref idref="oc-b0"/>
      </symbol>
      <symbol id="sm-172f">
         <name>GPIOPinTypeUART</name>
         <value>0xcbbb</value>
         <object_component_ref idref="oc-5a0"/>
      </symbol>
      <symbol id="sm-1730">
         <name>GPIOIntStatus</name>
         <value>0xccf1</value>
         <object_component_ref idref="oc-aa"/>
      </symbol>
      <symbol id="sm-1731">
         <name>GPIOPinTypeGPIOOutput</name>
         <value>0xc951</value>
         <object_component_ref idref="oc-2f8"/>
      </symbol>
      <symbol id="sm-1732">
         <name>GPIOPinRead</name>
         <value>0xce17</value>
         <object_component_ref idref="oc-138"/>
      </symbol>
      <symbol id="sm-1733">
         <name>GPIODirModeSet</name>
         <value>0xc4b9</value>
         <object_component_ref idref="oc-4b1"/>
      </symbol>
      <symbol id="sm-1734">
         <name>GPIOPinWrite</name>
         <value>0xce1d</value>
         <object_component_ref idref="oc-2a4"/>
      </symbol>
      <symbol id="sm-1735">
         <name>GPIOPadConfigSet</name>
         <value>0x7ae7</value>
         <object_component_ref idref="oc-305"/>
      </symbol>
      <symbol id="sm-1736">
         <name>GPIOPinTypeSSI</name>
         <value>0xcba9</value>
         <object_component_ref idref="oc-31e"/>
      </symbol>
      <symbol id="sm-1789">
         <name>I2CMasterDataPut</name>
         <value>0xce43</value>
         <object_component_ref idref="oc-51b"/>
      </symbol>
      <symbol id="sm-178a">
         <name>I2CMasterInitExpClk</name>
         <value>0xb919</value>
         <object_component_ref idref="oc-374"/>
      </symbol>
      <symbol id="sm-178b">
         <name>I2CMasterSlaveAddrSet</name>
         <value>0xcde7</value>
         <object_component_ref idref="oc-515"/>
      </symbol>
      <symbol id="sm-178c">
         <name>I2CMasterDataGet</name>
         <value>0xce3f</value>
         <object_component_ref idref="oc-748"/>
      </symbol>
      <symbol id="sm-178d">
         <name>I2CMasterErr</name>
         <value>0xca6f</value>
         <object_component_ref idref="oc-52d"/>
      </symbol>
      <symbol id="sm-178e">
         <name>I2CMasterControl</name>
         <value>0xce3b</value>
         <object_component_ref idref="oc-521"/>
      </symbol>
      <symbol id="sm-178f">
         <name>I2CMasterBusy</name>
         <value>0xcdd7</value>
         <object_component_ref idref="oc-527"/>
      </symbol>
      <symbol id="sm-1790">
         <name>I2CMasterEnable</name>
         <value>0xcda5</value>
         <object_component_ref idref="oc-50d"/>
      </symbol>
      <symbol id="sm-1791">
         <name>I2CMasterIntClear</name>
         <value>0xcddf</value>
         <object_component_ref idref="oc-533"/>
      </symbol>
      <symbol id="sm-17d3">
         <name>IntEnable</name>
         <value>0xb181</value>
         <object_component_ref idref="oc-1ac"/>
      </symbol>
      <symbol id="sm-17d4">
         <name>IntRegister</name>
         <value>0xc1b1</value>
         <object_component_ref idref="oc-4c7"/>
      </symbol>
      <symbol id="sm-17d5">
         <name>g_pfnRAMVectors</name>
         <value>0x20000000</value>
         <object_component_ref idref="oc-72d"/>
      </symbol>
      <symbol id="sm-17d6">
         <name>IntMasterEnable</name>
         <value>0xcc11</value>
         <object_component_ref idref="oc-1a6"/>
      </symbol>
      <symbol id="sm-1817">
         <name>SSIDataPut</name>
         <value>0xcdaf</value>
         <object_component_ref idref="oc-4dc"/>
      </symbol>
      <symbol id="sm-1818">
         <name>SSIDataGet</name>
         <value>0xcd75</value>
         <object_component_ref idref="oc-4e9"/>
      </symbol>
      <symbol id="sm-1819">
         <name>SSIDataGetNonBlocking</name>
         <value>0xcbcd</value>
         <object_component_ref idref="oc-4e3"/>
      </symbol>
      <symbol id="sm-181a">
         <name>SSIConfigSetExpClk</name>
         <value>0xbf71</value>
         <object_component_ref idref="oc-336"/>
      </symbol>
      <symbol id="sm-181b">
         <name>SSIEnable</name>
         <value>0xcdc3</value>
         <object_component_ref idref="oc-33c"/>
      </symbol>
      <symbol id="sm-181c">
         <name>SSIBusy</name>
         <value>0xcdef</value>
         <object_component_ref idref="oc-4d6"/>
      </symbol>
      <symbol id="sm-181d">
         <name>SSIDisable</name>
         <value>0xcdb9</value>
         <object_component_ref idref="oc-32a"/>
      </symbol>
      <symbol id="sm-186f">
         <name>SysCtlClockSet</name>
         <value>0x8ab1</value>
         <object_component_ref idref="oc-1a0"/>
      </symbol>
      <symbol id="sm-1870">
         <name>SysCtlDelay</name>
         <value>0xce29</value>
         <object_component_ref idref="oc-2d6"/>
      </symbol>
      <symbol id="sm-1871">
         <name>SysCtlPeripheralEnable</name>
         <value>0xc1e5</value>
         <object_component_ref idref="oc-2f2"/>
      </symbol>
      <symbol id="sm-1872">
         <name>SysCtlClockGet</name>
         <value>0x8089</value>
         <object_component_ref idref="oc-330"/>
      </symbol>
      <symbol id="sm-18d7">
         <name>TimerLoadSet</name>
         <value>0xcbdf</value>
         <object_component_ref idref="oc-360"/>
      </symbol>
      <symbol id="sm-18d8">
         <name>TimerDisable</name>
         <value>0xc9f9</value>
         <object_component_ref idref="oc-286"/>
      </symbol>
      <symbol id="sm-18d9">
         <name>TimerIntRegister</name>
         <value>0xca11</value>
         <object_component_ref idref="oc-54b"/>
      </symbol>
      <symbol id="sm-18da">
         <name>TimerEnable</name>
         <value>0xcd1b</value>
         <object_component_ref idref="oc-27f"/>
      </symbol>
      <symbol id="sm-18db">
         <name>TimerIntEnable</name>
         <value>0xcdff</value>
         <object_component_ref idref="oc-551"/>
      </symbol>
      <symbol id="sm-18dc">
         <name>TimerConfigure</name>
         <value>0xb3e9</value>
         <object_component_ref idref="oc-35a"/>
      </symbol>
      <symbol id="sm-18dd">
         <name>TimerIntClear</name>
         <value>0xce47</value>
         <object_component_ref idref="oc-75c"/>
      </symbol>
      <symbol id="sm-190f">
         <name>UARTConfigSetExpClk</name>
         <value>0xbc99</value>
         <object_component_ref idref="oc-5a6"/>
      </symbol>
      <symbol id="sm-1910">
         <name>UARTDisable</name>
         <value>0xc7b9</value>
         <object_component_ref idref="oc-7ae"/>
      </symbol>
      <symbol id="sm-1911">
         <name>UARTClockSourceSet</name>
         <value>0xce2f</value>
         <object_component_ref idref="oc-2e5"/>
      </symbol>
      <symbol id="sm-1912">
         <name>UARTCharPut</name>
         <value>0xcdcd</value>
         <object_component_ref idref="oc-5b4"/>
      </symbol>
      <symbol id="sm-1913">
         <name>UARTEnable</name>
         <value>0xcad9</value>
         <object_component_ref idref="oc-7b4"/>
      </symbol>
      <symbol id="sm-191d">
         <name>CPUcpsie</name>
         <value>0xcd45</value>
         <object_component_ref idref="oc-2d9"/>
      </symbol>
      <symbol id="sm-191e">
         <name>__TI_static_base__</name>
         <value>0x0</value>
      </symbol>
      <symbol id="sm-1921">
         <name>SHT$$INIT_ARRAY$$Limit</name>
         <value>0x0</value>
      </symbol>
      <symbol id="sm-1922">
         <name>SHT$$INIT_ARRAY$$Base</name>
         <value>0x0</value>
      </symbol>
   </symbol_table>
   <title>Link successful</title>
</link_info>
