******************************************************************************
                  TI ARM Linker PC v16.9.4                     
******************************************************************************
>> Linked Sun Nov 12 19:04:01 2017

OUTPUT FILE NAME:   <BA-PYCO-FW.out>
ENTRY POINT SYMBOL: "_c_int00"  address: 0000b6e9


MEMORY CONFIGURATION

         name            origin    length      used     unused   attr    fill
----------------------  --------  ---------  --------  --------  ----  --------
  FLASH                 00000000   00040000  000153fc  0002ac04  R  X
  SRAM                  20000000   00008000  00005d65  0000229b  RW X


SEGMENT ALLOCATION MAP

run origin  load origin   length   init length attrs members
----------  ----------- ---------- ----------- ----- -------
00000000    00000000    00015400   00015400    r-x
  00000000    00000000    0000026c   0000026c    r-- .intvecs
  0000026c    0000026c    0000cb4c   0000cb4c    r-x .text
  0000cdb8    0000cdb8    000083c4   000083c4    r-- .const
  00015180    00015180    00000280   00000280    r-- .cinit
20000000    20000000    00005d66   00000000    rw-
  20000000    20000000    0000026c   00000000    rw- .vtable
  2000026c    2000026c    00004397   00000000    rw- .bss
  20004604    20004604    000013e8   00000000    rw- .stack
  200059ec    200059ec    0000037a   00000000    rw- .data


SECTION ALLOCATION MAP

 output                                  attributes/
section   page    origin      length       input sections
--------  ----  ----------  ----------   ----------------
.intvecs   0    00000000    0000026c     
                  00000000    0000026c     startup_ccs.obj (.intvecs)

.text      0    0000026c    0000cb4c     
                  0000026c    0000113e     rtsv7M4_T_le_v4SPD16_eabi.lib : _printfi.obj (.text)
                  000013aa    00000002     startup_ccs.obj (.text:FaultISR)
                  000013ac    00000904     ConsoleManager.obj (.text:CMD_rtc)
                  00001cb0    00000814     main.obj (.text:main)
                  000024c4    000004d8     ff.obj (.text:chk_mounted)
                  0000299c    000004c8     TaskManager.obj (.text:TM_TaskPrint)
                  00002e64    00000438     ustdlib.obj (.text:uvsnprintf)
                  0000329c    000003eb     ff.obj (.text:create_name)
                  00003687    00000001     --HOLE-- [fill = 0]
                  00003688    000003a8     TaskManager.obj (.text:TM_TaskSet)
                  00003a30    0000030c     uartstdio.obj (.text:UARTvprintf)
                  00003d3c    000002ec     FileManager.obj (.text:FM_ConfigSave)
                  00004028    000002a4     ff.obj (.text:f_write)
                  000042cc    00000255     ConsoleManager.obj (.text:Cmd_TaskSet)
                  00004521    00000001     --HOLE-- [fill = 0]
                  00004522    00000254     ff.obj (.text:f_read)
                  00004776    00000002     startup_ccs.obj (.text:IntDefaultHandler)
                  00004778    00000218     System.obj (.text:SYS_ParamsPrint)
                  00004990    00000218     VS10xx.obj (.text:VS10xxInit)
                  00004ba8    00000218     ff.obj (.text:f_open)
                  00004dc0    00000208     mmc-ek-tm4c123gxl.obj (.text:disk_ioctl)
                  00004fc8    000001fc     FileManager.obj (.text:FM_ls)
                  000051c4    000001f4     rtsv7M4_T_le_v4SPD16_eabi.lib : ull_div_t2.obj (.text)
                  000053b8    000001f0     ff.obj (.text:f_mkdir)
                  000055a8    000001e8     ff.obj (.text:get_fileinfo)
                  00005790    000001d4     ff.obj (.text:dir_register)
                  00005964    000001be     ff.obj (.text:put_fat)
                  00005b22    000001b6     rtsv7M4_T_le_v4SPD16_eabi.lib : fd_add_t2.obj (.text)
                  00005cd8    000001b0     TaskManager.obj (.text:TM_TaskAdd)
                  00005e88    000001ac     mmc-ek-tm4c123gxl.obj (.text:disk_initialize)
                  00006034    00000190     FileManager.obj (.text:FM_Save)
                  000061c4    00000188     FileManager.obj (.text:FM_cd)
                  0000634c    00000188     uartstdio.obj (.text:UARTStdioIntHandler)
                  000064d4    00000184     FileManager.obj (.text:FM_Index)
                  00006658    00000180     FileManager.obj (.text:FM_Load)
                  000067d8    00000180     ff.obj (.text:dir_next)
                  00006958    0000017c     ConsoleManager.obj (.text:Cmd_TaskAdd)
                  00006ad4    0000017c     TaskManager.obj (.text:TM_TaskRemove)
                  00006c50    00000162     ff.obj (.text:f_getfree)
                  00006db2    00000002     startup_ccs.obj (.text:NmiSR)
                  00006db4    00000154     VS10xx.obj (.text:VS10xxPlay)
                  00006f08    00000154     ff.obj (.text:dir_find)
                  0000705c    00000151     ConsoleManager.obj (.text:Cmd_SysParamSet)
                  000071ad    00000001     --HOLE-- [fill = 0]
                  000071ae    00000002     rtsv7M4_T_le_v4SPD16_eabi.lib : i_div0.obj (.text)
                  000071b0    00000148     AudioManager.obj (.text:AM_VolumeFade)
                  000072f8    00000144     FileManager.obj (.text:FM_FileDelete)
                  0000743c    0000013e     ff.obj (.text:dir_read)
                  0000757a    00000002     rtsv7M4_T_le_v4SPD16_eabi.lib : mpu_init.obj (.text)
                  0000757c    0000013c     FileManager.obj (.text:FM_SDCheck)
                  000076b8    00000138     ustdlib.obj (.text:ustrtoul)
                  000077f0    00000136     rtsv7M4_T_le_v4SPD16_eabi.lib : fd_div_t2.obj (.text)
                  00007926    00000132     driverlib.lib : gpio.obj (.text:GPIOPadConfigSet)
                  00007a58    00000124     ff.obj (.text:get_fat)
                  00007b7c    00000120     ff.obj (.text:gen_numname)
                  00007c9c    00000118     ConsoleManager.obj (.text:Cmd_help)
                  00007db4    00000114     FileManager.obj (.text:FM_cat)
                  00007ec8    00000110     driverlib.lib : sysctl.obj (.text:SysCtlClockGet)
                  00007fd8    00000110     ff.obj (.text:sync_fs)
                  000080e8    0000010c     ff.obj (.text:f_unlink)
                  000081f4    00000108     VS10xx.obj (.text:VS10xxVolumeSet)
                  000082fc    00000104     ff.obj (.text:create_chain)
                  00008400    000000fe     ff.obj (.text:dir_sdi)
                  000084fe    000000fc     ff.obj (.text:f_sync)
                  000085fa    000000fc     rtsv7M4_T_le_v4SPD16_eabi.lib : fd_mul_t2.obj (.text)
                  000086f6    00000002                                   : startup.obj (.text)
                  000086f8    000000fc                                   : s_scalbn.obj (.text)
                  000087f4    000000f6     ConsoleManager.obj (.text:getarg)
                  000088ea    00000002     --HOLE-- [fill = 0]
                  000088ec    000000f4     driverlib.lib : sysctl.obj (.text:SysCtlClockSet)
                  000089e0    000000e8     FileManager.obj (.text:FM_ConfigLoad)
                  00008ac8    000000e4     TaskManager.obj (.text:TM_Init)
                  00008bac    000000e4     mmc-ek-tm4c123gxl.obj (.text:disk_write)
                  00008c90    000000d8     DS3231.obj (.text:DS3231RegisterReadBurst)
                  00008d68    000000d8     uartstdio.obj (.text:UARTStdioConfig)
                  00008e40    000000d8     cc932.obj (.text:ff_convert)
                  00008f18    000000d4     VS10xx.obj (.text:VS10xxStop)
                  00008fec    000000d0     AudioManager.obj (.text:AM_VolumeFadeInOutTickHandler)
                  000090bc    000000d0     VS10xx.obj (.text:VS10xxSciWrite)
                  0000918c    000000cc     ff.obj (.text:fit_lfn)
                  00009258    000000c5     ConsoleManager.obj (.text:Cmd_rly)
                  0000931d    00000003     --HOLE-- [fill = 0]
                  00009320    000000c4     VS10xx.obj (.text:VS10xxBufferFeed)
                  000093e4    000000c0     ACT.obj (.text:ActDisable)
                  000094a4    000000c0     ACT.obj (.text:ActEnbale)
                  00009564    000000c0     HCSR501.obj (.text:HCSR501TimerIntHandler)
                  00009624    000000c0     ff.obj (.text:follow_path)
                  000096e4    000000bc     uartstdio.obj (.text:UARTwrite)
                  000097a0    000000bc     ff.obj (.text:f_opendir)
                  0000985c    000000bc     mmc-ek-tm4c123gxl.obj (.text:power_on)
                  00009918    000000b9     ConsoleManager.obj (.text:Cmd_disp)
                  000099d1    00000003     --HOLE-- [fill = 0]
                  000099d4    000000b8     AudioManager.obj (.text:AM_Play)
                  00009a8c    000000b8     FileManager.obj (.text:FM_FileOpen)
                  00009b44    000000b8     ff.obj (.text:cmp_lfn)
                  00009bfc    000000b4     HCSR501.obj (.text:HCSR501Init)
                  00009cb0    000000b4     mmc-ek-tm4c123gxl.obj (.text:disk_read)
                  00009d64    000000ac     cmdline.obj (.text:CmdLineProcess)
                  00009e10    000000a8     ff.obj (.text:check_fs)
                  00009eb8    000000a8     ff.obj (.text:pick_lfn)
                  00009f60    000000a4     HCSR501.obj (.text:HCSR501OnMotion)
                  0000a004    0000009e     NHD0216K3Z.obj (.text:NHD0216K3ZPrintText)
                  0000a0a2    0000009e     mmc-ek-tm4c123gxl.obj (.text:send_cmd)
                  0000a140    0000009c     DisplayManager.obj (.text:DM_UpdateDisplay)
                  0000a1dc    0000009c     DS3231.obj (.text:DS3231Init)
                  0000a278    0000009c     rtsv7M4_T_le_v4SPD16_eabi.lib : memcpy_t2.obj (.text)
                  0000a314    0000009a     ff.obj (.text:remove_chain)
                  0000a3ae    00000002     --HOLE-- [fill = 0]
                  0000a3b0    00000098     NHD0216K3Z.obj (.text:NHD0216K3ZInit)
                  0000a448    00000094     DS3231.obj (.text:DS3231IntHandler)
                  0000a4dc    00000094     uartstdio.obj (.text:UARTPrimeTransmit)
                  0000a570    00000094     ff.obj (.text:f_readdir)
                  0000a604    00000094     rtsv7M4_T_le_v4SPD16_eabi.lib : snprintf.obj (.text)
                  0000a698    0000008c     ff.obj (.text:dir_remove)
                  0000a724    00000088     uartstdio.obj (.text:UARTgets)
                  0000a7ac    00000088     VS10xx.obj (.text:VS10xxSciRead)
                  0000a834    00000086     rtsv7M4_T_le_v4SPD16_eabi.lib : fd_cmp_t2.obj (.text:__aeabi_cdcmple)
                  0000a8ba    00000086                                   : fd_cmp_t2.obj (.text:__aeabi_cdrcmple)
                  0000a940    00000084     TaskManager.obj (.text:TM_TaskSearch)
                  0000a9c4    00000080     DS3231.obj (.text:DS3231RegisterReadSingle)
                  0000aa44    00000080     VS10xx.obj (.text:VS10xxSdiWrite)
                  0000aac4    0000007e     ff.obj (.text:sync_window)
                  0000ab42    0000007a     rtsv7M4_T_le_v4SPD16_eabi.lib : memset_t2.obj (.text)
                  0000abbc    0000007a     mmc-ek-tm4c123gxl.obj (.text:xmit_datablock)
                  0000ac36    00000002     --HOLE-- [fill = 0]
                  0000ac38    00000078     LED.obj (.text:LEDToggle)
                  0000acb0    00000078     ff.obj (.text:dir_alloc)
                  0000ad28    00000078     mmc-ek-tm4c123gxl.obj (.text:send_initial_clock_train)
                  0000ada0    00000074     main.obj (.text:ConfigureUART)
                  0000ae14    00000074     DS3231.obj (.text:DS3231RegisterWriteSingle)
                  0000ae88    00000070     rtsv7M4_T_le_v4SPD16_eabi.lib : autoinit.obj (.text)
                  0000aef8    0000006e                                   : fd_tos_t2.obj (.text)
                  0000af66    00000002     --HOLE-- [fill = 0]
                  0000af68    0000006c     DS3231.obj (.text:DS3231TemperatureGet)
                  0000afd4    00000068     FileManager.obj (.text:FM_Init)
                  0000b03c    00000068     driverlib.lib : interrupt.obj (.text:IntEnable)
                  0000b0a4    00000068     uartstdio.obj (.text:UARTPeek)
                  0000b10c    00000068     VS10xx.obj (.text:VS10xxPause)
                  0000b174    00000068     rtsv7M4_T_le_v4SPD16_eabi.lib : copy_decompress_lzss.obj (.text:decompress:lzss)
                  0000b1dc    00000068     mmc-ek-tm4c123gxl.obj (.text:set_max_speed)
                  0000b244    00000064     rtsv7M4_T_le_v4SPD16_eabi.lib : s_frexp.obj (.text)
                  0000b2a8    00000064     mmc-ek-tm4c123gxl.obj (.text:send_cmd12)
                  0000b30c    00000060     driverlib.lib : timer.obj (.text:TimerConfigure)
                  0000b36c    00000060     VS10xx.obj (.text:VS10xxFilePathSet)
                  0000b3cc    0000005c     HCSR501.obj (.text:HCSR501Disable)
                  0000b428    0000005c     FileManager.obj (.text:StringFromFResult)
                  0000b484    0000005c     mmc-ek-tm4c123gxl.obj (.text:rcvr_datablock)
                  0000b4e0    00000058     HCSR501.obj (.text:HCSR501Enable)
                  0000b538    00000058     ff.obj (.text:f_stat)
                  0000b590    00000058     ustdlib.obj (.text:ustrncpy)
                  0000b5e8    00000056     driverlib.lib : gpio.obj (.text:GPIOIntTypeSet)
                  0000b63e    00000002     --HOLE-- [fill = 0]
                  0000b640    00000054     main.obj (.text:ConvertSecondsInHhMmSs)
                  0000b694    00000054     cc932.obj (.text:ff_wtoupper)
                  0000b6e8    00000054     rtsv7M4_T_le_v4SPD16_eabi.lib : boot.obj (.text)
                  0000b73c    00000054                                   : exit.obj (.text)
                  0000b790    00000054                                   : ltoa.obj (.text)
                  0000b7e4    00000050     AudioManager.obj (.text:AM_Init)
                  0000b834    0000004c     driverlib.lib : i2c.obj (.text:I2CMasterInitExpClk)
                  0000b880    0000004c     Timer.obj (.text:TimerInit)
                  0000b8cc    0000004c     uartstdio.obj (.text:UARTFlushTx)
                  0000b918    0000004c     driverlib.lib : timer.obj (.text:_TimerIntNumberGet)
                  0000b964    0000004c     mmc-ek-tm4c123gxl.obj (.text:disk_timerproc)
                  0000b9b0    0000004c     ff.obj (.text:f_mount)
                  0000b9fc    0000004c     rtsv7M4_T_le_v4SPD16_eabi.lib : atoi.obj (.text)
                  0000ba48    0000004c                                   : cpy_tbl.obj (.text)
                  0000ba94    00000048     driverlib.lib : gpio.obj (.text:GPIOPinConfigure)
                  0000badc    00000048     LED.obj (.text:LEDDisable)
                  0000bb24    00000048     LED.obj (.text:LEDEnable)
                  0000bb6c    00000048     rtsv7M4_T_le_v4SPD16_eabi.lib : fd_toi_t2.obj (.text)
                  0000bbb4    00000046     driverlib.lib : uart.obj (.text:UARTConfigSetExpClk)
                  0000bbfa    00000002     --HOLE-- [fill = 0]
                  0000bbfc    00000044     LED.obj (.text:LEDInit)
                  0000bc40    00000044     driverlib.lib : gpio.obj (.text:_GPIOIntNumberGet)
                  0000bc84    00000044     rtsv7M4_T_le_v4SPD16_eabi.lib : fd_tou_t2.obj (.text)
                  0000bcc8    00000043     ConsoleManager.obj (.text:Cmd_AudioSetVolume)
                  0000bd0b    00000001     --HOLE-- [fill = 0]
                  0000bd0c    00000042     DS3231.obj (.text:DS3231RegisterSetSingle)
                  0000bd4e    00000042     ConsoleManager.obj (.text:Dec2Bin)
                  0000bd90    00000042     ff.obj (.text:validate)
                  0000bdd2    00000040     rtsv7M4_T_le_v4SPD16_eabi.lib : u_divt2.obj (.text)
                  0000be12    0000003c     uartstdio.obj (.text:IsBufferFull)
                  0000be4e    0000003c     NHD0216K3Z.obj (.text:NHD0216K3ZSendCommand)
                  0000be8a    0000003c     driverlib.lib : ssi.obj (.text:SSIConfigSetExpClk)
                  0000bec6    0000003c     ff.obj (.text:ld_clust)
                  0000bf02    0000003c     ff.obj (.text:move_window)
                  0000bf3e    0000003c     ff.obj (.text:sum_sfn)
                  0000bf7a    0000003a     ff.obj (.text:mem_cmp)
                  0000bfb4    0000003a     ff.obj (.text:mem_cpy)
                  0000bfee    00000038     DS3231.obj (.text:DS3231RegBitSet)
                  0000c026    00000038     rtsv7M4_T_le_v4SPD16_eabi.lib : fs_tod_t2.obj (.text)
                  0000c05e    00000036                                   : strncpy.obj (.text)
                  0000c094    00000035     VS10xx.obj (.text:VS10xxVolumeMute)
                  0000c0c9    00000001     --HOLE-- [fill = 0]
                  0000c0ca    00000034     uartstdio.obj (.text:GetBufferCount)
                  0000c0fe    00000002     --HOLE-- [fill = 0]
                  0000c100    00000034     driverlib.lib : interrupt.obj (.text:IntRegister)
                  0000c134    00000034                   : sysctl.obj (.text:SysCtlPeripheralEnable)
                  0000c168    00000034     uartstdio.obj (.text:UARTFlushRx)
                  0000c19c    00000032     DS3231.obj (.text:Bcd2Dec)
                  0000c1ce    00000032     ff.obj (.text:mem_set)
                  0000c200    00000032     ustdlib.obj (.text:usprintf)
                  0000c232    00000002     --HOLE-- [fill = 0]
                  0000c234    00000030     main.obj (.text:PortDIntHandler)
                  0000c264    00000030     ff.obj (.text:clust2sect)
                  0000c294    00000030     ff.obj (.text:st_clust)
                  0000c2c4    00000030     mmc-ek-tm4c123gxl.obj (.text:wait_ready)
                  0000c2f4    00000030     mmc-ek-tm4c123gxl.obj (.text:xmit_spi)
                  0000c324    0000002e     rtsv7M4_T_le_v4SPD16_eabi.lib : i_tofd_t2.obj (.text)
                  0000c352    0000002c     uartstdio.obj (.text:IsBufferEmpty)
                  0000c37e    00000002     --HOLE-- [fill = 0]
                  0000c380    0000002c     NHD0216K3Z.obj (.text:NHD0216K3ZSendData)
                  0000c3ac    0000002c     mmc-ek-tm4c123gxl.obj (.text:rcvr_spi)
                  0000c3d8    0000002a     driverlib.lib : gpio.obj (.text:GPIODirModeSet)
                  0000c402    00000002     --HOLE-- [fill = 0]
                  0000c404    00000028     System.obj (.text:SYS_DefaultActiveTineSet)
                  0000c42c    00000028     ff.obj (.text:chk_chr)
                  0000c454    00000026     DS3231.obj (.text:Dec2Bcd)
                  0000c47a    00000002     --HOLE-- [fill = 0]
                  0000c47c    00000024     ACT.obj (.text:ActInit)
                  0000c4a0    00000024     ConsoleManager.obj (.text:Cmd_fadein)
                  0000c4c4    00000024     ConsoleManager.obj (.text:Cmd_fadeout)
                  0000c4e8    00000024     DisplayManager.obj (.text:DM_Init)
                  0000c50c    00000024     Timer.obj (.text:Timer0AIntConnecte)
                  0000c530    00000024     Timer.obj (.text:Timer1AIntConnecte)
                  0000c554    00000024     uartstdio.obj (.text:UARTprintf)
                  0000c578    00000022     NHD0216K3Z.obj (.text:NHD0216K3ZSetBrightness)
                  0000c59a    00000022     NHD0216K3Z.obj (.text:NHD0216K3ZSetContrast)
                  0000c5bc    00000020     AudioManager.obj (.text:AM_Stop)
                  0000c5dc    00000020     ConsoleManager.obj (.text:Cmd_TaskRemove)
                  0000c5fc    00000020     DS3231.obj (.text:DS3231DateSet)
                  0000c61c    00000020     DS3231.obj (.text:DS3231DaySet)
                  0000c63c    00000020     DS3231.obj (.text:DS3231HourSet)
                  0000c65c    00000020     DS3231.obj (.text:DS3231MinuteSet)
                  0000c67c    00000020     DS3231.obj (.text:DS3231MonthSet)
                  0000c69c    00000020     DS3231.obj (.text:DS3231SecondSet)
                  0000c6bc    00000020     DS3231.obj (.text:DS3231YearSet)
                  0000c6dc    00000020     System.obj (.text:SYS_AutosaveSet)
                  0000c6fc    00000020     driverlib.lib : uart.obj (.text:UARTDisable)
                  0000c71c    00000020     mmc-ek-tm4c123gxl.obj (.text:disk_status)
                  0000c73c    00000020     ff.obj (.text:f_close)
                  0000c75c    00000020     rtsv7M4_T_le_v4SPD16_eabi.lib : u_tofd_t2.obj (.text)
                  0000c77c    0000001e     DS3231.obj (.text:DS3231AllRegisterGet)
                  0000c79a    0000001e     rtsv7M4_T_le_v4SPD16_eabi.lib : strcat.obj (.text)
                  0000c7b8    0000001c     AudioManager.obj (.text:AM_VolumeSet)
                  0000c7d4    0000001c     ConsoleManager.obj (.text:Cmd_pwd)
                  0000c7f0    0000001c     mmc-ek-tm4c123gxl.obj (.text:DESELECT)
                  0000c80c    0000001c     mmc-ek-tm4c123gxl.obj (.text:SELECT)
                  0000c828    0000001c     VS10xx.obj (.text:VS1003IntHandler)
                  0000c844    0000001c     rtsv7M4_T_le_v4SPD16_eabi.lib : memccpy.obj (.text)
                  0000c860    0000001b     ConsoleManager.obj (.text:Cmd_cls)
                  0000c87b    00000001     --HOLE-- [fill = 0]
                  0000c87c    00000018     driverlib.lib : gpio.obj (.text:GPIOIntRegister)
                  0000c894    00000018                   : gpio.obj (.text:GPIOPinTypeGPIOOutput)
                  0000c8ac    00000018     System.obj (.text:SYS_DefaulFadeTime)
                  0000c8c4    00000018     System.obj (.text:SYS_DefaultDispBrightnessSet)
                  0000c8dc    00000018     System.obj (.text:SYS_DefaultDispContrastSet)
                  0000c8f4    00000018     System.obj (.text:SYS_DefaultMotionDelay)
                  0000c90c    00000018     System.obj (.text:SYS_DefaultVolumeSet)
                  0000c924    00000018     System.obj (.text:SYS_ModusSet)
                  0000c93c    00000018     driverlib.lib : timer.obj (.text:TimerDisable)
                  0000c954    00000018                   : timer.obj (.text:TimerIntRegister)
                  0000c96c    00000018     rtsv7M4_T_le_v4SPD16_eabi.lib : args_main.obj (.text)
                  0000c984    00000018                                   : strcmp.obj (.text)
                  0000c99c    00000016     ConsoleManager.obj (.text:Cmd_play)
                  0000c9b2    00000016     driverlib.lib : i2c.obj (.text:I2CMasterErr)
                  0000c9c8    00000016     rtsv7M4_T_le_v4SPD16_eabi.lib : strchr.obj (.text)
                  0000c9de    00000002     --HOLE-- [fill = 0]
                  0000c9e0    00000014     ACT.obj (.text:ActDisableAll)
                  0000c9f4    00000014     ACT.obj (.text:ActEnbaleAll)
                  0000ca08    00000014     Timer.obj (.text:Timer0ALoad)
                  0000ca1c    00000014     driverlib.lib : uart.obj (.text:UARTEnable)
                  0000ca30    00000014     rtsv7M4_T_le_v4SPD16_eabi.lib : _lock.obj (.text)
                  0000ca44    00000014                                   : s_copysign.obj (.text)
                  0000ca58    00000014                                   : strcpy.obj (.text)
                  0000ca6c    00000014                                   : strlen.obj (.text)
                  0000ca80    00000012     ConsoleManager.obj (.text:Cmd_cat)
                  0000ca92    00000012     ConsoleManager.obj (.text:Cmd_cd)
                  0000caa4    00000012     ConsoleManager.obj (.text:Cmd_deleteFile)
                  0000cab6    00000012     driverlib.lib : gpio.obj (.text:GPIOPinTypeGPIOInput)
                  0000cac8    00000012                   : gpio.obj (.text:GPIOPinTypeI2C)
                  0000cada    00000012                   : gpio.obj (.text:GPIOPinTypeI2CSCL)
                  0000caec    00000012                   : gpio.obj (.text:GPIOPinTypeSSI)
                  0000cafe    00000012                   : gpio.obj (.text:GPIOPinTypeUART)
                  0000cb10    00000012                   : ssi.obj (.text:SSIDataGetNonBlocking)
                  0000cb22    00000012                   : timer.obj (.text:TimerLoadSet)
                  0000cb34    00000010     ConsoleManager.obj (.text:Cmd_SysConfigSave)
                  0000cb44    00000010     ConsoleManager.obj (.text:Cmd_TaskConfigSave)
                  0000cb54    00000010     FileManager.obj (.text:FM_Mount)
                  0000cb64    00000010     driverlib.lib : fpu.obj (.text:FPULazyStackingEnable)
                  0000cb74    00000010                   : interrupt.obj (.text:IntMasterEnable)
                  0000cb84    00000010     Timer.obj (.text:Timer0AIntClear)
                  0000cb94    00000010     Timer.obj (.text:Timer0AStart)
                  0000cba4    00000010     Timer.obj (.text:Timer0AStop)
                  0000cbb4    00000010     Timer.obj (.text:Timer1AIntClear)
                  0000cbc4    00000010     Timer.obj (.text:Timer1AStart)
                  0000cbd4    00000010     Timer.obj (.text:Timer1AStop)
                  0000cbe4    0000000e     ConsoleManager.obj (.text:Cmd_TaskPrint)
                  0000cbf2    0000000e     ConsoleManager.obj (.text:Cmd_configload)
                  0000cc00    0000000e     ConsoleManager.obj (.text:Cmd_index)
                  0000cc0e    0000000e     ConsoleManager.obj (.text:Cmd_ls)
                  0000cc1c    0000000e     ConsoleManager.obj (.text:Cmd_pause)
                  0000cc2a    0000000e     ConsoleManager.obj (.text:Cmd_stop)
                  0000cc38    0000000e     driverlib.lib : gpio.obj (.text:GPIOIntDisable)
                  0000cc46    0000000e                   : gpio.obj (.text:GPIOIntStatus)
                  0000cc54    0000000e     NHD0216K3Z.obj (.text:NHD0216K3ZOff)
                  0000cc62    0000000e     NHD0216K3Z.obj (.text:NHD0216K3ZOn)
                  0000cc70    0000000e     driverlib.lib : timer.obj (.text:TimerEnable)
                  0000cc7e    0000000e     VS10xx.obj (.text:VS10xxSwReset)
                  0000cc8c    0000000e     rtsv7M4_T_le_v4SPD16_eabi.lib : copy_decompress_none.obj (.text:decompress:none)
                  0000cc9a    0000000e     mmc-ek-tm4c123gxl.obj (.text:rcvr_spi_m)
                  0000cca8    0000000c     driverlib.lib : cpu.obj (.text:CPUcpsie)
                  0000ccb4    0000000c     ConsoleManager.obj (.text:Cmd_SysParamPrint)
                  0000ccc0    0000000c     FileManager.obj (.text:FM_FileClose)
                  0000cccc    0000000c     driverlib.lib : gpio.obj (.text:GPIOIntEnable)
                  0000ccd8    0000000c                   : ssi.obj (.text:SSIDataGet)
                  0000cce4    0000000c     VS10xx.obj (.text:VS10xxStateGet)
                  0000ccf0    0000000c     mmc-ek-tm4c123gxl.obj (.text:chk_power)
                  0000ccfc    0000000c     rtsv7M4_T_le_v4SPD16_eabi.lib : copy_zero_init.obj (.text:decompress:ZI)
                  0000cd08    0000000c     mmc-ek-tm4c123gxl.obj (.text:power_off)
                  0000cd14    0000000a     driverlib.lib : i2c.obj (.text:I2CMasterEnable)
                  0000cd1e    0000000a                   : ssi.obj (.text:SSIDataPut)
                  0000cd28    0000000a                   : ssi.obj (.text:SSIDisable)
                  0000cd32    0000000a                   : ssi.obj (.text:SSIEnable)
                  0000cd3c    0000000a                   : uart.obj (.text:UARTCharPut)
                  0000cd46    00000008                   : i2c.obj (.text:I2CMasterBusy)
                  0000cd4e    00000008                   : i2c.obj (.text:I2CMasterIntClear)
                  0000cd56    00000008                   : i2c.obj (.text:I2CMasterSlaveAddrSet)
                  0000cd5e    00000008                   : ssi.obj (.text:SSIBusy)
                  0000cd66    00000008     FileManager.obj (.text:SysTickHandler)
                  0000cd6e    00000008     driverlib.lib : timer.obj (.text:TimerIntEnable)
                  0000cd76    00000002     --HOLE-- [fill = 0]
                  0000cd78    00000008     mmc-ek-tm4c123gxl.obj (.text:get_fattime)
                  0000cd80    00000006     driverlib.lib : gpio.obj (.text:GPIOIntClear)
                  0000cd86    00000006                   : gpio.obj (.text:GPIOPinRead)
                  0000cd8c    00000006                   : gpio.obj (.text:GPIOPinWrite)
                  0000cd92    00000006     startup_ccs.obj (.text:ResetISR)
                  0000cd98    00000006     driverlib.lib : sysctl.obj (.text:SysCtlDelay)
                  0000cd9e    00000006                   : uart.obj (.text:UARTClockSourceSet)
                  0000cda4    00000004                   : i2c.obj (.text:I2CMasterControl)
                  0000cda8    00000004                   : i2c.obj (.text:I2CMasterDataGet)
                  0000cdac    00000004                   : i2c.obj (.text:I2CMasterDataPut)
                  0000cdb0    00000004                   : timer.obj (.text:TimerIntClear)
                  0000cdb4    00000004     rtsv7M4_T_le_v4SPD16_eabi.lib : pre_init.obj (.text)

.const     0    0000cdb8    000083c4     
                  0000cdb8    00007378     cc932.obj (.const:uni2sjis)
                  00014130    00000630     ConsoleManager.obj (.const:.string)
                  00014760    000001e0     cc932.obj (.const:tbl_lower$1)
                  00014940    000001e0     cc932.obj (.const:tbl_upper$2)
                  00014b20    0000013a     FileManager.obj (.const:.string)
                  00014c5a    00000101     rtsv7M4_T_le_v4SPD16_eabi.lib : ctype.obj (.const:.string:_ctypes_)
                  00014d5b    00000001     --HOLE-- [fill = 0]
                  00014d5c    000000d8     driverlib.lib : gpio.obj (.const:g_ppui32GPIOIntMapSnowflake)
                  00014e34    000000c0                   : gpio.obj (.const:g_ppui32GPIOIntMapBlizzard)
                  00014ef4    00000090                   : gpio.obj (.const:g_pui32GPIOBaseAddrs)
                  00014f84    00000070                   : interrupt.obj (.const)
                  00014ff4    0000006c                   : sysctl.obj (.const:g_pui32Xtals)
                  00015060    00000060                   : timer.obj (.const:g_ppui32TimerIntMap)
                  000150c0    00000040                   : timer.obj (.const:g_ppui32TimerIntMapSnowflake)
                  00015100    0000001c     DisplayManager.obj (.const:.string)
                  0001511c    00000012     uartstdio.obj (.const:.string)
                  0001512e    00000002     --HOLE-- [fill = 0]
                  00015130    00000012     ustdlib.obj (.const:.string)
                  00015142    0000000d     ff.obj (.const:.string:LfnOfs)
                  0001514f    00000001     --HOLE-- [fill = 0]
                  00015150    0000000c     uartstdio.obj (.const:g_ui32UARTBase)
                  0001515c    0000000c     uartstdio.obj (.const:g_ui32UARTInt)
                  00015168    0000000c     uartstdio.obj (.const:g_ui32UARTPeriph)
                  00015174    00000004     uartstdio.obj (.const)
                  00015178    00000004     ustdlib.obj (.const)

.cinit     0    00015180    00000280     
                  00015180    00000246     (.cinit..data.load) [load image, compression = lzss]
                  000153c6    00000002     --HOLE-- [fill = 0]
                  000153c8    0000000c     (__TI_handler_table)
                  000153d4    00000004     --HOLE-- [fill = 0]
                  000153d8    00000008     (.cinit..bss.load) [load image, compression = zero_init]
                  000153e0    00000008     (.cinit..vtable.load) [load image, compression = zero_init]
                  000153e8    00000018     (__TI_cinit_table)

.init_array 
*          0    00000000    00000000     UNINITIALIZED

.vtable    0    20000000    0000026c     UNINITIALIZED
                  20000000    0000026c     driverlib.lib : interrupt.obj (.vtable)

.bss       0    2000026c    00004397     UNINITIALIZED
                  2000026c    00002ee0     (.common:g_pcFileList)
                  2000314c    00000400     uartstdio.obj (.bss:g_pcUARTTxBuffer)
                  2000354c    000003e8     (.common:g_sTask)
                  20003934    00000234     FileManager.obj (.bss:g_sFatFs)
                  20003b68    00000224     FileManager.obj (.bss:g_sConfigFileObject)
                  20003d8c    00000224     FileManager.obj (.bss:g_sFMFileObject)
                  20003fb0    00000224     (.common:g_sFile)
                  200041d4    00000200     ff.obj (.bss:LfnBuf)
                  200043d4    00000080     uartstdio.obj (.bss:g_pcUARTRxBuffer)
                  20004454    00000050     (.common:g_pcConfigBuf)
                  200044a4    00000050     (.common:g_pcTmpBuf)
                  200044f4    00000044     cmdline.obj (.bss:g_ppcArgv)
                  20004538    00000040     main.obj (.bss:g_pcCmdBuf)
                  20004578    00000024     FileManager.obj (.bss:g_sDirObject)
                  2000459c    00000020     FileManager.obj (.bss:g_sFileInfo)
                  200045bc    00000020     (.common:g_ui8FileBuffer)
                  200045dc    00000008     uartstdio.obj (.bss)
                  200045e4    00000004     ff.obj (.bss:FatFs)
                  200045e8    00000004     (.common:g_pcFileParh)
                  200045ec    00000004     (.common:g_ui32TrackCnt)
                  200045f0    00000003     mmc-ek-tm4c123gxl.obj (.bss)
                  200045f3    00000001     (.common:g_bActiveMotionEvent)
                  200045f4    00000002     ff.obj (.bss)
                  200045f6    00000002     (.common:g_ui16NumOfFiles)
                  200045f8    00000001     (.common:g_bExitMotionEvent)
                  200045f9    00000001     (.common:g_bFirstTrack)
                  200045fa    00000001     (.common:g_bHCSR501Enable)
                  200045fb    00000001     (.common:g_bVolumFadeRunning)
                  200045fc    00000001     (.common:g_eFadeType)
                  200045fd    00000001     (.common:g_eVS10xxState)
                  200045fe    00000001     (.common:g_ui8CurrentVolume)
                  200045ff    00000001     (.common:g_ui8DS3231State)
                  20004600    00000001     (.common:g_ui8DefaultFadeTime)
                  20004601    00000001     (.common:g_ui8Seconds)
                  20004602    00000001     (.common:ui8VolumeUpperLimit)

.stack     0    20004604    000013e8     UNINITIALIZED
                  20004604    000013e8     --HOLE--

.data      0    200059ec    0000037a     UNINITIALIZED
                  200059ec    00000144     ConsoleManager.obj (.data:g_psCmdTable)
                  20005b30    000000b0     ConsoleManager.obj (.data:g_psRtcCmdLineParamTable)
                  20005be0    000000a0     FileManager.obj (.data:g_psFResultStrings)
                  20005c80    00000050     FileManager.obj (.data:g_pcCwdBuf)
                  20005cd0    0000001c     DisplayManager.obj (.data:cDayName)
                  20005cec    00000015     uartstdio.obj (.data)
                  20005d01    00000003     LED.obj (.data)
                  20005d04    00000014     System.obj (.data:g_sSystem)
                  20005d18    00000013     ConsoleManager.obj (.data:g_pui8DS3231RegVal)
                  20005d2b    00000010     DisplayManager.obj (.data:g_ui8DisplayBuffer)
                  20005d3b    00000001     AudioManager.obj (.data)
                  20005d3c    0000000c     rtsv7M4_T_le_v4SPD16_eabi.lib : exit.obj (.data:$O1$$)
                  20005d48    0000000c     DS3231.obj (.data:g_sDS3231Data)
                  20005d54    00000008     rtsv7M4_T_le_v4SPD16_eabi.lib : _lock.obj (.data:$O1$$)
                  20005d5c    00000004                                   : errno.obj (.data)
                  20005d60    00000004                                   : stkdepth_vars.obj (.data)
                  20005d64    00000002     mmc-ek-tm4c123gxl.obj (.data)

MODULE SUMMARY

       Module                     code    ro data   rw data
       ------                     ----    -------   -------
    .\
       main.obj                   2316    0         64     
       System.obj                 752     0         20     
       startup_ccs.obj            12      620       0      
    +--+--------------------------+-------+---------+---------+
       Total:                     3080    620       84     
                                                           
    .\Driver\
       VS10xx.obj                 2327    0         585    
       DS3231.obj                 1336    0         13     
       HCSR501.obj                716     0         4      
       NHD0216K3Z.obj             510     0         0      
       ACT.obj                    460     0         0      
       LED.obj                    332     0         3      
       Timer.obj                  264     0         0      
    +--+--------------------------+-------+---------+---------+
       Total:                     5945    0         605    
                                                           
    .\Driver\fatfs\
       cc932.obj                  300     30520     0      
       ff.obj                     11767   13        518    
       mmc-ek-tm4c123gxl.obj      2590    0         5      
    +--+--------------------------+-------+---------+---------+
       Total:                     14657   30533     523    
                                                           
    .\Manager\
       FileManager.obj            4384    314       14128  
       ConsoleManager.obj         5026    1584      519    
       TaskManager.obj            3332    0         1000   
       AudioManager.obj           860     0         13     
       DisplayManager.obj         192     28        44     
    +--+--------------------------+-------+---------+---------+
       Total:                     13794   1926      15704  
                                                           
    .\utils\
       uartstdio.obj              2284    58        1181   
       ustdlib.obj                1530    22        0      
       cmdline.obj                172     0         68     
    +--+--------------------------+-------+---------+---------+
       Total:                     3986    80        1249   
                                                           
    C:/ti/TivaWare_C_Series-2.1.4.178/driverlib/ccs/Debug/driverlib.lib
       gpio.obj                   770     552       0      
       interrupt.obj              172     112       620    
       sysctl.obj                 574     108       0      
       timer.obj                  264     160       0      
       i2c.obj                    144     0         0      
       uart.obj                   138     0         0      
       ssi.obj                    128     0         0      
       fpu.obj                    16      0         0      
       cpu.obj                    12      0         0      
    +--+--------------------------+-------+---------+---------+
       Total:                     2218    932       620    
                                                           
    C:\ti\ccsv7\tools\compiler\ti-cgt-arm_16.9.4.LTS\lib\rtsv7M4_T_le_v4SPD16_eabi.lib
       _printfi.obj               4414    0         0      
       ull_div_t2.obj             500     0         0      
       fd_add_t2.obj              438     0         0      
       fd_div_t2.obj              310     0         0      
       fd_cmp_t2.obj              268     0         0      
       ctype.obj                  0       257       0      
       fd_mul_t2.obj              252     0         0      
       s_scalbn.obj               252     0         0      
       memcpy_t2.obj              156     0         0      
       snprintf.obj               148     0         0      
       memset_t2.obj              122     0         0      
       autoinit.obj               112     0         0      
       fd_tos_t2.obj              110     0         0      
       copy_decompress_lzss.obj   104     0         0      
       s_frexp.obj                100     0         0      
       exit.obj                   84      0         12     
       boot.obj                   84      0         0      
       ltoa.obj                   84      0         0      
       atoi.obj                   76      0         0      
       cpy_tbl.obj                76      0         0      
       fd_toi_t2.obj              72      0         0      
       fd_tou_t2.obj              68      0         0      
       u_divt2.obj                64      0         0      
       fs_tod_t2.obj              56      0         0      
       strncpy.obj                54      0         0      
       i_tofd_t2.obj              46      0         0      
       u_tofd_t2.obj              32      0         0      
       strcat.obj                 30      0         0      
       _lock.obj                  20      0         8      
       memccpy.obj                28      0         0      
       args_main.obj              24      0         0      
       strcmp.obj                 24      0         0      
       strchr.obj                 22      0         0      
       s_copysign.obj             20      0         0      
       strcpy.obj                 20      0         0      
       strlen.obj                 20      0         0      
       copy_decompress_none.obj   14      0         0      
       copy_zero_init.obj         12      0         0      
       errno.obj                  0       0         4      
       pre_init.obj               4       0         0      
       stkdepth_vars.obj          0       0         4      
       i_div0.obj                 2       0         0      
       mpu_init.obj               2       0         0      
       startup.obj                2       0         0      
    +--+--------------------------+-------+---------+---------+
       Total:                     8326    257       28     
                                                           
       Stack:                     0       0         5096   
       Linker Generated:          0       634       0      
    +--+--------------------------+-------+---------+---------+
       Grand Total:               52006   34982     23909  


LINKER GENERATED COPY TABLES

__TI_cinit_table @ 000153e8 records: 3, size/record: 8, table size: 24
	.data: load addr=00015180, load size=00000246 bytes, run addr=200059ec, run size=0000037a bytes, compression=lzss
	.bss: load addr=000153d8, load size=00000008 bytes, run addr=2000026c, run size=00004397 bytes, compression=zero_init
	.vtable: load addr=000153e0, load size=00000008 bytes, run addr=20000000, run size=0000026c bytes, compression=zero_init


LINKER GENERATED HANDLER TABLE

__TI_handler_table @ 000153c8 records: 3, size/record: 4, table size: 12
	index: 0, handler: __TI_zero_init
	index: 1, handler: __TI_decompress_lzss
	index: 2, handler: __TI_decompress_none


GLOBAL SYMBOLS: SORTED ALPHABETICALLY BY Name 

address   name                           
-------   ----                           
0000b7e5  AM_Init                        
000099d5  AM_Play                        
0000c5bd  AM_Stop                        
000071b1  AM_VolumeFade                  
00008fed  AM_VolumeFadeInOutTickHandler  
0000c7b9  AM_VolumeSet                   
000093e5  ActDisable                     
0000c9e1  ActDisableAll                  
000094a5  ActEnbale                      
0000c9f5  ActEnbaleAll                   
0000c47d  ActInit                        
0000c19d  Bcd2Dec                        
0000b73d  C$$EXIT                        
000013ad  CMD_rtc                        
0000cca9  CPUcpsie                       
00009d65  CmdLineProcess                 
0000bcc9  Cmd_AudioSetVolume             
0000cb35  Cmd_SysConfigSave              
0000ccb5  Cmd_SysParamPrint              
0000705d  Cmd_SysParamSet                
00006959  Cmd_TaskAdd                    
0000cb45  Cmd_TaskConfigSave             
0000cbe5  Cmd_TaskPrint                  
0000c5dd  Cmd_TaskRemove                 
000042cd  Cmd_TaskSet                    
0000ca81  Cmd_cat                        
0000ca93  Cmd_cd                         
0000c861  Cmd_cls                        
0000cbf3  Cmd_configload                 
0000caa5  Cmd_deleteFile                 
00009919  Cmd_disp                       
0000c4a1  Cmd_fadein                     
0000c4c5  Cmd_fadeout                    
00007c9d  Cmd_help                       
0000cc01  Cmd_index                      
0000cc0f  Cmd_ls                         
0000cc1d  Cmd_pause                      
0000c99d  Cmd_play                       
0000c7d5  Cmd_pwd                        
00009259  Cmd_rly                        
0000cc2b  Cmd_stop                       
0000ada1  ConfigureUART                  
0000b641  ConvertSecondsInHhMmSs         
0000c4e9  DM_Init                        
0000a141  DM_UpdateDisplay               
0000c77d  DS3231AllRegisterGet           
0000c5fd  DS3231DateSet                  
0000c61d  DS3231DaySet                   
0000c63d  DS3231HourSet                  
0000a1dd  DS3231Init                     
0000a449  DS3231IntHandler               
0000c65d  DS3231MinuteSet                
0000c67d  DS3231MonthSet                 
0000bfef  DS3231RegBitSet                
00008c91  DS3231RegisterReadBurst        
0000a9c5  DS3231RegisterReadSingle       
0000bd0d  DS3231RegisterSetSingle        
0000ae15  DS3231RegisterWriteSingle      
0000c69d  DS3231SecondSet                
0000af69  DS3231TemperatureGet           
0000c6bd  DS3231YearSet                  
0000c455  Dec2Bcd                        
0000bd4f  Dec2Bin                        
000089e1  FM_ConfigLoad                  
00003d3d  FM_ConfigSave                  
0000ccc1  FM_FileClose                   
000072f9  FM_FileDelete                  
00009a8d  FM_FileOpen                    
000064d5  FM_Index                       
0000afd5  FM_Init                        
00006659  FM_Load                        
0000cb55  FM_Mount                       
0000757d  FM_SDCheck                     
00006035  FM_Save                        
00007db5  FM_cat                         
000061c5  FM_cd                          
00004fc9  FM_ls                          
0000cb65  FPULazyStackingEnable          
0000c3d9  GPIODirModeSet                 
0000cd81  GPIOIntClear                   
0000cc39  GPIOIntDisable                 
0000cccd  GPIOIntEnable                  
0000c87d  GPIOIntRegister                
0000cc47  GPIOIntStatus                  
0000b5e9  GPIOIntTypeSet                 
00007927  GPIOPadConfigSet               
0000ba95  GPIOPinConfigure               
0000cd87  GPIOPinRead                    
0000cab7  GPIOPinTypeGPIOInput           
0000c895  GPIOPinTypeGPIOOutput          
0000cac9  GPIOPinTypeI2C                 
0000cadb  GPIOPinTypeI2CSCL              
0000caed  GPIOPinTypeSSI                 
0000caff  GPIOPinTypeUART                
0000cd8d  GPIOPinWrite                   
0000b3cd  HCSR501Disable                 
0000b4e1  HCSR501Enable                  
00009bfd  HCSR501Init                    
00009f61  HCSR501OnMotion                
00009565  HCSR501TimerIntHandler         
0000cd47  I2CMasterBusy                  
0000cda5  I2CMasterControl               
0000cda9  I2CMasterDataGet               
0000cdad  I2CMasterDataPut               
0000cd15  I2CMasterEnable                
0000c9b3  I2CMasterErr                   
0000b835  I2CMasterInitExpClk            
0000cd4f  I2CMasterIntClear              
0000cd57  I2CMasterSlaveAddrSet          
0000b03d  IntEnable                      
0000cb75  IntMasterEnable                
0000c101  IntRegister                    
0000badd  LEDDisable                     
0000bb25  LEDEnable                      
0000bbfd  LEDInit                        
0000ac39  LEDToggle                      
0000a3b1  NHD0216K3ZInit                 
0000cc55  NHD0216K3ZOff                  
0000cc63  NHD0216K3ZOn                   
0000a005  NHD0216K3ZPrintText            
0000be4f  NHD0216K3ZSendCommand          
0000c381  NHD0216K3ZSendData             
0000c579  NHD0216K3ZSetBrightness        
0000c59b  NHD0216K3ZSetContrast          
0000c235  PortDIntHandler                
0000cd93  ResetISR                       
UNDEFED   SHT$$INIT_ARRAY$$Base          
UNDEFED   SHT$$INIT_ARRAY$$Limit         
0000cd5f  SSIBusy                        
0000be8b  SSIConfigSetExpClk             
0000ccd9  SSIDataGet                     
0000cb11  SSIDataGetNonBlocking          
0000cd1f  SSIDataPut                     
0000cd29  SSIDisable                     
0000cd33  SSIEnable                      
0000c6dd  SYS_AutosaveSet                
0000c8ad  SYS_DefaulFadeTime             
0000c405  SYS_DefaultActiveTineSet       
0000c8c5  SYS_DefaultDispBrightnessSet   
0000c8dd  SYS_DefaultDispContrastSet     
0000c8f5  SYS_DefaultMotionDelay         
0000c90d  SYS_DefaultVolumeSet           
0000c925  SYS_ModusSet                   
00004779  SYS_ParamsPrint                
0000b429  StringFromFResult              
00007ec9  SysCtlClockGet                 
000088ed  SysCtlClockSet                 
0000cd99  SysCtlDelay                    
0000c135  SysCtlPeripheralEnable         
0000cd67  SysTickHandler                 
00008ac9  TM_Init                        
00005cd9  TM_TaskAdd                     
0000299d  TM_TaskPrint                   
00006ad5  TM_TaskRemove                  
0000a941  TM_TaskSearch                  
00003689  TM_TaskSet                     
0000cb85  Timer0AIntClear                
0000c50d  Timer0AIntConnecte             
0000ca09  Timer0ALoad                    
0000cb95  Timer0AStart                   
0000cba5  Timer0AStop                    
0000cbb5  Timer1AIntClear                
0000c531  Timer1AIntConnecte             
0000cbc5  Timer1AStart                   
0000cbd5  Timer1AStop                    
0000b30d  TimerConfigure                 
0000c93d  TimerDisable                   
0000cc71  TimerEnable                    
0000b881  TimerInit                      
0000cdb1  TimerIntClear                  
0000cd6f  TimerIntEnable                 
0000c955  TimerIntRegister               
0000cb23  TimerLoadSet                   
0000cd3d  UARTCharPut                    
0000cd9f  UARTClockSourceSet             
0000bbb5  UARTConfigSetExpClk            
0000c6fd  UARTDisable                    
0000ca1d  UARTEnable                     
0000c169  UARTFlushRx                    
0000b8cd  UARTFlushTx                    
0000b0a5  UARTPeek                       
00008d69  UARTStdioConfig                
0000634d  UARTStdioIntHandler            
0000a725  UARTgets                       
0000c555  UARTprintf                     
00003a31  UARTvprintf                    
000096e5  UARTwrite                      
0000c829  VS1003IntHandler               
00009321  VS10xxBufferFeed               
0000b36d  VS10xxFilePathSet              
00004991  VS10xxInit                     
0000b10d  VS10xxPause                    
00006db5  VS10xxPlay                     
0000a7ad  VS10xxSciRead                  
000090bd  VS10xxSciWrite                 
0000aa45  VS10xxSdiWrite                 
0000cce5  VS10xxStateGet                 
00008f19  VS10xxStop                     
0000cc7f  VS10xxSwReset                  
0000c095  VS10xxVolumeMute               
000081f5  VS10xxVolumeSet                
200059ec  __STACK_END                    
000013e8  __STACK_SIZE                   
20004704  __STACK_TOP                    
000153e8  __TI_CINIT_Base                
00015400  __TI_CINIT_Limit               
000153c8  __TI_Handler_Table_Base        
000153d4  __TI_Handler_Table_Limit       
0000ae89  __TI_auto_init                 
20005d3c  __TI_cleanup_ptr               
0000b175  __TI_decompress_lzss           
0000cc8d  __TI_decompress_none           
20005d40  __TI_dtors_ptr                 
20005d44  __TI_enable_exit_profile_output
ffffffff  __TI_pprof_out_hndl            
00000ab1  __TI_printfi                   
ffffffff  __TI_prof_data_size            
ffffffff  __TI_prof_data_start           
00000000  __TI_static_base__             
0000ccfd  __TI_zero_init                 
0000a835  __aeabi_cdcmpeq                
0000a835  __aeabi_cdcmple                
0000a8bb  __aeabi_cdrcmple               
0000aef9  __aeabi_d2f                    
0000bb6d  __aeabi_d2iz                   
0000bc85  __aeabi_d2uiz                  
00005b2d  __aeabi_dadd                   
000077f1  __aeabi_ddiv                   
000085fb  __aeabi_dmul                   
00005b23  __aeabi_dsub                   
0000c027  __aeabi_f2d                    
0000c325  __aeabi_i2d                    
000071af  __aeabi_idiv0                  
0000ab43  __aeabi_memclr                 
0000ab43  __aeabi_memclr4                
0000ab43  __aeabi_memclr8                
0000a279  __aeabi_memcpy                 
0000a279  __aeabi_memcpy4                
0000a279  __aeabi_memcpy8                
0000ab45  __aeabi_memset                 
0000ab45  __aeabi_memset4                
0000ab45  __aeabi_memset8                
0000c75d  __aeabi_ui2d                   
0000bdd3  __aeabi_uidiv                  
0000bdd3  __aeabi_uidivmod               
000051c5  __aeabi_uldivmod               
ffffffff  __binit__                      
ffffffff  __c_args__                     
0000757b  __mpu_init                     
20004604  __stack                        
0000c96d  _args_main                     
0000b6e9  _c_int00                       
00014c5a  _ctypes_                       
20005d54  _lock                          
0000ca3f  _nop                           
0000ca37  _register_lock                 
0000ca31  _register_unlock               
000086f7  _system_post_cinit             
0000cdb5  _system_pre_init               
20005d58  _unlock                        
0000b741  abort                          
0000b9fd  atoi                           
ffffffff  binit                          
20005cd0  cDayName                       
0000c265  clust2sect                     
0000ba49  copy_in                        
0000ca45  copysign                       
0000ca45  copysignl                      
00005e89  disk_initialize                
00004dc1  disk_ioctl                     
00009cb1  disk_read                      
0000c71d  disk_status                    
0000b965  disk_timerproc                 
00008bad  disk_write                     
20005d5c  errno                          
0000b749  exit                           
0000c73d  f_close                        
00006c51  f_getfree                      
000053b9  f_mkdir                        
0000b9b1  f_mount                        
00004ba9  f_open                         
000097a1  f_opendir                      
00004523  f_read                         
0000a571  f_readdir                      
0000b539  f_stat                         
000084ff  f_sync                         
000080e9  f_unlink                       
00004029  f_write                        
00008e41  ff_convert                     
0000b695  ff_wtoupper                    
0000b245  frexp                          
0000b245  frexpl                         
200045f3  g_bActiveMotionEvent           
200045f8  g_bExitMotionEvent             
200045f9  g_bFirstTrack                  
200045fa  g_bHCSR501Enable               
200045fb  g_bVolumFadeRunning            
200045fc  g_eFadeType                    
200045fd  g_eVS10xxState                 
20004454  g_pcConfigBuf                  
20005c80  g_pcCwdBuf                     
2000026c  g_pcFileList                   
200045e8  g_pcFileParh                   
200044a4  g_pcTmpBuf                     
20000000  g_pfnRAMVectors                
00000000  g_pfnVectors                   
200059ec  g_psCmdTable                   
20005be0  g_psFResultStrings             
20005b30  g_psRtcCmdLineParamTable       
20005d18  g_pui8DS3231RegVal             
20005d48  g_sDS3231Data                  
20003fb0  g_sFile                        
20005d04  g_sSystem                      
2000354c  g_sTask                        
200045f6  g_ui16NumOfFiles               
200045ec  g_ui32TrackCnt                 
200045fe  g_ui8CurrentVolume             
200045ff  g_ui8DS3231State               
20004600  g_ui8DefaultFadeTime           
20005d2b  g_ui8DisplayBuffer             
200045bc  g_ui8FileBuffer                
20004601  g_ui8Seconds                   
20005d3b  g_ui8VolumeLowerLimit          
00007b7d  gen_numname                    
00007a59  get_fat                        
0000cd79  get_fattime                    
000087f5  getarg                         
000086f9  ldexp                          
000086f9  ldexpl                         
0000b791  ltoa                           
00001cb1  main                           
20005d60  main_func_sp                   
0000c845  memccpy                        
0000a279  memcpy                         
0000ab4b  memset                         
00005965  put_fat                        
000086f9  scalbn                         
000086f9  scalbnl                        
0000a605  snprintf                       
0000c79b  strcat                         
0000c9c9  strchr                         
0000c985  strcmp                         
0000ca59  strcpy                         
0000ca6d  strlen                         
0000c05f  strncpy                        
20005d01  ui8LedAckToggleVal             
20005d03  ui8LedCDToggleVal              
20005d02  ui8LedErrToggleVal             
20004602  ui8VolumeUpperLimit            
0000c201  usprintf                       
0000b591  ustrncpy                       
000076b9  ustrtoul                       
00002e65  uvsnprintf                     


GLOBAL SYMBOLS: SORTED BY Symbol Address 

address   name                           
-------   ----                           
00000000  __TI_static_base__             
00000000  g_pfnVectors                   
00000ab1  __TI_printfi                   
000013ad  CMD_rtc                        
000013e8  __STACK_SIZE                   
00001cb1  main                           
0000299d  TM_TaskPrint                   
00002e65  uvsnprintf                     
00003689  TM_TaskSet                     
00003a31  UARTvprintf                    
00003d3d  FM_ConfigSave                  
00004029  f_write                        
000042cd  Cmd_TaskSet                    
00004523  f_read                         
00004779  SYS_ParamsPrint                
00004991  VS10xxInit                     
00004ba9  f_open                         
00004dc1  disk_ioctl                     
00004fc9  FM_ls                          
000051c5  __aeabi_uldivmod               
000053b9  f_mkdir                        
00005965  put_fat                        
00005b23  __aeabi_dsub                   
00005b2d  __aeabi_dadd                   
00005cd9  TM_TaskAdd                     
00005e89  disk_initialize                
00006035  FM_Save                        
000061c5  FM_cd                          
0000634d  UARTStdioIntHandler            
000064d5  FM_Index                       
00006659  FM_Load                        
00006959  Cmd_TaskAdd                    
00006ad5  TM_TaskRemove                  
00006c51  f_getfree                      
00006db5  VS10xxPlay                     
0000705d  Cmd_SysParamSet                
000071af  __aeabi_idiv0                  
000071b1  AM_VolumeFade                  
000072f9  FM_FileDelete                  
0000757b  __mpu_init                     
0000757d  FM_SDCheck                     
000076b9  ustrtoul                       
000077f1  __aeabi_ddiv                   
00007927  GPIOPadConfigSet               
00007a59  get_fat                        
00007b7d  gen_numname                    
00007c9d  Cmd_help                       
00007db5  FM_cat                         
00007ec9  SysCtlClockGet                 
000080e9  f_unlink                       
000081f5  VS10xxVolumeSet                
000084ff  f_sync                         
000085fb  __aeabi_dmul                   
000086f7  _system_post_cinit             
000086f9  ldexp                          
000086f9  ldexpl                         
000086f9  scalbn                         
000086f9  scalbnl                        
000087f5  getarg                         
000088ed  SysCtlClockSet                 
000089e1  FM_ConfigLoad                  
00008ac9  TM_Init                        
00008bad  disk_write                     
00008c91  DS3231RegisterReadBurst        
00008d69  UARTStdioConfig                
00008e41  ff_convert                     
00008f19  VS10xxStop                     
00008fed  AM_VolumeFadeInOutTickHandler  
000090bd  VS10xxSciWrite                 
00009259  Cmd_rly                        
00009321  VS10xxBufferFeed               
000093e5  ActDisable                     
000094a5  ActEnbale                      
00009565  HCSR501TimerIntHandler         
000096e5  UARTwrite                      
000097a1  f_opendir                      
00009919  Cmd_disp                       
000099d5  AM_Play                        
00009a8d  FM_FileOpen                    
00009bfd  HCSR501Init                    
00009cb1  disk_read                      
00009d65  CmdLineProcess                 
00009f61  HCSR501OnMotion                
0000a005  NHD0216K3ZPrintText            
0000a141  DM_UpdateDisplay               
0000a1dd  DS3231Init                     
0000a279  __aeabi_memcpy                 
0000a279  __aeabi_memcpy4                
0000a279  __aeabi_memcpy8                
0000a279  memcpy                         
0000a3b1  NHD0216K3ZInit                 
0000a449  DS3231IntHandler               
0000a571  f_readdir                      
0000a605  snprintf                       
0000a725  UARTgets                       
0000a7ad  VS10xxSciRead                  
0000a835  __aeabi_cdcmpeq                
0000a835  __aeabi_cdcmple                
0000a8bb  __aeabi_cdrcmple               
0000a941  TM_TaskSearch                  
0000a9c5  DS3231RegisterReadSingle       
0000aa45  VS10xxSdiWrite                 
0000ab43  __aeabi_memclr                 
0000ab43  __aeabi_memclr4                
0000ab43  __aeabi_memclr8                
0000ab45  __aeabi_memset                 
0000ab45  __aeabi_memset4                
0000ab45  __aeabi_memset8                
0000ab4b  memset                         
0000ac39  LEDToggle                      
0000ada1  ConfigureUART                  
0000ae15  DS3231RegisterWriteSingle      
0000ae89  __TI_auto_init                 
0000aef9  __aeabi_d2f                    
0000af69  DS3231TemperatureGet           
0000afd5  FM_Init                        
0000b03d  IntEnable                      
0000b0a5  UARTPeek                       
0000b10d  VS10xxPause                    
0000b175  __TI_decompress_lzss           
0000b245  frexp                          
0000b245  frexpl                         
0000b30d  TimerConfigure                 
0000b36d  VS10xxFilePathSet              
0000b3cd  HCSR501Disable                 
0000b429  StringFromFResult              
0000b4e1  HCSR501Enable                  
0000b539  f_stat                         
0000b591  ustrncpy                       
0000b5e9  GPIOIntTypeSet                 
0000b641  ConvertSecondsInHhMmSs         
0000b695  ff_wtoupper                    
0000b6e9  _c_int00                       
0000b73d  C$$EXIT                        
0000b741  abort                          
0000b749  exit                           
0000b791  ltoa                           
0000b7e5  AM_Init                        
0000b835  I2CMasterInitExpClk            
0000b881  TimerInit                      
0000b8cd  UARTFlushTx                    
0000b965  disk_timerproc                 
0000b9b1  f_mount                        
0000b9fd  atoi                           
0000ba49  copy_in                        
0000ba95  GPIOPinConfigure               
0000badd  LEDDisable                     
0000bb25  LEDEnable                      
0000bb6d  __aeabi_d2iz                   
0000bbb5  UARTConfigSetExpClk            
0000bbfd  LEDInit                        
0000bc85  __aeabi_d2uiz                  
0000bcc9  Cmd_AudioSetVolume             
0000bd0d  DS3231RegisterSetSingle        
0000bd4f  Dec2Bin                        
0000bdd3  __aeabi_uidiv                  
0000bdd3  __aeabi_uidivmod               
0000be4f  NHD0216K3ZSendCommand          
0000be8b  SSIConfigSetExpClk             
0000bfef  DS3231RegBitSet                
0000c027  __aeabi_f2d                    
0000c05f  strncpy                        
0000c095  VS10xxVolumeMute               
0000c101  IntRegister                    
0000c135  SysCtlPeripheralEnable         
0000c169  UARTFlushRx                    
0000c19d  Bcd2Dec                        
0000c201  usprintf                       
0000c235  PortDIntHandler                
0000c265  clust2sect                     
0000c325  __aeabi_i2d                    
0000c381  NHD0216K3ZSendData             
0000c3d9  GPIODirModeSet                 
0000c405  SYS_DefaultActiveTineSet       
0000c455  Dec2Bcd                        
0000c47d  ActInit                        
0000c4a1  Cmd_fadein                     
0000c4c5  Cmd_fadeout                    
0000c4e9  DM_Init                        
0000c50d  Timer0AIntConnecte             
0000c531  Timer1AIntConnecte             
0000c555  UARTprintf                     
0000c579  NHD0216K3ZSetBrightness        
0000c59b  NHD0216K3ZSetContrast          
0000c5bd  AM_Stop                        
0000c5dd  Cmd_TaskRemove                 
0000c5fd  DS3231DateSet                  
0000c61d  DS3231DaySet                   
0000c63d  DS3231HourSet                  
0000c65d  DS3231MinuteSet                
0000c67d  DS3231MonthSet                 
0000c69d  DS3231SecondSet                
0000c6bd  DS3231YearSet                  
0000c6dd  SYS_AutosaveSet                
0000c6fd  UARTDisable                    
0000c71d  disk_status                    
0000c73d  f_close                        
0000c75d  __aeabi_ui2d                   
0000c77d  DS3231AllRegisterGet           
0000c79b  strcat                         
0000c7b9  AM_VolumeSet                   
0000c7d5  Cmd_pwd                        
0000c829  VS1003IntHandler               
0000c845  memccpy                        
0000c861  Cmd_cls                        
0000c87d  GPIOIntRegister                
0000c895  GPIOPinTypeGPIOOutput          
0000c8ad  SYS_DefaulFadeTime             
0000c8c5  SYS_DefaultDispBrightnessSet   
0000c8dd  SYS_DefaultDispContrastSet     
0000c8f5  SYS_DefaultMotionDelay         
0000c90d  SYS_DefaultVolumeSet           
0000c925  SYS_ModusSet                   
0000c93d  TimerDisable                   
0000c955  TimerIntRegister               
0000c96d  _args_main                     
0000c985  strcmp                         
0000c99d  Cmd_play                       
0000c9b3  I2CMasterErr                   
0000c9c9  strchr                         
0000c9e1  ActDisableAll                  
0000c9f5  ActEnbaleAll                   
0000ca09  Timer0ALoad                    
0000ca1d  UARTEnable                     
0000ca31  _register_unlock               
0000ca37  _register_lock                 
0000ca3f  _nop                           
0000ca45  copysign                       
0000ca45  copysignl                      
0000ca59  strcpy                         
0000ca6d  strlen                         
0000ca81  Cmd_cat                        
0000ca93  Cmd_cd                         
0000caa5  Cmd_deleteFile                 
0000cab7  GPIOPinTypeGPIOInput           
0000cac9  GPIOPinTypeI2C                 
0000cadb  GPIOPinTypeI2CSCL              
0000caed  GPIOPinTypeSSI                 
0000caff  GPIOPinTypeUART                
0000cb11  SSIDataGetNonBlocking          
0000cb23  TimerLoadSet                   
0000cb35  Cmd_SysConfigSave              
0000cb45  Cmd_TaskConfigSave             
0000cb55  FM_Mount                       
0000cb65  FPULazyStackingEnable          
0000cb75  IntMasterEnable                
0000cb85  Timer0AIntClear                
0000cb95  Timer0AStart                   
0000cba5  Timer0AStop                    
0000cbb5  Timer1AIntClear                
0000cbc5  Timer1AStart                   
0000cbd5  Timer1AStop                    
0000cbe5  Cmd_TaskPrint                  
0000cbf3  Cmd_configload                 
0000cc01  Cmd_index                      
0000cc0f  Cmd_ls                         
0000cc1d  Cmd_pause                      
0000cc2b  Cmd_stop                       
0000cc39  GPIOIntDisable                 
0000cc47  GPIOIntStatus                  
0000cc55  NHD0216K3ZOff                  
0000cc63  NHD0216K3ZOn                   
0000cc71  TimerEnable                    
0000cc7f  VS10xxSwReset                  
0000cc8d  __TI_decompress_none           
0000cca9  CPUcpsie                       
0000ccb5  Cmd_SysParamPrint              
0000ccc1  FM_FileClose                   
0000cccd  GPIOIntEnable                  
0000ccd9  SSIDataGet                     
0000cce5  VS10xxStateGet                 
0000ccfd  __TI_zero_init                 
0000cd15  I2CMasterEnable                
0000cd1f  SSIDataPut                     
0000cd29  SSIDisable                     
0000cd33  SSIEnable                      
0000cd3d  UARTCharPut                    
0000cd47  I2CMasterBusy                  
0000cd4f  I2CMasterIntClear              
0000cd57  I2CMasterSlaveAddrSet          
0000cd5f  SSIBusy                        
0000cd67  SysTickHandler                 
0000cd6f  TimerIntEnable                 
0000cd79  get_fattime                    
0000cd81  GPIOIntClear                   
0000cd87  GPIOPinRead                    
0000cd8d  GPIOPinWrite                   
0000cd93  ResetISR                       
0000cd99  SysCtlDelay                    
0000cd9f  UARTClockSourceSet             
0000cda5  I2CMasterControl               
0000cda9  I2CMasterDataGet               
0000cdad  I2CMasterDataPut               
0000cdb1  TimerIntClear                  
0000cdb5  _system_pre_init               
00014c5a  _ctypes_                       
000153c8  __TI_Handler_Table_Base        
000153d4  __TI_Handler_Table_Limit       
000153e8  __TI_CINIT_Base                
00015400  __TI_CINIT_Limit               
20000000  g_pfnRAMVectors                
2000026c  g_pcFileList                   
2000354c  g_sTask                        
20003fb0  g_sFile                        
20004454  g_pcConfigBuf                  
200044a4  g_pcTmpBuf                     
200045bc  g_ui8FileBuffer                
200045e8  g_pcFileParh                   
200045ec  g_ui32TrackCnt                 
200045f3  g_bActiveMotionEvent           
200045f6  g_ui16NumOfFiles               
200045f8  g_bExitMotionEvent             
200045f9  g_bFirstTrack                  
200045fa  g_bHCSR501Enable               
200045fb  g_bVolumFadeRunning            
200045fc  g_eFadeType                    
200045fd  g_eVS10xxState                 
200045fe  g_ui8CurrentVolume             
200045ff  g_ui8DS3231State               
20004600  g_ui8DefaultFadeTime           
20004601  g_ui8Seconds                   
20004602  ui8VolumeUpperLimit            
20004604  __stack                        
20004704  __STACK_TOP                    
200059ec  __STACK_END                    
200059ec  g_psCmdTable                   
20005b30  g_psRtcCmdLineParamTable       
20005be0  g_psFResultStrings             
20005c80  g_pcCwdBuf                     
20005cd0  cDayName                       
20005d01  ui8LedAckToggleVal             
20005d02  ui8LedErrToggleVal             
20005d03  ui8LedCDToggleVal              
20005d04  g_sSystem                      
20005d18  g_pui8DS3231RegVal             
20005d2b  g_ui8DisplayBuffer             
20005d3b  g_ui8VolumeLowerLimit          
20005d3c  __TI_cleanup_ptr               
20005d40  __TI_dtors_ptr                 
20005d44  __TI_enable_exit_profile_output
20005d48  g_sDS3231Data                  
20005d54  _lock                          
20005d58  _unlock                        
20005d5c  errno                          
20005d60  main_func_sp                   
ffffffff  __TI_pprof_out_hndl            
ffffffff  __TI_prof_data_size            
ffffffff  __TI_prof_data_start           
ffffffff  __binit__                      
ffffffff  __c_args__                     
ffffffff  binit                          
UNDEFED   SHT$$INIT_ARRAY$$Base          
UNDEFED   SHT$$INIT_ARRAY$$Limit         

[353 symbols]
