<?xml version="1.0"?>
<link_info>
   <banner>TI ARM Linker PC v15.12.3.LTS</banner>
   <copyright>Copyright (c) 1996-2015 Texas Instruments Incorporated</copyright>
   <link_time>0x5838a8c9</link_time>
   <link_errors>0x0</link_errors>
   <output_file>BA-PYCO-FW-VER01.out</output_file>
   <entry_point>
      <name>_c_int00</name>
      <address>0xb8e1</address>
   </entry_point>
   <input_file_list>
      <input_file id="fl-2">
         <path>.\</path>
         <kind>object</kind>
         <file>System.obj</file>
         <name>System.obj</name>
      </input_file>
      <input_file id="fl-3">
         <path>.\</path>
         <kind>object</kind>
         <file>main.obj</file>
         <name>main.obj</name>
      </input_file>
      <input_file id="fl-4">
         <path>.\</path>
         <kind>object</kind>
         <file>startup_ccs.obj</file>
         <name>startup_ccs.obj</name>
      </input_file>
      <input_file id="fl-5">
         <path>.\Driver\</path>
         <kind>object</kind>
         <file>ACT.obj</file>
         <name>ACT.obj</name>
      </input_file>
      <input_file id="fl-6">
         <path>.\Driver\</path>
         <kind>object</kind>
         <file>DS3231.obj</file>
         <name>DS3231.obj</name>
      </input_file>
      <input_file id="fl-7">
         <path>.\Driver\</path>
         <kind>object</kind>
         <file>HCSR501.obj</file>
         <name>HCSR501.obj</name>
      </input_file>
      <input_file id="fl-8">
         <path>.\Driver\</path>
         <kind>object</kind>
         <file>HMTRP.obj</file>
         <name>HMTRP.obj</name>
      </input_file>
      <input_file id="fl-9">
         <path>.\Driver\</path>
         <kind>object</kind>
         <file>KY040.obj</file>
         <name>KY040.obj</name>
      </input_file>
      <input_file id="fl-a">
         <path>.\Driver\</path>
         <kind>object</kind>
         <file>LED.obj</file>
         <name>LED.obj</name>
      </input_file>
      <input_file id="fl-b">
         <path>.\Driver\</path>
         <kind>object</kind>
         <file>NHD0216K3Z.obj</file>
         <name>NHD0216K3Z.obj</name>
      </input_file>
      <input_file id="fl-c">
         <path>.\Driver\</path>
         <kind>object</kind>
         <file>Timer.obj</file>
         <name>Timer.obj</name>
      </input_file>
      <input_file id="fl-d">
         <path>.\Driver\</path>
         <kind>object</kind>
         <file>VS10xx.obj</file>
         <name>VS10xx.obj</name>
      </input_file>
      <input_file id="fl-e">
         <path>.\Driver\fatfs\</path>
         <kind>object</kind>
         <file>cc932.obj</file>
         <name>cc932.obj</name>
      </input_file>
      <input_file id="fl-f">
         <path>.\Driver\fatfs\</path>
         <kind>object</kind>
         <file>ff.obj</file>
         <name>ff.obj</name>
      </input_file>
      <input_file id="fl-10">
         <path>.\Driver\fatfs\</path>
         <kind>object</kind>
         <file>mmc-ek-tm4c123gxl.obj</file>
         <name>mmc-ek-tm4c123gxl.obj</name>
      </input_file>
      <input_file id="fl-11">
         <path>.\Manager\</path>
         <kind>object</kind>
         <file>AudioManager.obj</file>
         <name>AudioManager.obj</name>
      </input_file>
      <input_file id="fl-12">
         <path>.\Manager\</path>
         <kind>object</kind>
         <file>ConsoleManager.obj</file>
         <name>ConsoleManager.obj</name>
      </input_file>
      <input_file id="fl-13">
         <path>.\Manager\</path>
         <kind>object</kind>
         <file>DisplayManager.obj</file>
         <name>DisplayManager.obj</name>
      </input_file>
      <input_file id="fl-14">
         <path>.\Manager\</path>
         <kind>object</kind>
         <file>FileManager.obj</file>
         <name>FileManager.obj</name>
      </input_file>
      <input_file id="fl-15">
         <path>.\Manager\</path>
         <kind>object</kind>
         <file>TaskManager.obj</file>
         <name>TaskManager.obj</name>
      </input_file>
      <input_file id="fl-16">
         <path>.\utils\</path>
         <kind>object</kind>
         <file>cmdline.obj</file>
         <name>cmdline.obj</name>
      </input_file>
      <input_file id="fl-17">
         <path>.\utils\</path>
         <kind>object</kind>
         <file>uartstdio.obj</file>
         <name>uartstdio.obj</name>
      </input_file>
      <input_file id="fl-18">
         <path>.\utils\</path>
         <kind>object</kind>
         <file>ustdlib.obj</file>
         <name>ustdlib.obj</name>
      </input_file>
      <input_file id="fl-d3">
         <path>C:\ti\ccsv6\tools\compiler\arm_15.12.3.LTS\lib\</path>
         <kind>archive</kind>
         <file>rtsv7M4_T_le_v4SPD16_eabi.lib</file>
         <name>boot.obj</name>
      </input_file>
      <input_file id="fl-d4">
         <path>C:\ti\ccsv6\tools\compiler\arm_15.12.3.LTS\lib\</path>
         <kind>archive</kind>
         <file>rtsv7M4_T_le_v4SPD16_eabi.lib</file>
         <name>copy_decompress_none.obj</name>
      </input_file>
      <input_file id="fl-d5">
         <path>C:\ti\ccsv6\tools\compiler\arm_15.12.3.LTS\lib\</path>
         <kind>archive</kind>
         <file>rtsv7M4_T_le_v4SPD16_eabi.lib</file>
         <name>copy_decompress_rle.obj</name>
      </input_file>
      <input_file id="fl-d6">
         <path>C:\ti\ccsv6\tools\compiler\arm_15.12.3.LTS\lib\</path>
         <kind>archive</kind>
         <file>rtsv7M4_T_le_v4SPD16_eabi.lib</file>
         <name>copy_zero_init.obj</name>
      </input_file>
      <input_file id="fl-d7">
         <path>C:\ti\ccsv6\tools\compiler\arm_15.12.3.LTS\lib\</path>
         <kind>archive</kind>
         <file>rtsv7M4_T_le_v4SPD16_eabi.lib</file>
         <name>exit.obj</name>
      </input_file>
      <input_file id="fl-d8">
         <path>C:\ti\ccsv6\tools\compiler\arm_15.12.3.LTS\lib\</path>
         <kind>archive</kind>
         <file>rtsv7M4_T_le_v4SPD16_eabi.lib</file>
         <name>fd_add_t2.obj</name>
      </input_file>
      <input_file id="fl-d9">
         <path>C:\ti\ccsv6\tools\compiler\arm_15.12.3.LTS\lib\</path>
         <kind>archive</kind>
         <file>rtsv7M4_T_le_v4SPD16_eabi.lib</file>
         <name>fd_div_t2.obj</name>
      </input_file>
      <input_file id="fl-da">
         <path>C:\ti\ccsv6\tools\compiler\arm_15.12.3.LTS\lib\</path>
         <kind>archive</kind>
         <file>rtsv7M4_T_le_v4SPD16_eabi.lib</file>
         <name>fd_mul_t2.obj</name>
      </input_file>
      <input_file id="fl-db">
         <path>C:\ti\ccsv6\tools\compiler\arm_15.12.3.LTS\lib\</path>
         <kind>archive</kind>
         <file>rtsv7M4_T_le_v4SPD16_eabi.lib</file>
         <name>fd_tos_t2.obj</name>
      </input_file>
      <input_file id="fl-dc">
         <path>C:\ti\ccsv6\tools\compiler\arm_15.12.3.LTS\lib\</path>
         <kind>archive</kind>
         <file>rtsv7M4_T_le_v4SPD16_eabi.lib</file>
         <name>fd_tou_t2.obj</name>
      </input_file>
      <input_file id="fl-dd">
         <path>C:\ti\ccsv6\tools\compiler\arm_15.12.3.LTS\lib\</path>
         <kind>archive</kind>
         <file>rtsv7M4_T_le_v4SPD16_eabi.lib</file>
         <name>fs_tod_t2.obj</name>
      </input_file>
      <input_file id="fl-de">
         <path>C:\ti\ccsv6\tools\compiler\arm_15.12.3.LTS\lib\</path>
         <kind>archive</kind>
         <file>rtsv7M4_T_le_v4SPD16_eabi.lib</file>
         <name>i_tofd_t2.obj</name>
      </input_file>
      <input_file id="fl-df">
         <path>C:\ti\ccsv6\tools\compiler\arm_15.12.3.LTS\lib\</path>
         <kind>archive</kind>
         <file>rtsv7M4_T_le_v4SPD16_eabi.lib</file>
         <name>memcpy_t2.obj</name>
      </input_file>
      <input_file id="fl-e0">
         <path>C:\ti\ccsv6\tools\compiler\arm_15.12.3.LTS\lib\</path>
         <kind>archive</kind>
         <file>rtsv7M4_T_le_v4SPD16_eabi.lib</file>
         <name>memset_t2.obj</name>
      </input_file>
      <input_file id="fl-e1">
         <path>C:\ti\ccsv6\tools\compiler\arm_15.12.3.LTS\lib\</path>
         <kind>archive</kind>
         <file>rtsv7M4_T_le_v4SPD16_eabi.lib</file>
         <name>mpu_init.obj</name>
      </input_file>
      <input_file id="fl-e2">
         <path>C:\ti\ccsv6\tools\compiler\arm_15.12.3.LTS\lib\</path>
         <kind>archive</kind>
         <file>rtsv7M4_T_le_v4SPD16_eabi.lib</file>
         <name>pre_init.obj</name>
      </input_file>
      <input_file id="fl-e3">
         <path>C:\ti\ccsv6\tools\compiler\arm_15.12.3.LTS\lib\</path>
         <kind>archive</kind>
         <file>rtsv7M4_T_le_v4SPD16_eabi.lib</file>
         <name>snprintf.obj</name>
      </input_file>
      <input_file id="fl-e4">
         <path>C:\ti\ccsv6\tools\compiler\arm_15.12.3.LTS\lib\</path>
         <kind>archive</kind>
         <file>rtsv7M4_T_le_v4SPD16_eabi.lib</file>
         <name>stkdepth_vars.obj</name>
      </input_file>
      <input_file id="fl-e5">
         <path>C:\ti\ccsv6\tools\compiler\arm_15.12.3.LTS\lib\</path>
         <kind>archive</kind>
         <file>rtsv7M4_T_le_v4SPD16_eabi.lib</file>
         <name>strcat.obj</name>
      </input_file>
      <input_file id="fl-e6">
         <path>C:\ti\ccsv6\tools\compiler\arm_15.12.3.LTS\lib\</path>
         <kind>archive</kind>
         <file>rtsv7M4_T_le_v4SPD16_eabi.lib</file>
         <name>strcmp.obj</name>
      </input_file>
      <input_file id="fl-e7">
         <path>C:\ti\ccsv6\tools\compiler\arm_15.12.3.LTS\lib\</path>
         <kind>archive</kind>
         <file>rtsv7M4_T_le_v4SPD16_eabi.lib</file>
         <name>strcpy.obj</name>
      </input_file>
      <input_file id="fl-e8">
         <path>C:\ti\ccsv6\tools\compiler\arm_15.12.3.LTS\lib\</path>
         <kind>archive</kind>
         <file>rtsv7M4_T_le_v4SPD16_eabi.lib</file>
         <name>strlen.obj</name>
      </input_file>
      <input_file id="fl-e9">
         <path>C:\ti\ccsv6\tools\compiler\arm_15.12.3.LTS\lib\</path>
         <kind>archive</kind>
         <file>rtsv7M4_T_le_v4SPD16_eabi.lib</file>
         <name>strncpy.obj</name>
      </input_file>
      <input_file id="fl-ea">
         <path>C:\ti\ccsv6\tools\compiler\arm_15.12.3.LTS\lib\</path>
         <kind>archive</kind>
         <file>rtsv7M4_T_le_v4SPD16_eabi.lib</file>
         <name>u_divt2.obj</name>
      </input_file>
      <input_file id="fl-eb">
         <path>C:\ti\ccsv6\tools\compiler\arm_15.12.3.LTS\lib\</path>
         <kind>archive</kind>
         <file>rtsv7M4_T_le_v4SPD16_eabi.lib</file>
         <name>u_tofd_t2.obj</name>
      </input_file>
      <input_file id="fl-ec">
         <path>C:\ti\ccsv6\tools\compiler\arm_15.12.3.LTS\lib\</path>
         <kind>archive</kind>
         <file>rtsv7M4_T_le_v4SPD16_eabi.lib</file>
         <name>_lock.obj</name>
      </input_file>
      <input_file id="fl-ed">
         <path>C:\ti\ccsv6\tools\compiler\arm_15.12.3.LTS\lib\</path>
         <kind>archive</kind>
         <file>rtsv7M4_T_le_v4SPD16_eabi.lib</file>
         <name>_printfi.obj</name>
      </input_file>
      <input_file id="fl-ee">
         <path>C:\ti\ccsv6\tools\compiler\arm_15.12.3.LTS\lib\</path>
         <kind>archive</kind>
         <file>rtsv7M4_T_le_v4SPD16_eabi.lib</file>
         <name>args_main.obj</name>
      </input_file>
      <input_file id="fl-ef">
         <path>C:\ti\ccsv6\tools\compiler\arm_15.12.3.LTS\lib\</path>
         <kind>archive</kind>
         <file>rtsv7M4_T_le_v4SPD16_eabi.lib</file>
         <name>atoi.obj</name>
      </input_file>
      <input_file id="fl-f0">
         <path>C:\ti\ccsv6\tools\compiler\arm_15.12.3.LTS\lib\</path>
         <kind>archive</kind>
         <file>rtsv7M4_T_le_v4SPD16_eabi.lib</file>
         <name>autoinit.obj</name>
      </input_file>
      <input_file id="fl-f1">
         <path>C:\ti\ccsv6\tools\compiler\arm_15.12.3.LTS\lib\</path>
         <kind>archive</kind>
         <file>rtsv7M4_T_le_v4SPD16_eabi.lib</file>
         <name>cpy_tbl.obj</name>
      </input_file>
      <input_file id="fl-f2">
         <path>C:\ti\ccsv6\tools\compiler\arm_15.12.3.LTS\lib\</path>
         <kind>archive</kind>
         <file>rtsv7M4_T_le_v4SPD16_eabi.lib</file>
         <name>ctype.obj</name>
      </input_file>
      <input_file id="fl-f3">
         <path>C:\ti\ccsv6\tools\compiler\arm_15.12.3.LTS\lib\</path>
         <kind>archive</kind>
         <file>rtsv7M4_T_le_v4SPD16_eabi.lib</file>
         <name>fd_cmp_t2.obj</name>
      </input_file>
      <input_file id="fl-f4">
         <path>C:\ti\ccsv6\tools\compiler\arm_15.12.3.LTS\lib\</path>
         <kind>archive</kind>
         <file>rtsv7M4_T_le_v4SPD16_eabi.lib</file>
         <name>fd_toi_t2.obj</name>
      </input_file>
      <input_file id="fl-f5">
         <path>C:\ti\ccsv6\tools\compiler\arm_15.12.3.LTS\lib\</path>
         <kind>archive</kind>
         <file>rtsv7M4_T_le_v4SPD16_eabi.lib</file>
         <name>i_div0.obj</name>
      </input_file>
      <input_file id="fl-f6">
         <path>C:\ti\ccsv6\tools\compiler\arm_15.12.3.LTS\lib\</path>
         <kind>archive</kind>
         <file>rtsv7M4_T_le_v4SPD16_eabi.lib</file>
         <name>ltoa.obj</name>
      </input_file>
      <input_file id="fl-f7">
         <path>C:\ti\ccsv6\tools\compiler\arm_15.12.3.LTS\lib\</path>
         <kind>archive</kind>
         <file>rtsv7M4_T_le_v4SPD16_eabi.lib</file>
         <name>memccpy.obj</name>
      </input_file>
      <input_file id="fl-f8">
         <path>C:\ti\ccsv6\tools\compiler\arm_15.12.3.LTS\lib\</path>
         <kind>archive</kind>
         <file>rtsv7M4_T_le_v4SPD16_eabi.lib</file>
         <name>s_frexp.obj</name>
      </input_file>
      <input_file id="fl-f9">
         <path>C:\ti\ccsv6\tools\compiler\arm_15.12.3.LTS\lib\</path>
         <kind>archive</kind>
         <file>rtsv7M4_T_le_v4SPD16_eabi.lib</file>
         <name>s_scalbn.obj</name>
      </input_file>
      <input_file id="fl-fa">
         <path>C:\ti\ccsv6\tools\compiler\arm_15.12.3.LTS\lib\</path>
         <kind>archive</kind>
         <file>rtsv7M4_T_le_v4SPD16_eabi.lib</file>
         <name>startup.obj</name>
      </input_file>
      <input_file id="fl-fb">
         <path>C:\ti\ccsv6\tools\compiler\arm_15.12.3.LTS\lib\</path>
         <kind>archive</kind>
         <file>rtsv7M4_T_le_v4SPD16_eabi.lib</file>
         <name>strchr.obj</name>
      </input_file>
      <input_file id="fl-fc">
         <path>C:\ti\ccsv6\tools\compiler\arm_15.12.3.LTS\lib\</path>
         <kind>archive</kind>
         <file>rtsv7M4_T_le_v4SPD16_eabi.lib</file>
         <name>ull_div_t2.obj</name>
      </input_file>
      <input_file id="fl-fd">
         <path>C:\ti\ccsv6\tools\compiler\arm_15.12.3.LTS\lib\</path>
         <kind>archive</kind>
         <file>rtsv7M4_T_le_v4SPD16_eabi.lib</file>
         <name>errno.obj</name>
      </input_file>
      <input_file id="fl-fe">
         <path>C:\ti\ccsv6\tools\compiler\arm_15.12.3.LTS\lib\</path>
         <kind>archive</kind>
         <file>rtsv7M4_T_le_v4SPD16_eabi.lib</file>
         <name>s_copysign.obj</name>
      </input_file>
      <input_file id="fl-ff">
         <path>C:\ti\TivaWare_C_Series-2.1.3.156\driverlib\ccs\Debug\</path>
         <kind>archive</kind>
         <file>driverlib.lib</file>
         <name>fpu.obj</name>
      </input_file>
      <input_file id="fl-100">
         <path>C:\ti\TivaWare_C_Series-2.1.3.156\driverlib\ccs\Debug\</path>
         <kind>archive</kind>
         <file>driverlib.lib</file>
         <name>gpio.obj</name>
      </input_file>
      <input_file id="fl-101">
         <path>C:\ti\TivaWare_C_Series-2.1.3.156\driverlib\ccs\Debug\</path>
         <kind>archive</kind>
         <file>driverlib.lib</file>
         <name>i2c.obj</name>
      </input_file>
      <input_file id="fl-102">
         <path>C:\ti\TivaWare_C_Series-2.1.3.156\driverlib\ccs\Debug\</path>
         <kind>archive</kind>
         <file>driverlib.lib</file>
         <name>interrupt.obj</name>
      </input_file>
      <input_file id="fl-103">
         <path>C:\ti\TivaWare_C_Series-2.1.3.156\driverlib\ccs\Debug\</path>
         <kind>archive</kind>
         <file>driverlib.lib</file>
         <name>ssi.obj</name>
      </input_file>
      <input_file id="fl-104">
         <path>C:\ti\TivaWare_C_Series-2.1.3.156\driverlib\ccs\Debug\</path>
         <kind>archive</kind>
         <file>driverlib.lib</file>
         <name>sysctl.obj</name>
      </input_file>
      <input_file id="fl-105">
         <path>C:\ti\TivaWare_C_Series-2.1.3.156\driverlib\ccs\Debug\</path>
         <kind>archive</kind>
         <file>driverlib.lib</file>
         <name>timer.obj</name>
      </input_file>
      <input_file id="fl-106">
         <path>C:\ti\TivaWare_C_Series-2.1.3.156\driverlib\ccs\Debug\</path>
         <kind>archive</kind>
         <file>driverlib.lib</file>
         <name>uart.obj</name>
      </input_file>
      <input_file id="fl-107">
         <path>C:\ti\TivaWare_C_Series-2.1.3.156\driverlib\ccs\Debug\</path>
         <kind>archive</kind>
         <file>driverlib.lib</file>
         <name>cpu.obj</name>
      </input_file>
   </input_file_list>
   <object_component_list>
      <object_component id="oc-f">
         <name>.intvecs</name>
         <load_address>0x0</load_address>
         <run_address>0x0</run_address>
         <size>0x26c</size>
         <input_file_ref idref="fl-4"/>
      </object_component>
      <object_component id="oc-9ef">
         <name>.text</name>
         <load_address>0x26c</load_address>
         <run_address>0x26c</run_address>
         <size>0x1110</size>
         <input_file_ref idref="fl-ed"/>
      </object_component>
      <object_component id="oc-119">
         <name>.text:main</name>
         <load_address>0x137c</load_address>
         <run_address>0x137c</run_address>
         <size>0xb60</size>
         <input_file_ref idref="fl-3"/>
      </object_component>
      <object_component id="oc-654">
         <name>.text:CMD_rtc</name>
         <load_address>0x1edc</load_address>
         <run_address>0x1edc</run_address>
         <size>0x904</size>
         <input_file_ref idref="fl-12"/>
      </object_component>
      <object_component id="oc-473">
         <name>.text:chk_mounted</name>
         <load_address>0x27e0</load_address>
         <run_address>0x27e0</run_address>
         <size>0x4d8</size>
         <input_file_ref idref="fl-f"/>
      </object_component>
      <object_component id="oc-88c">
         <name>.text:TM_TaskPrint</name>
         <load_address>0x2cb8</load_address>
         <run_address>0x2cb8</run_address>
         <size>0x4c8</size>
         <input_file_ref idref="fl-15"/>
      </object_component>
      <object_component id="oc-585">
         <name>.text:uvsnprintf</name>
         <load_address>0x3180</load_address>
         <run_address>0x3180</run_address>
         <size>0x438</size>
         <input_file_ref idref="fl-18"/>
      </object_component>
      <object_component id="oc-6ce">
         <name>.text:create_name</name>
         <load_address>0x35b8</load_address>
         <run_address>0x35b8</run_address>
         <size>0x3eb</size>
         <input_file_ref idref="fl-f"/>
      </object_component>
      <object_component id="oc-273">
         <name>.text:UARTvprintf</name>
         <load_address>0x39a4</load_address>
         <run_address>0x39a4</run_address>
         <size>0x30c</size>
         <input_file_ref idref="fl-17"/>
      </object_component>
      <object_component id="oc-87d">
         <name>.text:FM_ConfigSave</name>
         <load_address>0x3cb0</load_address>
         <run_address>0x3cb0</run_address>
         <size>0x2ec</size>
         <input_file_ref idref="fl-14"/>
      </object_component>
      <object_component id="oc-ac5">
         <name>.text:f_write</name>
         <load_address>0x3f9c</load_address>
         <run_address>0x3f9c</run_address>
         <size>0x2a4</size>
         <input_file_ref idref="fl-f"/>
      </object_component>
      <object_component id="oc-89a">
         <name>.text:TM_TaskSet</name>
         <load_address>0x4240</load_address>
         <run_address>0x4240</run_address>
         <size>0x2a0</size>
         <input_file_ref idref="fl-15"/>
      </object_component>
      <object_component id="oc-593">
         <name>.text:f_read</name>
         <load_address>0x44e0</load_address>
         <run_address>0x44e0</run_address>
         <size>0x254</size>
         <input_file_ref idref="fl-f"/>
      </object_component>
      <object_component id="oc-684">
         <name>.text:Cmd_TaskSet</name>
         <load_address>0x4734</load_address>
         <run_address>0x4734</run_address>
         <size>0x251</size>
         <input_file_ref idref="fl-12"/>
      </object_component>
      <object_component id="oc-37">
         <name>.text:FaultISR</name>
         <load_address>0x4986</load_address>
         <run_address>0x4986</run_address>
         <size>0x2</size>
         <input_file_ref idref="fl-4"/>
      </object_component>
      <object_component id="oc-8a2">
         <name>.text:SYS_ParamsPrint</name>
         <load_address>0x4988</load_address>
         <run_address>0x4988</run_address>
         <size>0x218</size>
         <input_file_ref idref="fl-2"/>
      </object_component>
      <object_component id="oc-1c4">
         <name>.text:VS10xxInit</name>
         <load_address>0x4ba0</load_address>
         <run_address>0x4ba0</run_address>
         <size>0x218</size>
         <input_file_ref idref="fl-d"/>
      </object_component>
      <object_component id="oc-58d">
         <name>.text:f_open</name>
         <load_address>0x4db8</load_address>
         <run_address>0x4db8</run_address>
         <size>0x218</size>
         <input_file_ref idref="fl-f"/>
      </object_component>
      <object_component id="oc-a5b">
         <name>.text:disk_ioctl</name>
         <load_address>0x4fd0</load_address>
         <run_address>0x4fd0</run_address>
         <size>0x208</size>
         <input_file_ref idref="fl-10"/>
      </object_component>
      <object_component id="oc-7d3">
         <name>.text:FM_ls</name>
         <load_address>0x51d8</load_address>
         <run_address>0x51d8</run_address>
         <size>0x1fc</size>
         <input_file_ref idref="fl-14"/>
      </object_component>
      <object_component id="oc-a7d">
         <name>.text</name>
         <load_address>0x53d4</load_address>
         <run_address>0x53d4</run_address>
         <size>0x1f4</size>
         <input_file_ref idref="fl-fc"/>
      </object_component>
      <object_component id="oc-a0e">
         <name>.text:f_mkdir</name>
         <load_address>0x55c8</load_address>
         <run_address>0x55c8</run_address>
         <size>0x1f0</size>
         <input_file_ref idref="fl-f"/>
      </object_component>
      <object_component id="oc-49b">
         <name>.text:get_fileinfo</name>
         <load_address>0x57b8</load_address>
         <run_address>0x57b8</run_address>
         <size>0x1e8</size>
         <input_file_ref idref="fl-f"/>
      </object_component>
      <object_component id="oc-77a">
         <name>.text:dir_register</name>
         <load_address>0x59a0</load_address>
         <run_address>0x59a0</run_address>
         <size>0x1d8</size>
         <input_file_ref idref="fl-f"/>
      </object_component>
      <object_component id="oc-952">
         <name>.text:put_fat</name>
         <load_address>0x5b78</load_address>
         <run_address>0x5b78</run_address>
         <size>0x1be</size>
         <input_file_ref idref="fl-f"/>
      </object_component>
      <object_component id="oc-3d">
         <name>.text:IntDefaultHandler</name>
         <load_address>0x5d36</load_address>
         <run_address>0x5d36</run_address>
         <size>0x2</size>
         <input_file_ref idref="fl-4"/>
      </object_component>
      <object_component id="oc-886">
         <name>.text:TM_TaskAdd</name>
         <load_address>0x5d38</load_address>
         <run_address>0x5d38</run_address>
         <size>0x1b8</size>
         <input_file_ref idref="fl-15"/>
      </object_component>
      <object_component id="oc-5e1">
         <name>.text</name>
         <load_address>0x5ef0</load_address>
         <run_address>0x5ef0</run_address>
         <size>0x1b6</size>
         <input_file_ref idref="fl-d8"/>
      </object_component>
      <object_component id="oc-31">
         <name>.text:NmiSR</name>
         <load_address>0x60a6</load_address>
         <run_address>0x60a6</run_address>
         <size>0x2</size>
         <input_file_ref idref="fl-4"/>
      </object_component>
      <object_component id="oc-6b8">
         <name>.text:disk_initialize</name>
         <load_address>0x60a8</load_address>
         <run_address>0x60a8</run_address>
         <size>0x1ac</size>
         <input_file_ref idref="fl-10"/>
      </object_component>
      <object_component id="oc-215">
         <name>.text:AM_VolumeFade</name>
         <load_address>0x6254</load_address>
         <run_address>0x6254</run_address>
         <size>0x190</size>
         <input_file_ref idref="fl-11"/>
      </object_component>
      <object_component id="oc-a14">
         <name>.text:FM_Save</name>
         <load_address>0x63e4</load_address>
         <run_address>0x63e4</run_address>
         <size>0x190</size>
         <input_file_ref idref="fl-14"/>
      </object_component>
      <object_component id="oc-7da">
         <name>.text:FM_cd</name>
         <load_address>0x6574</load_address>
         <run_address>0x6574</run_address>
         <size>0x188</size>
         <input_file_ref idref="fl-14"/>
      </object_component>
      <object_component id="oc-4f">
         <name>.text:UARTStdioIntHandler</name>
         <load_address>0x66fc</load_address>
         <run_address>0x66fc</run_address>
         <size>0x188</size>
         <input_file_ref idref="fl-17"/>
      </object_component>
      <object_component id="oc-168">
         <name>.text:FM_Index</name>
         <load_address>0x6884</load_address>
         <run_address>0x6884</run_address>
         <size>0x184</size>
         <input_file_ref idref="fl-14"/>
      </object_component>
      <object_component id="oc-3a0">
         <name>.text:FM_Load</name>
         <load_address>0x6a08</load_address>
         <run_address>0x6a08</run_address>
         <size>0x180</size>
         <input_file_ref idref="fl-14"/>
      </object_component>
      <object_component id="oc-4a1">
         <name>.text:dir_next</name>
         <load_address>0x6b88</load_address>
         <run_address>0x6b88</run_address>
         <size>0x180</size>
         <input_file_ref idref="fl-f"/>
      </object_component>
      <object_component id="oc-893">
         <name>.text:TM_TaskRemove</name>
         <load_address>0x6d08</load_address>
         <run_address>0x6d08</run_address>
         <size>0x17c</size>
         <input_file_ref idref="fl-15"/>
      </object_component>
      <object_component id="oc-678">
         <name>.text:Cmd_TaskAdd</name>
         <load_address>0x6e84</load_address>
         <run_address>0x6e84</run_address>
         <size>0x170</size>
         <input_file_ref idref="fl-12"/>
      </object_component>
      <object_component id="oc-9a9">
         <name>.text:f_getfree</name>
         <load_address>0x6ff4</load_address>
         <run_address>0x6ff4</run_address>
         <size>0x162</size>
         <input_file_ref idref="fl-f"/>
      </object_component>
      <object_component id="oc-5ea">
         <name>.text</name>
         <load_address>0x7156</load_address>
         <run_address>0x7156</run_address>
         <size>0x2</size>
         <input_file_ref idref="fl-f5"/>
      </object_component>
      <object_component id="oc-42c">
         <name>.text:VS10xxPlay</name>
         <load_address>0x7158</load_address>
         <run_address>0x7158</run_address>
         <size>0x154</size>
         <input_file_ref idref="fl-d"/>
      </object_component>
      <object_component id="oc-6d4">
         <name>.text:dir_find</name>
         <load_address>0x72ac</load_address>
         <run_address>0x72ac</run_address>
         <size>0x154</size>
         <input_file_ref idref="fl-f"/>
      </object_component>
      <object_component id="oc-696">
         <name>.text:Cmd_SysParamSet</name>
         <load_address>0x7400</load_address>
         <run_address>0x7400</run_address>
         <size>0x151</size>
         <input_file_ref idref="fl-12"/>
      </object_component>
      <object_component id="oc-7d">
         <name>.text</name>
         <load_address>0x7552</load_address>
         <run_address>0x7552</run_address>
         <size>0x2</size>
         <input_file_ref idref="fl-e1"/>
      </object_component>
      <object_component id="oc-7e9">
         <name>.text:FM_FileDelete</name>
         <load_address>0x7554</load_address>
         <run_address>0x7554</run_address>
         <size>0x144</size>
         <input_file_ref idref="fl-14"/>
      </object_component>
      <object_component id="oc-495">
         <name>.text:dir_read</name>
         <load_address>0x7698</load_address>
         <run_address>0x7698</run_address>
         <size>0x13e</size>
         <input_file_ref idref="fl-f"/>
      </object_component>
      <object_component id="oc-111">
         <name>.text</name>
         <load_address>0x77d6</load_address>
         <run_address>0x77d6</run_address>
         <size>0x2</size>
         <input_file_ref idref="fl-fa"/>
      </object_component>
      <object_component id="oc-bc">
         <name>.text:FM_SDCheck</name>
         <load_address>0x77d8</load_address>
         <run_address>0x77d8</run_address>
         <size>0x13c</size>
         <input_file_ref idref="fl-14"/>
      </object_component>
      <object_component id="oc-800">
         <name>.text:ustrtoul</name>
         <load_address>0x7914</load_address>
         <run_address>0x7914</run_address>
         <size>0x138</size>
         <input_file_ref idref="fl-18"/>
      </object_component>
      <object_component id="oc-3ea">
         <name>.text</name>
         <load_address>0x7a4c</load_address>
         <run_address>0x7a4c</run_address>
         <size>0x136</size>
         <input_file_ref idref="fl-d9"/>
      </object_component>
      <object_component id="oc-305">
         <name>.text:GPIOPadConfigSet</name>
         <load_address>0x7b82</load_address>
         <run_address>0x7b82</run_address>
         <size>0x132</size>
         <input_file_ref idref="fl-100"/>
      </object_component>
      <object_component id="oc-6dc">
         <name>.text:get_fat</name>
         <load_address>0x7cb4</load_address>
         <run_address>0x7cb4</run_address>
         <size>0x124</size>
         <input_file_ref idref="fl-f"/>
      </object_component>
      <object_component id="oc-971">
         <name>.text:gen_numname</name>
         <load_address>0x7dd8</load_address>
         <run_address>0x7dd8</run_address>
         <size>0x120</size>
         <input_file_ref idref="fl-f"/>
      </object_component>
      <object_component id="oc-600">
         <name>.text:Cmd_help</name>
         <load_address>0x7ef8</load_address>
         <run_address>0x7ef8</run_address>
         <size>0x118</size>
         <input_file_ref idref="fl-12"/>
      </object_component>
      <object_component id="oc-7e2">
         <name>.text:FM_cat</name>
         <load_address>0x8010</load_address>
         <run_address>0x8010</run_address>
         <size>0x114</size>
         <input_file_ref idref="fl-14"/>
      </object_component>
      <object_component id="oc-330">
         <name>.text:SysCtlClockGet</name>
         <load_address>0x8124</load_address>
         <run_address>0x8124</run_address>
         <size>0x110</size>
         <input_file_ref idref="fl-104"/>
      </object_component>
      <object_component id="oc-98f">
         <name>.text:sync_fs</name>
         <load_address>0x8234</load_address>
         <run_address>0x8234</run_address>
         <size>0x110</size>
         <input_file_ref idref="fl-f"/>
      </object_component>
      <object_component id="oc-9bb">
         <name>.text:f_unlink</name>
         <load_address>0x8344</load_address>
         <run_address>0x8344</run_address>
         <size>0x10c</size>
         <input_file_ref idref="fl-f"/>
      </object_component>
      <object_component id="oc-3ff">
         <name>.text:VS10xxVolumeSet</name>
         <load_address>0x8450</load_address>
         <run_address>0x8450</run_address>
         <size>0x108</size>
         <input_file_ref idref="fl-d"/>
      </object_component>
      <object_component id="oc-706">
         <name>.text:create_chain</name>
         <load_address>0x8558</load_address>
         <run_address>0x8558</run_address>
         <size>0x104</size>
         <input_file_ref idref="fl-f"/>
      </object_component>
      <object_component id="oc-485">
         <name>.text:dir_sdi</name>
         <load_address>0x865c</load_address>
         <run_address>0x865c</run_address>
         <size>0x104</size>
         <input_file_ref idref="fl-f"/>
      </object_component>
      <object_component id="oc-7a0">
         <name>.text:f_sync</name>
         <load_address>0x8760</load_address>
         <run_address>0x8760</run_address>
         <size>0xfc</size>
         <input_file_ref idref="fl-f"/>
      </object_component>
      <object_component id="oc-3ef">
         <name>.text</name>
         <load_address>0x885c</load_address>
         <run_address>0x885c</run_address>
         <size>0xfc</size>
         <input_file_ref idref="fl-da"/>
      </object_component>
      <object_component id="oc-a9d">
         <name>.text</name>
         <load_address>0x8958</load_address>
         <run_address>0x8958</run_address>
         <size>0xfc</size>
         <input_file_ref idref="fl-f9"/>
      </object_component>
      <object_component id="oc-7fa">
         <name>.text:getarg</name>
         <load_address>0x8a54</load_address>
         <run_address>0x8a54</run_address>
         <size>0xf6</size>
         <input_file_ref idref="fl-12"/>
      </object_component>
      <object_component id="oc-1a0">
         <name>.text:SysCtlClockSet</name>
         <load_address>0x8b4c</load_address>
         <run_address>0x8b4c</run_address>
         <size>0xf4</size>
         <input_file_ref idref="fl-104"/>
      </object_component>
      <object_component id="oc-799">
         <name>.text:disk_write</name>
         <load_address>0x8c40</load_address>
         <run_address>0x8c40</run_address>
         <size>0xec</size>
         <input_file_ref idref="fl-10"/>
      </object_component>
      <object_component id="oc-1e8">
         <name>.text:FM_ConfigLoad</name>
         <load_address>0x8d2c</load_address>
         <run_address>0x8d2c</run_address>
         <size>0xe8</size>
         <input_file_ref idref="fl-14"/>
      </object_component>
      <object_component id="oc-1ca">
         <name>.text:TM_Init</name>
         <load_address>0x8e14</load_address>
         <run_address>0x8e14</run_address>
         <size>0xe4</size>
         <input_file_ref idref="fl-15"/>
      </object_component>
      <object_component id="oc-55f">
         <name>.text:DS3231RegisterReadBurst</name>
         <load_address>0x8ef8</load_address>
         <run_address>0x8ef8</run_address>
         <size>0xd8</size>
         <input_file_ref idref="fl-6"/>
      </object_component>
      <object_component id="oc-2eb">
         <name>.text:UARTStdioConfig</name>
         <load_address>0x8fd0</load_address>
         <run_address>0x8fd0</run_address>
         <size>0xd8</size>
         <input_file_ref idref="fl-17"/>
      </object_component>
      <object_component id="oc-6ff">
         <name>.text:ff_convert</name>
         <load_address>0x90a8</load_address>
         <run_address>0x90a8</run_address>
         <size>0xd8</size>
         <input_file_ref idref="fl-e"/>
      </object_component>
      <object_component id="oc-7ab">
         <name>.text:VS10xxStop</name>
         <load_address>0x9180</load_address>
         <run_address>0x9180</run_address>
         <size>0xd4</size>
         <input_file_ref idref="fl-d"/>
      </object_component>
      <object_component id="oc-342">
         <name>.text:VS10xxSciWrite</name>
         <load_address>0x9254</load_address>
         <run_address>0x9254</run_address>
         <size>0xd0</size>
         <input_file_ref idref="fl-d"/>
      </object_component>
      <object_component id="oc-97d">
         <name>.text:fit_lfn</name>
         <load_address>0x9324</load_address>
         <run_address>0x9324</run_address>
         <size>0xcc</size>
         <input_file_ref idref="fl-f"/>
      </object_component>
      <object_component id="oc-65a">
         <name>.text:Cmd_rly</name>
         <load_address>0x93f0</load_address>
         <run_address>0x93f0</run_address>
         <size>0xc5</size>
         <input_file_ref idref="fl-12"/>
      </object_component>
      <object_component id="oc-521">
         <name>.text:VS10xxBufferFeed</name>
         <load_address>0x94b8</load_address>
         <run_address>0x94b8</run_address>
         <size>0xc4</size>
         <input_file_ref idref="fl-d"/>
      </object_component>
      <object_component id="oc-3ba">
         <name>.text:AM_VolumeFadeInOutTickHandler</name>
         <load_address>0x957c</load_address>
         <run_address>0x957c</run_address>
         <size>0xc0</size>
         <input_file_ref idref="fl-11"/>
      </object_component>
      <object_component id="oc-233">
         <name>.text:ActDisable</name>
         <load_address>0x963c</load_address>
         <run_address>0x963c</run_address>
         <size>0xc0</size>
         <input_file_ref idref="fl-5"/>
      </object_component>
      <object_component id="oc-22d">
         <name>.text:ActEnbale</name>
         <load_address>0x96fc</load_address>
         <run_address>0x96fc</run_address>
         <size>0xc0</size>
         <input_file_ref idref="fl-5"/>
      </object_component>
      <object_component id="oc-393">
         <name>.text:HCSR501TimerIntHandler</name>
         <load_address>0x97bc</load_address>
         <run_address>0x97bc</run_address>
         <size>0xc0</size>
         <input_file_ref idref="fl-7"/>
      </object_component>
      <object_component id="oc-479">
         <name>.text:follow_path</name>
         <load_address>0x987c</load_address>
         <run_address>0x987c</run_address>
         <size>0xc0</size>
         <input_file_ref idref="fl-f"/>
      </object_component>
      <object_component id="oc-d4">
         <name>.text:UARTwrite</name>
         <load_address>0x993c</load_address>
         <run_address>0x993c</run_address>
         <size>0xbc</size>
         <input_file_ref idref="fl-17"/>
      </object_component>
      <object_component id="oc-2ab">
         <name>.text:f_opendir</name>
         <load_address>0x99f8</load_address>
         <run_address>0x99f8</run_address>
         <size>0xbc</size>
         <input_file_ref idref="fl-f"/>
      </object_component>
      <object_component id="oc-8ea">
         <name>.text:power_on</name>
         <load_address>0x9ab4</load_address>
         <run_address>0x9ab4</run_address>
         <size>0xbc</size>
         <input_file_ref idref="fl-10"/>
      </object_component>
      <object_component id="oc-660">
         <name>.text:Cmd_disp</name>
         <load_address>0x9b70</load_address>
         <run_address>0x9b70</run_address>
         <size>0xb9</size>
         <input_file_ref idref="fl-12"/>
      </object_component>
      <object_component id="oc-227">
         <name>.text:AM_Play</name>
         <load_address>0x9c2c</load_address>
         <run_address>0x9c2c</run_address>
         <size>0xb8</size>
         <input_file_ref idref="fl-11"/>
      </object_component>
      <object_component id="oc-5f2">
         <name>.text:FM_FileOpen</name>
         <load_address>0x9ce4</load_address>
         <run_address>0x9ce4</run_address>
         <size>0xb8</size>
         <input_file_ref idref="fl-14"/>
      </object_component>
      <object_component id="oc-938">
         <name>.text:cmp_lfn</name>
         <load_address>0x9d9c</load_address>
         <run_address>0x9d9c</run_address>
         <size>0xb8</size>
         <input_file_ref idref="fl-f"/>
      </object_component>
      <object_component id="oc-6c4">
         <name>.text:disk_read</name>
         <load_address>0x9e54</load_address>
         <run_address>0x9e54</run_address>
         <size>0xb8</size>
         <input_file_ref idref="fl-10"/>
      </object_component>
      <object_component id="oc-1e2">
         <name>.text:HCSR501Init</name>
         <load_address>0x9f0c</load_address>
         <run_address>0x9f0c</run_address>
         <size>0xb4</size>
         <input_file_ref idref="fl-7"/>
      </object_component>
      <object_component id="oc-246">
         <name>.text:CmdLineProcess</name>
         <load_address>0x9fc0</load_address>
         <run_address>0x9fc0</run_address>
         <size>0xac</size>
         <input_file_ref idref="fl-16"/>
      </object_component>
      <object_component id="oc-6be">
         <name>.text:check_fs</name>
         <load_address>0xa06c</load_address>
         <run_address>0xa06c</run_address>
         <size>0xa8</size>
         <input_file_ref idref="fl-f"/>
      </object_component>
      <object_component id="oc-6f2">
         <name>.text:pick_lfn</name>
         <load_address>0xa114</load_address>
         <run_address>0xa114</run_address>
         <size>0xa8</size>
         <input_file_ref idref="fl-f"/>
      </object_component>
      <object_component id="oc-b6">
         <name>.text:HCSR501OnMotion</name>
         <load_address>0xa1bc</load_address>
         <run_address>0xa1bc</run_address>
         <size>0xa4</size>
         <input_file_ref idref="fl-7"/>
      </object_component>
      <object_component id="oc-3c7">
         <name>.text:NHD0216K3ZPrintText</name>
         <load_address>0xa260</load_address>
         <run_address>0xa260</run_address>
         <size>0x9e</size>
         <input_file_ref idref="fl-b"/>
      </object_component>
      <object_component id="oc-8fc">
         <name>.text:send_cmd</name>
         <load_address>0xa2fe</load_address>
         <run_address>0xa2fe</run_address>
         <size>0x9e</size>
         <input_file_ref idref="fl-10"/>
      </object_component>
      <object_component id="oc-1dc">
         <name>.text:DS3231Init</name>
         <load_address>0xa39c</load_address>
         <run_address>0xa39c</run_address>
         <size>0x9c</size>
         <input_file_ref idref="fl-6"/>
      </object_component>
      <object_component id="oc-58">
         <name>.text</name>
         <load_address>0xa438</load_address>
         <run_address>0xa438</run_address>
         <size>0x9c</size>
         <input_file_ref idref="fl-df"/>
      </object_component>
      <object_component id="oc-78c">
         <name>.text:remove_chain</name>
         <load_address>0xa4d4</load_address>
         <run_address>0xa4d4</run_address>
         <size>0x9a</size>
         <input_file_ref idref="fl-f"/>
      </object_component>
      <object_component id="oc-3c1">
         <name>.text:NHD0216K3ZInit</name>
         <load_address>0xa570</load_address>
         <run_address>0xa570</run_address>
         <size>0x98</size>
         <input_file_ref idref="fl-b"/>
      </object_component>
      <object_component id="oc-2b1">
         <name>.text:f_readdir</name>
         <load_address>0xa608</load_address>
         <run_address>0xa608</run_address>
         <size>0x98</size>
         <input_file_ref idref="fl-f"/>
      </object_component>
      <object_component id="oc-c8">
         <name>.text:UARTPrimeTransmit</name>
         <load_address>0xa6a0</load_address>
         <run_address>0xa6a0</run_address>
         <size>0x94</size>
         <input_file_ref idref="fl-17"/>
      </object_component>
      <object_component id="oc-853">
         <name>.text</name>
         <load_address>0xa734</load_address>
         <run_address>0xa734</run_address>
         <size>0x94</size>
         <input_file_ref idref="fl-e3"/>
      </object_component>
      <object_component id="oc-a6b">
         <name>.text:dir_remove</name>
         <load_address>0xa7c8</load_address>
         <run_address>0xa7c8</run_address>
         <size>0x8c</size>
         <input_file_ref idref="fl-f"/>
      </object_component>
      <object_component id="oc-240">
         <name>.text:UARTgets</name>
         <load_address>0xa854</load_address>
         <run_address>0xa854</run_address>
         <size>0x88</size>
         <input_file_ref idref="fl-17"/>
      </object_component>
      <object_component id="oc-348">
         <name>.text:VS10xxSciRead</name>
         <load_address>0xa8dc</load_address>
         <run_address>0xa8dc</run_address>
         <size>0x88</size>
         <input_file_ref idref="fl-d"/>
      </object_component>
      <object_component id="oc-a82">
         <name>.text:__aeabi_cdcmple</name>
         <load_address>0xa964</load_address>
         <run_address>0xa964</run_address>
         <size>0x86</size>
         <input_file_ref idref="fl-f3"/>
      </object_component>
      <object_component id="oc-a87">
         <name>.text:__aeabi_cdrcmple</name>
         <load_address>0xa9ea</load_address>
         <run_address>0xa9ea</run_address>
         <size>0x86</size>
         <input_file_ref idref="fl-f3"/>
      </object_component>
      <object_component id="oc-200">
         <name>.text:DM_UpdateDisplay</name>
         <load_address>0xaa70</load_address>
         <run_address>0xaa70</run_address>
         <size>0x84</size>
         <input_file_ref idref="fl-13"/>
      </object_component>
      <object_component id="oc-a73">
         <name>.text:DS3231RegisterReadSingle</name>
         <load_address>0xaaf4</load_address>
         <run_address>0xaaf4</run_address>
         <size>0x80</size>
         <input_file_ref idref="fl-6"/>
      </object_component>
      <object_component id="oc-739">
         <name>.text:VS10xxSdiWrite</name>
         <load_address>0xab74</load_address>
         <run_address>0xab74</run_address>
         <size>0x80</size>
         <input_file_ref idref="fl-d"/>
      </object_component>
      <object_component id="oc-70c">
         <name>.text:sync_window</name>
         <load_address>0xabf4</load_address>
         <run_address>0xabf4</run_address>
         <size>0x7e</size>
         <input_file_ref idref="fl-f"/>
      </object_component>
      <object_component id="oc-71">
         <name>.text</name>
         <load_address>0xac72</load_address>
         <run_address>0xac72</run_address>
         <size>0x7a</size>
         <input_file_ref idref="fl-e0"/>
      </object_component>
      <object_component id="oc-988">
         <name>.text:xmit_datablock</name>
         <load_address>0xacec</load_address>
         <run_address>0xacec</run_address>
         <size>0x7a</size>
         <input_file_ref idref="fl-10"/>
      </object_component>
      <object_component id="oc-527">
         <name>.text:LEDToggle</name>
         <load_address>0xad68</load_address>
         <run_address>0xad68</run_address>
         <size>0x78</size>
         <input_file_ref idref="fl-a"/>
      </object_component>
      <object_component id="oc-977">
         <name>.text:dir_alloc</name>
         <load_address>0xade0</load_address>
         <run_address>0xade0</run_address>
         <size>0x78</size>
         <input_file_ref idref="fl-f"/>
      </object_component>
      <object_component id="oc-8f0">
         <name>.text:send_initial_clock_train</name>
         <load_address>0xae58</load_address>
         <run_address>0xae58</run_address>
         <size>0x78</size>
         <input_file_ref idref="fl-10"/>
      </object_component>
      <object_component id="oc-1b2">
         <name>.text:ConfigureUART</name>
         <load_address>0xaed0</load_address>
         <run_address>0xaed0</run_address>
         <size>0x74</size>
         <input_file_ref idref="fl-3"/>
      </object_component>
      <object_component id="oc-37a">
         <name>.text:DS3231RegisterWriteSingle</name>
         <load_address>0xaf44</load_address>
         <run_address>0xaf44</run_address>
         <size>0x74</size>
         <input_file_ref idref="fl-6"/>
      </object_component>
      <object_component id="oc-89">
         <name>.text</name>
         <load_address>0xafb8</load_address>
         <run_address>0xafb8</run_address>
         <size>0x70</size>
         <input_file_ref idref="fl-f0"/>
      </object_component>
      <object_component id="oc-9e8">
         <name>.text</name>
         <load_address>0xb028</load_address>
         <run_address>0xb028</run_address>
         <size>0x6e</size>
         <input_file_ref idref="fl-db"/>
      </object_component>
      <object_component id="oc-848">
         <name>.text:DS3231TemperatureGet</name>
         <load_address>0xb098</load_address>
         <run_address>0xb098</run_address>
         <size>0x6c</size>
         <input_file_ref idref="fl-6"/>
      </object_component>
      <object_component id="oc-64">
         <name>.text</name>
         <load_address>0xb104</load_address>
         <run_address>0xb104</run_address>
         <size>0x6a</size>
         <input_file_ref idref="fl-d5"/>
      </object_component>
      <object_component id="oc-380">
         <name>.text:DS3231IntHandler</name>
         <load_address>0xb170</load_address>
         <run_address>0xb170</run_address>
         <size>0x68</size>
         <input_file_ref idref="fl-6"/>
      </object_component>
      <object_component id="oc-1be">
         <name>.text:FM_Init</name>
         <load_address>0xb1d8</load_address>
         <run_address>0xb1d8</run_address>
         <size>0x68</size>
         <input_file_ref idref="fl-14"/>
      </object_component>
      <object_component id="oc-1ac">
         <name>.text:IntEnable</name>
         <load_address>0xb240</load_address>
         <run_address>0xb240</run_address>
         <size>0x68</size>
         <input_file_ref idref="fl-102"/>
      </object_component>
      <object_component id="oc-23a">
         <name>.text:UARTPeek</name>
         <load_address>0xb2a8</load_address>
         <run_address>0xb2a8</run_address>
         <size>0x68</size>
         <input_file_ref idref="fl-17"/>
      </object_component>
      <object_component id="oc-7f2">
         <name>.text:VS10xxPause</name>
         <load_address>0xb310</load_address>
         <run_address>0xb310</run_address>
         <size>0x68</size>
         <input_file_ref idref="fl-d"/>
      </object_component>
      <object_component id="oc-90e">
         <name>.text:set_max_speed</name>
         <load_address>0xb378</load_address>
         <run_address>0xb378</run_address>
         <size>0x68</size>
         <input_file_ref idref="fl-10"/>
      </object_component>
      <object_component id="oc-a97">
         <name>.text</name>
         <load_address>0xb3e0</load_address>
         <run_address>0xb3e0</run_address>
         <size>0x64</size>
         <input_file_ref idref="fl-f8"/>
      </object_component>
      <object_component id="oc-922">
         <name>.text:send_cmd12</name>
         <load_address>0xb444</load_address>
         <run_address>0xb444</run_address>
         <size>0x64</size>
         <input_file_ref idref="fl-10"/>
      </object_component>
      <object_component id="oc-35a">
         <name>.text:TimerConfigure</name>
         <load_address>0xb4a8</load_address>
         <run_address>0xb4a8</run_address>
         <size>0x60</size>
         <input_file_ref idref="fl-105"/>
      </object_component>
      <object_component id="oc-426">
         <name>.text:VS10xxFilePathSet</name>
         <load_address>0xb508</load_address>
         <run_address>0xb508</run_address>
         <size>0x60</size>
         <input_file_ref idref="fl-d"/>
      </object_component>
      <object_component id="oc-1f4">
         <name>.text:DM_Init</name>
         <load_address>0xb568</load_address>
         <run_address>0xb568</run_address>
         <size>0x5c</size>
         <input_file_ref idref="fl-13"/>
      </object_component>
      <object_component id="oc-209">
         <name>.text:HCSR501Disable</name>
         <load_address>0xb5c4</load_address>
         <run_address>0xb5c4</run_address>
         <size>0x5c</size>
         <input_file_ref idref="fl-7"/>
      </object_component>
      <object_component id="oc-15c">
         <name>.text:StringFromFResult</name>
         <load_address>0xb620</load_address>
         <run_address>0xb620</run_address>
         <size>0x5c</size>
         <input_file_ref idref="fl-14"/>
      </object_component>
      <object_component id="oc-91c">
         <name>.text:rcvr_datablock</name>
         <load_address>0xb67c</load_address>
         <run_address>0xb67c</run_address>
         <size>0x5c</size>
         <input_file_ref idref="fl-10"/>
      </object_component>
      <object_component id="oc-221">
         <name>.text:HCSR501Enable</name>
         <load_address>0xb6d8</load_address>
         <run_address>0xb6d8</run_address>
         <size>0x58</size>
         <input_file_ref idref="fl-7"/>
      </object_component>
      <object_component id="oc-a08">
         <name>.text:f_stat</name>
         <load_address>0xb730</load_address>
         <run_address>0xb730</run_address>
         <size>0x58</size>
         <input_file_ref idref="fl-f"/>
      </object_component>
      <object_component id="oc-769">
         <name>.text:ustrncpy</name>
         <load_address>0xb788</load_address>
         <run_address>0xb788</run_address>
         <size>0x58</size>
         <input_file_ref idref="fl-18"/>
      </object_component>
      <object_component id="oc-30b">
         <name>.text:GPIOIntTypeSet</name>
         <load_address>0xb7e0</load_address>
         <run_address>0xb7e0</run_address>
         <size>0x56</size>
         <input_file_ref idref="fl-100"/>
      </object_component>
      <object_component id="oc-a91">
         <name>.text</name>
         <load_address>0xb836</load_address>
         <run_address>0xb836</run_address>
         <size>0x56</size>
         <input_file_ref idref="fl-f6"/>
      </object_component>
      <object_component id="oc-931">
         <name>.text:ff_wtoupper</name>
         <load_address>0xb88c</load_address>
         <run_address>0xb88c</run_address>
         <size>0x54</size>
         <input_file_ref idref="fl-e"/>
      </object_component>
      <object_component id="oc-24">
         <name>.text</name>
         <load_address>0xb8e0</load_address>
         <run_address>0xb8e0</run_address>
         <size>0x54</size>
         <input_file_ref idref="fl-d3"/>
      </object_component>
      <object_component id="oc-95">
         <name>.text</name>
         <load_address>0xb934</load_address>
         <run_address>0xb934</run_address>
         <size>0x54</size>
         <input_file_ref idref="fl-d7"/>
      </object_component>
      <object_component id="oc-1ee">
         <name>.text:AM_Init</name>
         <load_address>0xb988</load_address>
         <run_address>0xb988</run_address>
         <size>0x50</size>
         <input_file_ref idref="fl-11"/>
      </object_component>
      <object_component id="oc-374">
         <name>.text:I2CMasterInitExpClk</name>
         <load_address>0xb9d8</load_address>
         <run_address>0xb9d8</run_address>
         <size>0x4c</size>
         <input_file_ref idref="fl-101"/>
      </object_component>
      <object_component id="oc-1d0">
         <name>.text:TimerInit</name>
         <load_address>0xba24</load_address>
         <run_address>0xba24</run_address>
         <size>0x4c</size>
         <input_file_ref idref="fl-c"/>
      </object_component>
      <object_component id="oc-4c8">
         <name>.text:UARTFlushTx</name>
         <load_address>0xba70</load_address>
         <run_address>0xba70</run_address>
         <size>0x4c</size>
         <input_file_ref idref="fl-17"/>
      </object_component>
      <object_component id="oc-758">
         <name>.text:_TimerIntNumberGet</name>
         <load_address>0xbabc</load_address>
         <run_address>0xbabc</run_address>
         <size>0x4c</size>
         <input_file_ref idref="fl-105"/>
      </object_component>
      <object_component id="oc-a3">
         <name>.text:disk_timerproc</name>
         <load_address>0xbb08</load_address>
         <run_address>0xbb08</run_address>
         <size>0x4c</size>
         <input_file_ref idref="fl-10"/>
      </object_component>
      <object_component id="oc-294">
         <name>.text:f_mount</name>
         <load_address>0xbb54</load_address>
         <run_address>0xbb54</run_address>
         <size>0x4c</size>
         <input_file_ref idref="fl-f"/>
      </object_component>
      <object_component id="oc-aaf">
         <name>.text</name>
         <load_address>0xbba0</load_address>
         <run_address>0xbba0</run_address>
         <size>0x4c</size>
         <input_file_ref idref="fl-ef"/>
      </object_component>
      <object_component id="oc-10b">
         <name>.text</name>
         <load_address>0xbbec</load_address>
         <run_address>0xbbec</run_address>
         <size>0x4c</size>
         <input_file_ref idref="fl-f1"/>
      </object_component>
      <object_component id="oc-318">
         <name>.text:GPIOPinConfigure</name>
         <load_address>0xbc38</load_address>
         <run_address>0xbc38</run_address>
         <size>0x48</size>
         <input_file_ref idref="fl-100"/>
      </object_component>
      <object_component id="oc-16e">
         <name>.text:LEDDisable</name>
         <load_address>0xbc80</load_address>
         <run_address>0xbc80</run_address>
         <size>0x48</size>
         <input_file_ref idref="fl-a"/>
      </object_component>
      <object_component id="oc-162">
         <name>.text:LEDEnable</name>
         <load_address>0xbcc8</load_address>
         <run_address>0xbcc8</run_address>
         <size>0x48</size>
         <input_file_ref idref="fl-a"/>
      </object_component>
      <object_component id="oc-a8c">
         <name>.text</name>
         <load_address>0xbd10</load_address>
         <run_address>0xbd10</run_address>
         <size>0x48</size>
         <input_file_ref idref="fl-f4"/>
      </object_component>
      <object_component id="oc-5c0">
         <name>.text:UARTConfigSetExpClk</name>
         <load_address>0xbd58</load_address>
         <run_address>0xbd58</run_address>
         <size>0x46</size>
         <input_file_ref idref="fl-106"/>
      </object_component>
      <object_component id="oc-1b8">
         <name>.text:LEDInit</name>
         <load_address>0xbda0</load_address>
         <run_address>0xbda0</run_address>
         <size>0x44</size>
         <input_file_ref idref="fl-a"/>
      </object_component>
      <object_component id="oc-3f4">
         <name>.text</name>
         <load_address>0xbde4</load_address>
         <run_address>0xbde4</run_address>
         <size>0x44</size>
         <input_file_ref idref="fl-dc"/>
      </object_component>
      <object_component id="oc-642">
         <name>.text:Cmd_AudioSetVolume</name>
         <load_address>0xbe28</load_address>
         <run_address>0xbe28</run_address>
         <size>0x43</size>
         <input_file_ref idref="fl-12"/>
      </object_component>
      <object_component id="oc-9cc">
         <name>.text:DS3231RegisterSetSingle</name>
         <load_address>0xbe6c</load_address>
         <run_address>0xbe6c</run_address>
         <size>0x42</size>
         <input_file_ref idref="fl-6"/>
      </object_component>
      <object_component id="oc-842">
         <name>.text:Dec2Bin</name>
         <load_address>0xbeae</load_address>
         <run_address>0xbeae</run_address>
         <size>0x42</size>
         <input_file_ref idref="fl-12"/>
      </object_component>
      <object_component id="oc-48f">
         <name>.text:validate</name>
         <load_address>0xbef0</load_address>
         <run_address>0xbef0</run_address>
         <size>0x42</size>
         <input_file_ref idref="fl-f"/>
      </object_component>
      <object_component id="oc-1fa">
         <name>.text:NHD0216K3ZSendCommand</name>
         <load_address>0xbf32</load_address>
         <run_address>0xbf32</run_address>
         <size>0x40</size>
         <input_file_ref idref="fl-b"/>
      </object_component>
      <object_component id="oc-4e6">
         <name>.text:_GPIOIntNumberGet</name>
         <load_address>0xbf74</load_address>
         <run_address>0xbf74</run_address>
         <size>0x40</size>
         <input_file_ref idref="fl-100"/>
      </object_component>
      <object_component id="oc-421">
         <name>.text</name>
         <load_address>0xbfb4</load_address>
         <run_address>0xbfb4</run_address>
         <size>0x40</size>
         <input_file_ref idref="fl-ea"/>
      </object_component>
      <object_component id="oc-da">
         <name>.text:IsBufferFull</name>
         <load_address>0xbff4</load_address>
         <run_address>0xbff4</run_address>
         <size>0x3c</size>
         <input_file_ref idref="fl-17"/>
      </object_component>
      <object_component id="oc-336">
         <name>.text:SSIConfigSetExpClk</name>
         <load_address>0xc030</load_address>
         <run_address>0xc030</run_address>
         <size>0x3c</size>
         <input_file_ref idref="fl-103"/>
      </object_component>
      <object_component id="oc-47f">
         <name>.text:ld_clust</name>
         <load_address>0xc06c</load_address>
         <run_address>0xc06c</run_address>
         <size>0x3c</size>
         <input_file_ref idref="fl-f"/>
      </object_component>
      <object_component id="oc-6ec">
         <name>.text:move_window</name>
         <load_address>0xc0a8</load_address>
         <run_address>0xc0a8</run_address>
         <size>0x3c</size>
         <input_file_ref idref="fl-f"/>
      </object_component>
      <object_component id="oc-6f8">
         <name>.text:sum_sfn</name>
         <load_address>0xc0e4</load_address>
         <run_address>0xc0e4</run_address>
         <size>0x3c</size>
         <input_file_ref idref="fl-f"/>
      </object_component>
      <object_component id="oc-93e">
         <name>.text:mem_cmp</name>
         <load_address>0xc120</load_address>
         <run_address>0xc120</run_address>
         <size>0x3a</size>
         <input_file_ref idref="fl-f"/>
      </object_component>
      <object_component id="oc-793">
         <name>.text:mem_cpy</name>
         <load_address>0xc15a</load_address>
         <run_address>0xc15a</run_address>
         <size>0x3a</size>
         <input_file_ref idref="fl-f"/>
      </object_component>
      <object_component id="oc-9dd">
         <name>.text:DS3231RegBitSet</name>
         <load_address>0xc194</load_address>
         <run_address>0xc194</run_address>
         <size>0x38</size>
         <input_file_ref idref="fl-6"/>
      </object_component>
      <object_component id="oc-84e">
         <name>.text</name>
         <load_address>0xc1cc</load_address>
         <run_address>0xc1cc</run_address>
         <size>0x38</size>
         <input_file_ref idref="fl-dd"/>
      </object_component>
      <object_component id="oc-806">
         <name>.text:VS10xxVolumeMute</name>
         <load_address>0xc204</load_address>
         <run_address>0xc204</run_address>
         <size>0x35</size>
         <input_file_ref idref="fl-d"/>
      </object_component>
      <object_component id="oc-435">
         <name>.text:GetBufferCount</name>
         <load_address>0xc23a</load_address>
         <run_address>0xc23a</run_address>
         <size>0x34</size>
         <input_file_ref idref="fl-17"/>
      </object_component>
      <object_component id="oc-4ec">
         <name>.text:IntRegister</name>
         <load_address>0xc270</load_address>
         <run_address>0xc270</run_address>
         <size>0x34</size>
         <input_file_ref idref="fl-102"/>
      </object_component>
      <object_component id="oc-2f2">
         <name>.text:SysCtlPeripheralEnable</name>
         <load_address>0xc2a4</load_address>
         <run_address>0xc2a4</run_address>
         <size>0x34</size>
         <input_file_ref idref="fl-104"/>
      </object_component>
      <object_component id="oc-4c2">
         <name>.text:UARTFlushRx</name>
         <load_address>0xc2d8</load_address>
         <run_address>0xc2d8</run_address>
         <size>0x34</size>
         <input_file_ref idref="fl-17"/>
      </object_component>
      <object_component id="oc-565">
         <name>.text:Bcd2Dec</name>
         <load_address>0xc30c</load_address>
         <run_address>0xc30c</run_address>
         <size>0x32</size>
         <input_file_ref idref="fl-6"/>
      </object_component>
      <object_component id="oc-712">
         <name>.text:mem_set</name>
         <load_address>0xc33e</load_address>
         <run_address>0xc33e</run_address>
         <size>0x32</size>
         <input_file_ref idref="fl-f"/>
      </object_component>
      <object_component id="oc-39a">
         <name>.text:usprintf</name>
         <load_address>0xc370</load_address>
         <run_address>0xc370</run_address>
         <size>0x32</size>
         <input_file_ref idref="fl-18"/>
      </object_component>
      <object_component id="oc-49">
         <name>.text:PortDIntHandler</name>
         <load_address>0xc3a4</load_address>
         <run_address>0xc3a4</run_address>
         <size>0x30</size>
         <input_file_ref idref="fl-3"/>
      </object_component>
      <object_component id="oc-6e2">
         <name>.text:clust2sect</name>
         <load_address>0xc3d4</load_address>
         <run_address>0xc3d4</run_address>
         <size>0x30</size>
         <input_file_ref idref="fl-f"/>
      </object_component>
      <object_component id="oc-9b0">
         <name>.text</name>
         <load_address>0xc404</load_address>
         <run_address>0xc404</run_address>
         <size>0x30</size>
         <input_file_ref idref="fl-e9"/>
      </object_component>
      <object_component id="oc-786">
         <name>.text:st_clust</name>
         <load_address>0xc434</load_address>
         <run_address>0xc434</run_address>
         <size>0x30</size>
         <input_file_ref idref="fl-f"/>
      </object_component>
      <object_component id="oc-a2d">
         <name>.text:wait_ready</name>
         <load_address>0xc464</load_address>
         <run_address>0xc464</run_address>
         <size>0x30</size>
         <input_file_ref idref="fl-10"/>
      </object_component>
      <object_component id="oc-a33">
         <name>.text:xmit_spi</name>
         <load_address>0xc494</load_address>
         <run_address>0xc494</run_address>
         <size>0x30</size>
         <input_file_ref idref="fl-10"/>
      </object_component>
      <object_component id="oc-9e3">
         <name>.text</name>
         <load_address>0xc4c4</load_address>
         <run_address>0xc4c4</run_address>
         <size>0x2e</size>
         <input_file_ref idref="fl-de"/>
      </object_component>
      <object_component id="oc-ce">
         <name>.text:IsBufferEmpty</name>
         <load_address>0xc4f2</load_address>
         <run_address>0xc4f2</run_address>
         <size>0x2c</size>
         <input_file_ref idref="fl-17"/>
      </object_component>
      <object_component id="oc-3ce">
         <name>.text:NHD0216K3ZSendData</name>
         <load_address>0xc520</load_address>
         <run_address>0xc520</run_address>
         <size>0x2c</size>
         <input_file_ref idref="fl-b"/>
      </object_component>
      <object_component id="oc-902">
         <name>.text:rcvr_spi</name>
         <load_address>0xc54c</load_address>
         <run_address>0xc54c</run_address>
         <size>0x2c</size>
         <input_file_ref idref="fl-10"/>
      </object_component>
      <object_component id="oc-4d6">
         <name>.text:GPIODirModeSet</name>
         <load_address>0xc578</load_address>
         <run_address>0xc578</run_address>
         <size>0x2a</size>
         <input_file_ref idref="fl-100"/>
      </object_component>
      <object_component id="oc-8cd">
         <name>.text:SYS_DefaultActiveTineSet</name>
         <load_address>0xc5a4</load_address>
         <run_address>0xc5a4</run_address>
         <size>0x28</size>
         <input_file_ref idref="fl-2"/>
      </object_component>
      <object_component id="oc-92b">
         <name>.text:chk_chr</name>
         <load_address>0xc5cc</load_address>
         <run_address>0xc5cc</run_address>
         <size>0x28</size>
         <input_file_ref idref="fl-f"/>
      </object_component>
      <object_component id="oc-9c6">
         <name>.text:Dec2Bcd</name>
         <load_address>0xc5f4</load_address>
         <run_address>0xc5f4</run_address>
         <size>0x26</size>
         <input_file_ref idref="fl-6"/>
      </object_component>
      <object_component id="oc-1d6">
         <name>.text:ActInit</name>
         <load_address>0xc61c</load_address>
         <run_address>0xc61c</run_address>
         <size>0x24</size>
         <input_file_ref idref="fl-5"/>
      </object_component>
      <object_component id="oc-648">
         <name>.text:Cmd_fadein</name>
         <load_address>0xc640</load_address>
         <run_address>0xc640</run_address>
         <size>0x24</size>
         <input_file_ref idref="fl-12"/>
      </object_component>
      <object_component id="oc-64e">
         <name>.text:Cmd_fadeout</name>
         <load_address>0xc664</load_address>
         <run_address>0xc664</run_address>
         <size>0x24</size>
         <input_file_ref idref="fl-12"/>
      </object_component>
      <object_component id="oc-3ae">
         <name>.text:Timer0AIntConnecte</name>
         <load_address>0xc688</load_address>
         <run_address>0xc688</run_address>
         <size>0x24</size>
         <input_file_ref idref="fl-c"/>
      </object_component>
      <object_component id="oc-38d">
         <name>.text:Timer1AIntConnecte</name>
         <load_address>0xc6ac</load_address>
         <run_address>0xc6ac</run_address>
         <size>0x24</size>
         <input_file_ref idref="fl-c"/>
      </object_component>
      <object_component id="oc-13e">
         <name>.text:UARTprintf</name>
         <load_address>0xc6d0</load_address>
         <run_address>0xc6d0</run_address>
         <size>0x24</size>
         <input_file_ref idref="fl-17"/>
      </object_component>
      <object_component id="oc-86a">
         <name>.text:NHD0216K3ZSetBrightness</name>
         <load_address>0xc6f4</load_address>
         <run_address>0xc6f4</run_address>
         <size>0x22</size>
         <input_file_ref idref="fl-b"/>
      </object_component>
      <object_component id="oc-864">
         <name>.text:NHD0216K3ZSetContrast</name>
         <load_address>0xc716</load_address>
         <run_address>0xc716</run_address>
         <size>0x22</size>
         <input_file_ref idref="fl-b"/>
      </object_component>
      <object_component id="oc-5b3">
         <name>.text:AM_Stop</name>
         <load_address>0xc738</load_address>
         <run_address>0xc738</run_address>
         <size>0x20</size>
         <input_file_ref idref="fl-11"/>
      </object_component>
      <object_component id="oc-67e">
         <name>.text:Cmd_TaskRemove</name>
         <load_address>0xc758</load_address>
         <run_address>0xc758</run_address>
         <size>0x20</size>
         <input_file_ref idref="fl-12"/>
      </object_component>
      <object_component id="oc-815">
         <name>.text:DS3231DateSet</name>
         <load_address>0xc778</load_address>
         <run_address>0xc778</run_address>
         <size>0x20</size>
         <input_file_ref idref="fl-6"/>
      </object_component>
      <object_component id="oc-80f">
         <name>.text:DS3231DaySet</name>
         <load_address>0xc798</load_address>
         <run_address>0xc798</run_address>
         <size>0x20</size>
         <input_file_ref idref="fl-6"/>
      </object_component>
      <object_component id="oc-82a">
         <name>.text:DS3231HourSet</name>
         <load_address>0xc7b8</load_address>
         <run_address>0xc7b8</run_address>
         <size>0x20</size>
         <input_file_ref idref="fl-6"/>
      </object_component>
      <object_component id="oc-830">
         <name>.text:DS3231MinuteSet</name>
         <load_address>0xc7d8</load_address>
         <run_address>0xc7d8</run_address>
         <size>0x20</size>
         <input_file_ref idref="fl-6"/>
      </object_component>
      <object_component id="oc-81b">
         <name>.text:DS3231MonthSet</name>
         <load_address>0xc7f8</load_address>
         <run_address>0xc7f8</run_address>
         <size>0x20</size>
         <input_file_ref idref="fl-6"/>
      </object_component>
      <object_component id="oc-836">
         <name>.text:DS3231SecondSet</name>
         <load_address>0xc818</load_address>
         <run_address>0xc818</run_address>
         <size>0x20</size>
         <input_file_ref idref="fl-6"/>
      </object_component>
      <object_component id="oc-824">
         <name>.text:DS3231YearSet</name>
         <load_address>0xc838</load_address>
         <run_address>0xc838</run_address>
         <size>0x20</size>
         <input_file_ref idref="fl-6"/>
      </object_component>
      <object_component id="oc-8bb">
         <name>.text:SYS_AutosaveSet</name>
         <load_address>0xc858</load_address>
         <run_address>0xc858</run_address>
         <size>0x20</size>
         <input_file_ref idref="fl-2"/>
      </object_component>
      <object_component id="oc-7b3">
         <name>.text:UARTDisable</name>
         <load_address>0xc878</load_address>
         <run_address>0xc878</run_address>
         <size>0x20</size>
         <input_file_ref idref="fl-106"/>
      </object_component>
      <object_component id="oc-6b2">
         <name>.text:disk_status</name>
         <load_address>0xc898</load_address>
         <run_address>0xc898</run_address>
         <size>0x20</size>
         <input_file_ref idref="fl-10"/>
      </object_component>
      <object_component id="oc-599">
         <name>.text:f_close</name>
         <load_address>0xc8b8</load_address>
         <run_address>0xc8b8</run_address>
         <size>0x20</size>
         <input_file_ref idref="fl-f"/>
      </object_component>
      <object_component id="oc-3e5">
         <name>.text</name>
         <load_address>0xc8d8</load_address>
         <run_address>0xc8d8</run_address>
         <size>0x20</size>
         <input_file_ref idref="fl-eb"/>
      </object_component>
      <object_component id="oc-83c">
         <name>.text:DS3231AllRegisterGet</name>
         <load_address>0xc8f8</load_address>
         <run_address>0xc8f8</run_address>
         <size>0x1e</size>
         <input_file_ref idref="fl-6"/>
      </object_component>
      <object_component id="oc-7c7">
         <name>.text</name>
         <load_address>0xc916</load_address>
         <run_address>0xc916</run_address>
         <size>0x1e</size>
         <input_file_ref idref="fl-e5"/>
      </object_component>
      <object_component id="oc-3a8">
         <name>.text:AM_VolumeSet</name>
         <load_address>0xc934</load_address>
         <run_address>0xc934</run_address>
         <size>0x1c</size>
         <input_file_ref idref="fl-11"/>
      </object_component>
      <object_component id="oc-618">
         <name>.text:Cmd_pwd</name>
         <load_address>0xc950</load_address>
         <run_address>0xc950</run_address>
         <size>0x1c</size>
         <input_file_ref idref="fl-12"/>
      </object_component>
      <object_component id="oc-908">
         <name>.text:DESELECT</name>
         <load_address>0xc96c</load_address>
         <run_address>0xc96c</run_address>
         <size>0x1c</size>
         <input_file_ref idref="fl-10"/>
      </object_component>
      <object_component id="oc-8f6">
         <name>.text:SELECT</name>
         <load_address>0xc988</load_address>
         <run_address>0xc988</run_address>
         <size>0x1c</size>
         <input_file_ref idref="fl-10"/>
      </object_component>
      <object_component id="oc-352">
         <name>.text:VS1003IntHandler</name>
         <load_address>0xc9a4</load_address>
         <run_address>0xc9a4</run_address>
         <size>0x1c</size>
         <input_file_ref idref="fl-d"/>
      </object_component>
      <object_component id="oc-aa9">
         <name>.text</name>
         <load_address>0xc9c0</load_address>
         <run_address>0xc9c0</run_address>
         <size>0x1c</size>
         <input_file_ref idref="fl-f7"/>
      </object_component>
      <object_component id="oc-606">
         <name>.text:Cmd_cls</name>
         <load_address>0xc9dc</load_address>
         <run_address>0xc9dc</run_address>
         <size>0x1b</size>
         <input_file_ref idref="fl-12"/>
      </object_component>
      <object_component id="oc-324">
         <name>.text:GPIOIntRegister</name>
         <load_address>0xc9f8</load_address>
         <run_address>0xc9f8</run_address>
         <size>0x18</size>
         <input_file_ref idref="fl-100"/>
      </object_component>
      <object_component id="oc-2f8">
         <name>.text:GPIOPinTypeGPIOOutput</name>
         <load_address>0xca10</load_address>
         <run_address>0xca10</run_address>
         <size>0x18</size>
         <input_file_ref idref="fl-100"/>
      </object_component>
      <object_component id="oc-8b5">
         <name>.text:SYS_DefaulFadeTime</name>
         <load_address>0xca28</load_address>
         <run_address>0xca28</run_address>
         <size>0x18</size>
         <input_file_ref idref="fl-2"/>
      </object_component>
      <object_component id="oc-8c7">
         <name>.text:SYS_DefaultDispBrightnessSet</name>
         <load_address>0xca40</load_address>
         <run_address>0xca40</run_address>
         <size>0x18</size>
         <input_file_ref idref="fl-2"/>
      </object_component>
      <object_component id="oc-8c1">
         <name>.text:SYS_DefaultDispContrastSet</name>
         <load_address>0xca58</load_address>
         <run_address>0xca58</run_address>
         <size>0x18</size>
         <input_file_ref idref="fl-2"/>
      </object_component>
      <object_component id="oc-8d3">
         <name>.text:SYS_DefaultMotionDelay</name>
         <load_address>0xca70</load_address>
         <run_address>0xca70</run_address>
         <size>0x18</size>
         <input_file_ref idref="fl-2"/>
      </object_component>
      <object_component id="oc-8af">
         <name>.text:SYS_DefaultVolumeSet</name>
         <load_address>0xca88</load_address>
         <run_address>0xca88</run_address>
         <size>0x18</size>
         <input_file_ref idref="fl-2"/>
      </object_component>
      <object_component id="oc-8a9">
         <name>.text:SYS_ModusSet</name>
         <load_address>0xcaa0</load_address>
         <run_address>0xcaa0</run_address>
         <size>0x18</size>
         <input_file_ref idref="fl-2"/>
      </object_component>
      <object_component id="oc-286">
         <name>.text:TimerDisable</name>
         <load_address>0xcab8</load_address>
         <run_address>0xcab8</run_address>
         <size>0x18</size>
         <input_file_ref idref="fl-105"/>
      </object_component>
      <object_component id="oc-570">
         <name>.text:TimerIntRegister</name>
         <load_address>0xcad0</load_address>
         <run_address>0xcad0</run_address>
         <size>0x18</size>
         <input_file_ref idref="fl-105"/>
      </object_component>
      <object_component id="oc-8f">
         <name>.text</name>
         <load_address>0xcae8</load_address>
         <run_address>0xcae8</run_address>
         <size>0x18</size>
         <input_file_ref idref="fl-ee"/>
      </object_component>
      <object_component id="oc-43d">
         <name>.text</name>
         <load_address>0xcb00</load_address>
         <run_address>0xcb00</run_address>
         <size>0x18</size>
         <input_file_ref idref="fl-e6"/>
[...]
         <value>0xce09</value>
         <object_component_ref idref="oc-12"/>
      </symbol>
      <symbol id="sm-12b4">
         <name>__TI_decompress_rle24</name>
         <value>0xcf15</value>
         <object_component_ref idref="oc-18"/>
      </symbol>
      <symbol id="sm-12d6">
         <name>C$$EXIT</name>
         <value>0xb935</value>
         <object_component_ref idref="oc-95"/>
      </symbol>
      <symbol id="sm-12d7">
         <name>abort</name>
         <value>0xb939</value>
         <object_component_ref idref="oc-95"/>
      </symbol>
      <symbol id="sm-12d8">
         <name>exit</name>
         <value>0xb941</value>
         <object_component_ref idref="oc-95"/>
      </symbol>
      <symbol id="sm-12d9">
         <name>__TI_dtors_ptr</name>
         <value>0x20005b7c</value>
         <object_component_ref idref="oc-121"/>
      </symbol>
      <symbol id="sm-12da">
         <name>__TI_cleanup_ptr</name>
         <value>0x20005b78</value>
         <object_component_ref idref="oc-121"/>
      </symbol>
      <symbol id="sm-12db">
         <name>__TI_enable_exit_profile_output</name>
         <value>0x20005b80</value>
         <object_component_ref idref="oc-121"/>
      </symbol>
      <symbol id="sm-12f2">
         <name>__aeabi_dsub</name>
         <value>0x5ef1</value>
         <object_component_ref idref="oc-5e1"/>
      </symbol>
      <symbol id="sm-12f3">
         <name>__aeabi_dadd</name>
         <value>0x5efb</value>
         <object_component_ref idref="oc-5e1"/>
      </symbol>
      <symbol id="sm-1307">
         <name>__aeabi_ddiv</name>
         <value>0x7a4d</value>
         <object_component_ref idref="oc-3ea"/>
      </symbol>
      <symbol id="sm-1312">
         <name>__aeabi_dmul</name>
         <value>0x885d</value>
         <object_component_ref idref="oc-3ef"/>
      </symbol>
      <symbol id="sm-131e">
         <name>__aeabi_d2f</name>
         <value>0xb029</value>
         <object_component_ref idref="oc-9e8"/>
      </symbol>
      <symbol id="sm-1328">
         <name>__aeabi_d2uiz</name>
         <value>0xbde5</value>
         <object_component_ref idref="oc-3f4"/>
      </symbol>
      <symbol id="sm-1333">
         <name>__aeabi_f2d</name>
         <value>0xc1cd</value>
         <object_component_ref idref="oc-84e"/>
      </symbol>
      <symbol id="sm-133d">
         <name>__aeabi_i2d</name>
         <value>0xc4c5</value>
         <object_component_ref idref="oc-9e3"/>
      </symbol>
      <symbol id="sm-1358">
         <name>memcpy</name>
         <value>0xa439</value>
         <object_component_ref idref="oc-58"/>
      </symbol>
      <symbol id="sm-1359">
         <name>__aeabi_memcpy</name>
         <value>0xa439</value>
         <object_component_ref idref="oc-58"/>
      </symbol>
      <symbol id="sm-135a">
         <name>__aeabi_memcpy8</name>
         <value>0xa439</value>
         <object_component_ref idref="oc-58"/>
      </symbol>
      <symbol id="sm-135b">
         <name>__aeabi_memcpy4</name>
         <value>0xa439</value>
         <object_component_ref idref="oc-58"/>
      </symbol>
      <symbol id="sm-136a">
         <name>__aeabi_memset</name>
         <value>0xac75</value>
         <object_component_ref idref="oc-71"/>
      </symbol>
      <symbol id="sm-136b">
         <name>memset</name>
         <value>0xac7b</value>
         <object_component_ref idref="oc-71"/>
      </symbol>
      <symbol id="sm-136c">
         <name>__aeabi_memset8</name>
         <value>0xac75</value>
         <object_component_ref idref="oc-71"/>
      </symbol>
      <symbol id="sm-136d">
         <name>__aeabi_memset4</name>
         <value>0xac75</value>
         <object_component_ref idref="oc-71"/>
      </symbol>
      <symbol id="sm-136e">
         <name>__aeabi_memclr8</name>
         <value>0xac73</value>
         <object_component_ref idref="oc-71"/>
      </symbol>
      <symbol id="sm-136f">
         <name>__aeabi_memclr4</name>
         <value>0xac73</value>
         <object_component_ref idref="oc-71"/>
      </symbol>
      <symbol id="sm-1370">
         <name>__aeabi_memclr</name>
         <value>0xac73</value>
         <object_component_ref idref="oc-71"/>
      </symbol>
      <symbol id="sm-137a">
         <name>__mpu_init</name>
         <value>0x7553</value>
         <object_component_ref idref="oc-7d"/>
      </symbol>
      <symbol id="sm-1384">
         <name>_system_pre_init</name>
         <value>0xcf2b</value>
         <object_component_ref idref="oc-83"/>
      </symbol>
      <symbol id="sm-13a5">
         <name>snprintf</name>
         <value>0xa735</value>
         <object_component_ref idref="oc-853"/>
      </symbol>
      <symbol id="sm-13ad">
         <name>main_func_sp</name>
         <value>0x20005ba4</value>
         <object_component_ref idref="oc-9b"/>
      </symbol>
      <symbol id="sm-13bd">
         <name>strcat</name>
         <value>0xc917</value>
         <object_component_ref idref="oc-7c7"/>
      </symbol>
      <symbol id="sm-13cc">
         <name>strcmp</name>
         <value>0xcb01</value>
         <object_component_ref idref="oc-43d"/>
      </symbol>
      <symbol id="sm-13da">
         <name>strcpy</name>
         <value>0xcbd5</value>
         <object_component_ref idref="oc-2b7"/>
      </symbol>
      <symbol id="sm-13e8">
         <name>strlen</name>
         <value>0xcbe9</value>
         <object_component_ref idref="oc-5c7"/>
      </symbol>
      <symbol id="sm-13f8">
         <name>strncpy</name>
         <value>0xc405</value>
         <object_component_ref idref="oc-9b0"/>
      </symbol>
      <symbol id="sm-1407">
         <name>__aeabi_uidivmod</name>
         <value>0xbfb5</value>
         <object_component_ref idref="oc-421"/>
      </symbol>
      <symbol id="sm-1408">
         <name>__aeabi_uidiv</name>
         <value>0xbfb5</value>
         <object_component_ref idref="oc-421"/>
      </symbol>
      <symbol id="sm-1412">
         <name>__aeabi_ui2d</name>
         <value>0xc8d9</value>
         <object_component_ref idref="oc-3e5"/>
      </symbol>
      <symbol id="sm-142b">
         <name>_nop</name>
         <value>0xcbbb</value>
         <object_component_ref idref="oc-261"/>
      </symbol>
      <symbol id="sm-142c">
         <name>_lock</name>
         <value>0x20005b90</value>
         <object_component_ref idref="oc-124"/>
      </symbol>
      <symbol id="sm-142d">
         <name>_unlock</name>
         <value>0x20005b94</value>
         <object_component_ref idref="oc-124"/>
      </symbol>
      <symbol id="sm-142e">
         <name>_register_lock</name>
         <value>0xcbb3</value>
         <object_component_ref idref="oc-261"/>
      </symbol>
      <symbol id="sm-142f">
         <name>_register_unlock</name>
         <value>0xcbad</value>
         <object_component_ref idref="oc-261"/>
      </symbol>
      <symbol id="sm-1536">
         <name>__TI_printfi</name>
         <value>0x1077</value>
         <object_component_ref idref="oc-9ef"/>
      </symbol>
      <symbol id="sm-154a">
         <name>_args_main</name>
         <value>0xcae9</value>
         <object_component_ref idref="oc-8f"/>
      </symbol>
      <symbol id="sm-1560">
         <name>atoi</name>
         <value>0xbba1</value>
         <object_component_ref idref="oc-aaf"/>
      </symbol>
      <symbol id="sm-1585">
         <name>__TI_auto_init</name>
         <value>0xafb9</value>
         <object_component_ref idref="oc-89"/>
      </symbol>
      <symbol id="sm-159f">
         <name>copy_in</name>
         <value>0xbbed</value>
         <object_component_ref idref="oc-10b"/>
      </symbol>
      <symbol id="sm-15aa">
         <name>_ctypes_</name>
         <value>0x14dd2</value>
         <object_component_ref idref="oc-af6"/>
      </symbol>
      <symbol id="sm-15cc">
         <name>__aeabi_cdcmpeq</name>
         <value>0xa965</value>
         <object_component_ref idref="oc-a82"/>
      </symbol>
      <symbol id="sm-15cd">
         <name>__aeabi_cdcmple</name>
         <value>0xa965</value>
         <object_component_ref idref="oc-a82"/>
      </symbol>
      <symbol id="sm-15ce">
         <name>__aeabi_cdrcmple</name>
         <value>0xa9eb</value>
         <object_component_ref idref="oc-a87"/>
      </symbol>
      <symbol id="sm-15d8">
         <name>__aeabi_d2iz</name>
         <value>0xbd11</value>
         <object_component_ref idref="oc-a8c"/>
      </symbol>
      <symbol id="sm-15e2">
         <name>__aeabi_idiv0</name>
         <value>0x7157</value>
         <object_component_ref idref="oc-5ea"/>
      </symbol>
      <symbol id="sm-15f1">
         <name>ltoa</name>
         <value>0xb837</value>
         <object_component_ref idref="oc-a91"/>
      </symbol>
      <symbol id="sm-1601">
         <name>memccpy</name>
         <value>0xc9c1</value>
         <object_component_ref idref="oc-aa9"/>
      </symbol>
      <symbol id="sm-161c">
         <name>frexpl</name>
         <value>0xb3e1</value>
         <object_component_ref idref="oc-a97"/>
      </symbol>
      <symbol id="sm-161d">
         <name>frexp</name>
         <value>0xb3e1</value>
         <object_component_ref idref="oc-a97"/>
      </symbol>
      <symbol id="sm-163a">
         <name>scalbn</name>
         <value>0x8959</value>
         <object_component_ref idref="oc-a9d"/>
      </symbol>
      <symbol id="sm-163b">
         <name>scalbnl</name>
         <value>0x8959</value>
         <object_component_ref idref="oc-a9d"/>
      </symbol>
      <symbol id="sm-163c">
         <name>ldexpl</name>
         <value>0x8959</value>
         <object_component_ref idref="oc-a9d"/>
      </symbol>
      <symbol id="sm-163d">
         <name>ldexp</name>
         <value>0x8959</value>
         <object_component_ref idref="oc-a9d"/>
      </symbol>
      <symbol id="sm-1647">
         <name>_system_post_cinit</name>
         <value>0x77d7</value>
         <object_component_ref idref="oc-111"/>
      </symbol>
      <symbol id="sm-1657">
         <name>strchr</name>
         <value>0xcb45</value>
         <object_component_ref idref="oc-aa3"/>
      </symbol>
      <symbol id="sm-1673">
         <name>__aeabi_uldivmod</name>
         <value>0x53d5</value>
         <object_component_ref idref="oc-a7d"/>
      </symbol>
      <symbol id="sm-167b">
         <name>errno</name>
         <value>0x20005ba0</value>
         <object_component_ref idref="oc-aed"/>
      </symbol>
      <symbol id="sm-1685">
         <name>copysign</name>
         <value>0xcbc1</value>
         <object_component_ref idref="oc-ae7"/>
      </symbol>
      <symbol id="sm-1686">
         <name>copysignl</name>
         <value>0xcbc1</value>
         <object_component_ref idref="oc-ae7"/>
      </symbol>
      <symbol id="sm-1692">
         <name>FPULazyStackingEnable</name>
         <value>0xcce1</value>
         <object_component_ref idref="oc-19a"/>
      </symbol>
      <symbol id="sm-174b">
         <name>GPIOIntRegister</name>
         <value>0xc9f9</value>
         <object_component_ref idref="oc-324"/>
      </symbol>
      <symbol id="sm-174c">
         <name>GPIOPinConfigure</name>
         <value>0xbc39</value>
         <object_component_ref idref="oc-318"/>
      </symbol>
      <symbol id="sm-174d">
         <name>GPIOPinTypeI2CSCL</name>
         <value>0xcc57</value>
         <object_component_ref idref="oc-36e"/>
      </symbol>
      <symbol id="sm-174e">
         <name>GPIOIntDisable</name>
         <value>0xcdb5</value>
         <object_component_ref idref="oc-387"/>
      </symbol>
      <symbol id="sm-174f">
         <name>GPIOIntEnable</name>
         <value>0xce49</value>
         <object_component_ref idref="oc-311"/>
      </symbol>
      <symbol id="sm-1750">
         <name>GPIOPinTypeI2C</name>
         <value>0xcc45</value>
         <object_component_ref idref="oc-368"/>
      </symbol>
      <symbol id="sm-1751">
         <name>GPIOIntTypeSet</name>
         <value>0xb7e1</value>
         <object_component_ref idref="oc-30b"/>
      </symbol>
      <symbol id="sm-1752">
         <name>GPIOPinTypeGPIOInput</name>
         <value>0xcc33</value>
         <object_component_ref idref="oc-2ff"/>
      </symbol>
      <symbol id="sm-1753">
         <name>GPIOIntClear</name>
         <value>0xcef1</value>
         <object_component_ref idref="oc-b0"/>
      </symbol>
      <symbol id="sm-1754">
         <name>GPIOPinTypeUART</name>
         <value>0xcc7b</value>
         <object_component_ref idref="oc-5ba"/>
      </symbol>
      <symbol id="sm-1755">
         <name>GPIOIntStatus</name>
         <value>0xcdc3</value>
         <object_component_ref idref="oc-aa"/>
      </symbol>
      <symbol id="sm-1756">
         <name>GPIOPinTypeGPIOOutput</name>
         <value>0xca11</value>
         <object_component_ref idref="oc-2f8"/>
      </symbol>
      <symbol id="sm-1757">
         <name>GPIOPinRead</name>
         <value>0xcef7</value>
         <object_component_ref idref="oc-138"/>
      </symbol>
      <symbol id="sm-1758">
         <name>GPIODirModeSet</name>
         <value>0xc579</value>
         <object_component_ref idref="oc-4d6"/>
      </symbol>
      <symbol id="sm-1759">
         <name>GPIOPinWrite</name>
         <value>0xcefd</value>
         <object_component_ref idref="oc-2a4"/>
      </symbol>
      <symbol id="sm-175a">
         <name>GPIOPadConfigSet</name>
         <value>0x7b83</value>
         <object_component_ref idref="oc-305"/>
      </symbol>
      <symbol id="sm-175b">
         <name>GPIOPinTypeSSI</name>
         <value>0xcc69</value>
         <object_component_ref idref="oc-31e"/>
      </symbol>
      <symbol id="sm-17ae">
         <name>I2CMasterDataPut</name>
         <value>0xcf23</value>
         <object_component_ref idref="oc-540"/>
      </symbol>
      <symbol id="sm-17af">
         <name>I2CMasterInitExpClk</name>
         <value>0xb9d9</value>
         <object_component_ref idref="oc-374"/>
      </symbol>
      <symbol id="sm-17b0">
         <name>I2CMasterSlaveAddrSet</name>
         <value>0xcec7</value>
         <object_component_ref idref="oc-53a"/>
      </symbol>
      <symbol id="sm-17b1">
         <name>I2CMasterDataGet</name>
         <value>0xcf1f</value>
         <object_component_ref idref="oc-74e"/>
      </symbol>
      <symbol id="sm-17b2">
         <name>I2CMasterErr</name>
         <value>0xcb2f</value>
         <object_component_ref idref="oc-552"/>
      </symbol>
      <symbol id="sm-17b3">
         <name>I2CMasterControl</name>
         <value>0xcf1b</value>
         <object_component_ref idref="oc-546"/>
      </symbol>
      <symbol id="sm-17b4">
         <name>I2CMasterBusy</name>
         <value>0xceb7</value>
         <object_component_ref idref="oc-54c"/>
      </symbol>
      <symbol id="sm-17b5">
         <name>I2CMasterEnable</name>
         <value>0xce85</value>
         <object_component_ref idref="oc-532"/>
      </symbol>
      <symbol id="sm-17b6">
         <name>I2CMasterIntClear</name>
         <value>0xcebf</value>
         <object_component_ref idref="oc-558"/>
      </symbol>
      <symbol id="sm-17f8">
         <name>IntEnable</name>
         <value>0xb241</value>
         <object_component_ref idref="oc-1ac"/>
      </symbol>
      <symbol id="sm-17f9">
         <name>IntRegister</name>
         <value>0xc271</value>
         <object_component_ref idref="oc-4ec"/>
      </symbol>
      <symbol id="sm-17fa">
         <name>g_pfnRAMVectors</name>
         <value>0x20000000</value>
         <object_component_ref idref="oc-72d"/>
      </symbol>
      <symbol id="sm-17fb">
         <name>IntMasterEnable</name>
         <value>0xccf1</value>
         <object_component_ref idref="oc-1a6"/>
      </symbol>
      <symbol id="sm-183c">
         <name>SSIDataPut</name>
         <value>0xce8f</value>
         <object_component_ref idref="oc-501"/>
      </symbol>
      <symbol id="sm-183d">
         <name>SSIDataGet</name>
         <value>0xce55</value>
         <object_component_ref idref="oc-50e"/>
      </symbol>
      <symbol id="sm-183e">
         <name>SSIDataGetNonBlocking</name>
         <value>0xcc8d</value>
         <object_component_ref idref="oc-508"/>
      </symbol>
      <symbol id="sm-183f">
         <name>SSIConfigSetExpClk</name>
         <value>0xc031</value>
         <object_component_ref idref="oc-336"/>
      </symbol>
      <symbol id="sm-1840">
         <name>SSIEnable</name>
         <value>0xcea3</value>
         <object_component_ref idref="oc-33c"/>
      </symbol>
      <symbol id="sm-1841">
         <name>SSIBusy</name>
         <value>0xcecf</value>
         <object_component_ref idref="oc-4fb"/>
      </symbol>
      <symbol id="sm-1842">
         <name>SSIDisable</name>
         <value>0xce99</value>
         <object_component_ref idref="oc-32a"/>
      </symbol>
      <symbol id="sm-1894">
         <name>SysCtlClockSet</name>
         <value>0x8b4d</value>
         <object_component_ref idref="oc-1a0"/>
      </symbol>
      <symbol id="sm-1895">
         <name>SysCtlDelay</name>
         <value>0xcf09</value>
         <object_component_ref idref="oc-2d6"/>
      </symbol>
      <symbol id="sm-1896">
         <name>SysCtlPeripheralEnable</name>
         <value>0xc2a5</value>
         <object_component_ref idref="oc-2f2"/>
      </symbol>
      <symbol id="sm-1897">
         <name>SysCtlClockGet</name>
         <value>0x8125</value>
         <object_component_ref idref="oc-330"/>
      </symbol>
      <symbol id="sm-18fc">
         <name>TimerLoadSet</name>
         <value>0xcc9f</value>
         <object_component_ref idref="oc-360"/>
      </symbol>
      <symbol id="sm-18fd">
         <name>TimerDisable</name>
         <value>0xcab9</value>
         <object_component_ref idref="oc-286"/>
      </symbol>
      <symbol id="sm-18fe">
         <name>TimerIntRegister</name>
         <value>0xcad1</value>
         <object_component_ref idref="oc-570"/>
      </symbol>
      <symbol id="sm-18ff">
         <name>TimerEnable</name>
         <value>0xcded</value>
         <object_component_ref idref="oc-27f"/>
      </symbol>
      <symbol id="sm-1900">
         <name>TimerIntEnable</name>
         <value>0xcedf</value>
         <object_component_ref idref="oc-576"/>
      </symbol>
      <symbol id="sm-1901">
         <name>TimerConfigure</name>
         <value>0xb4a9</value>
         <object_component_ref idref="oc-35a"/>
      </symbol>
      <symbol id="sm-1902">
         <name>TimerIntClear</name>
         <value>0xcf27</value>
         <object_component_ref idref="oc-762"/>
      </symbol>
      <symbol id="sm-1934">
         <name>UARTConfigSetExpClk</name>
         <value>0xbd59</value>
         <object_component_ref idref="oc-5c0"/>
      </symbol>
      <symbol id="sm-1935">
         <name>UARTDisable</name>
         <value>0xc879</value>
         <object_component_ref idref="oc-7b3"/>
      </symbol>
      <symbol id="sm-1936">
         <name>UARTClockSourceSet</name>
         <value>0xcf0f</value>
         <object_component_ref idref="oc-2e5"/>
      </symbol>
      <symbol id="sm-1937">
         <name>UARTCharPut</name>
         <value>0xcead</value>
         <object_component_ref idref="oc-5ce"/>
      </symbol>
      <symbol id="sm-1938">
         <name>UARTEnable</name>
         <value>0xcb99</value>
         <object_component_ref idref="oc-7b9"/>
      </symbol>
      <symbol id="sm-1942">
         <name>CPUcpsie</name>
         <value>0xce25</value>
         <object_component_ref idref="oc-2d9"/>
      </symbol>
      <symbol id="sm-1943">
         <name>__TI_static_base__</name>
         <value>0x0</value>
      </symbol>
      <symbol id="sm-1946">
         <name>SHT$$INIT_ARRAY$$Limit</name>
         <value>0x0</value>
      </symbol>
      <symbol id="sm-1947">
         <name>SHT$$INIT_ARRAY$$Base</name>
         <value>0x0</value>
      </symbol>
   </symbol_table>
   <title>Link successful</title>
</link_info>
