******************************************************************************
                  TI ARM Linker PC v15.12.3                    
******************************************************************************
>> Linked Fri Nov 25 22:47:46 2016

OUTPUT FILE NAME:   <BA-PYCO-FW.out>
ENTRY POINT SYMBOL: "_c_int00"  address: 0000b89d


MEMORY CONFIGURATION

         name            origin    length      used     unused   attr    fill
----------------------  --------  ---------  --------  --------  ----  --------
  FLASH                 00000000   00040000  0001559e  0002aa62  R  X
  SRAM                  20000000   00008000  00005bc5  0000243b  RW X


SEGMENT ALLOCATION MAP

run origin  load origin   length   init length attrs members
----------  ----------- ---------- ----------- ----- -------
00000000    00000000    000155a4   000155a4    r-x
  00000000    00000000    0000026c   0000026c    r-- .intvecs
  0000026c    0000026c    0000cca2   0000cca2    r-x .text
  0000cf10    0000cf10    000083ac   000083ac    r-- .const
  000152c0    000152c0    000002e4   000002e4    r-- .cinit
20000000    20000000    00005bc7   00000000    rw-
  20000000    20000000    0000026c   00000000    rw- .vtable
  2000026c    2000026c    00004206   00000000    rw- .bss
  20004474    20004474    000013e8   00000000    rw- .stack
  2000585c    2000585c    0000036b   00000000    rw- .data


SECTION ALLOCATION MAP

 output                                  attributes/
section   page    origin      length       input sections
--------  ----  ----------  ----------   ----------------
.intvecs   0    00000000    0000026c     
                  00000000    0000026c     startup_ccs.obj (.intvecs)

.text      0    0000026c    0000cca2     
                  0000026c    00001110     rtsv7M4_T_le_v4SPD16_eabi.lib : _printfi.obj (.text)
                  0000137c    00000b60     main.obj (.text:main)
                  00001edc    00000904     ConsoleManager.obj (.text:CMD_rtc)
                  000027e0    000004d8     ff.obj (.text:chk_mounted)
                  00002cb8    000004c8     TaskManager.obj (.text:TM_TaskPrint)
                  00003180    00000438     ustdlib.obj (.text:uvsnprintf)
                  000035b8    000003eb     ff.obj (.text:create_name)
                  000039a3    00000001     --HOLE-- [fill = 0]
                  000039a4    0000030c     uartstdio.obj (.text:UARTvprintf)
                  00003cb0    000002ec     FileManager.obj (.text:FM_ConfigSave)
                  00003f9c    000002a4     ff.obj (.text:f_write)
                  00004240    000002a0     TaskManager.obj (.text:TM_TaskSet)
                  000044e0    00000254     ff.obj (.text:f_read)
                  00004734    00000251     ConsoleManager.obj (.text:Cmd_TaskSet)
                  00004985    00000001     --HOLE-- [fill = 0]
                  00004986    00000002     startup_ccs.obj (.text:FaultISR)
                  00004988    00000218     System.obj (.text:SYS_ParamsPrint)
                  00004ba0    00000218     VS10xx.obj (.text:VS10xxInit)
                  00004db8    00000218     ff.obj (.text:f_open)
                  00004fd0    00000208     mmc-ek-tm4c123gxl.obj (.text:disk_ioctl)
                  000051d8    000001fc     FileManager.obj (.text:FM_ls)
                  000053d4    000001f4     rtsv7M4_T_le_v4SPD16_eabi.lib : ull_div_t2.obj (.text)
                  000055c8    000001f0     ff.obj (.text:f_mkdir)
                  000057b8    000001e8     ff.obj (.text:get_fileinfo)
                  000059a0    000001d8     ff.obj (.text:dir_register)
                  00005b78    000001be     ff.obj (.text:put_fat)
                  00005d36    00000002     startup_ccs.obj (.text:IntDefaultHandler)
                  00005d38    000001b8     TaskManager.obj (.text:TM_TaskAdd)
                  00005ef0    000001b6     rtsv7M4_T_le_v4SPD16_eabi.lib : fd_add_t2.obj (.text)
                  000060a6    00000002     startup_ccs.obj (.text:NmiSR)
                  000060a8    000001ac     mmc-ek-tm4c123gxl.obj (.text:disk_initialize)
                  00006254    00000190     AudioManager.obj (.text:AM_VolumeFade)
                  000063e4    00000190     FileManager.obj (.text:FM_Save)
                  00006574    00000188     FileManager.obj (.text:FM_cd)
                  000066fc    00000188     uartstdio.obj (.text:UARTStdioIntHandler)
                  00006884    00000184     FileManager.obj (.text:FM_Index)
                  00006a08    00000180     FileManager.obj (.text:FM_Load)
                  00006b88    00000180     ff.obj (.text:dir_next)
                  00006d08    0000017c     TaskManager.obj (.text:TM_TaskRemove)
                  00006e84    00000170     ConsoleManager.obj (.text:Cmd_TaskAdd)
                  00006ff4    00000162     ff.obj (.text:f_getfree)
                  00007156    00000002     rtsv7M4_T_le_v4SPD16_eabi.lib : i_div0.obj (.text)
                  00007158    00000154     VS10xx.obj (.text:VS10xxPlay)
                  000072ac    00000154     ff.obj (.text:dir_find)
                  00007400    00000151     ConsoleManager.obj (.text:Cmd_SysParamSet)
                  00007551    00000001     --HOLE-- [fill = 0]
                  00007552    00000002     rtsv7M4_T_le_v4SPD16_eabi.lib : mpu_init.obj (.text)
                  00007554    00000144     FileManager.obj (.text:FM_FileDelete)
                  00007698    0000013e     ff.obj (.text:dir_read)
                  000077d6    00000002     rtsv7M4_T_le_v4SPD16_eabi.lib : startup.obj (.text)
                  000077d8    0000013c     FileManager.obj (.text:FM_SDCheck)
                  00007914    00000138     ustdlib.obj (.text:ustrtoul)
                  00007a4c    00000136     rtsv7M4_T_le_v4SPD16_eabi.lib : fd_div_t2.obj (.text)
                  00007b82    00000132     driverlib.lib : gpio.obj (.text:GPIOPadConfigSet)
                  00007cb4    00000124     ff.obj (.text:get_fat)
                  00007dd8    00000120     ff.obj (.text:gen_numname)
                  00007ef8    00000118     ConsoleManager.obj (.text:Cmd_help)
                  00008010    00000114     FileManager.obj (.text:FM_cat)
                  00008124    00000110     driverlib.lib : sysctl.obj (.text:SysCtlClockGet)
                  00008234    00000110     ff.obj (.text:sync_fs)
                  00008344    0000010c     ff.obj (.text:f_unlink)
                  00008450    00000108     VS10xx.obj (.text:VS10xxVolumeSet)
                  00008558    00000104     ff.obj (.text:create_chain)
                  0000865c    00000104     ff.obj (.text:dir_sdi)
                  00008760    000000fc     ff.obj (.text:f_sync)
                  0000885c    000000fc     rtsv7M4_T_le_v4SPD16_eabi.lib : fd_mul_t2.obj (.text)
                  00008958    000000fc                                   : s_scalbn.obj (.text)
                  00008a54    000000f6     ConsoleManager.obj (.text:getarg)
                  00008b4a    00000002     --HOLE-- [fill = 0]
                  00008b4c    000000f4     driverlib.lib : sysctl.obj (.text:SysCtlClockSet)
                  00008c40    000000ec     mmc-ek-tm4c123gxl.obj (.text:disk_write)
                  00008d2c    000000e8     FileManager.obj (.text:FM_ConfigLoad)
                  00008e14    000000e4     TaskManager.obj (.text:TM_Init)
                  00008ef8    000000d8     DS3231.obj (.text:DS3231RegisterReadBurst)
                  00008fd0    000000d8     uartstdio.obj (.text:UARTStdioConfig)
                  000090a8    000000d8     cc932.obj (.text:ff_convert)
                  00009180    000000d4     VS10xx.obj (.text:VS10xxStop)
                  00009254    000000d0     VS10xx.obj (.text:VS10xxSciWrite)
                  00009324    000000cc     ff.obj (.text:fit_lfn)
                  000093f0    000000c5     ConsoleManager.obj (.text:Cmd_rly)
                  000094b5    00000003     --HOLE-- [fill = 0]
                  000094b8    000000c4     VS10xx.obj (.text:VS10xxBufferFeed)
                  0000957c    000000c0     AudioManager.obj (.text:AM_VolumeFadeInOutTickHandler)
                  0000963c    000000c0     ACT.obj (.text:ActDisable)
                  000096fc    000000c0     ACT.obj (.text:ActEnbale)
                  000097bc    000000c0     HCSR501.obj (.text:HCSR501TimerIntHandler)
                  0000987c    000000c0     ff.obj (.text:follow_path)
                  0000993c    000000bc     uartstdio.obj (.text:UARTwrite)
                  000099f8    000000bc     ff.obj (.text:f_opendir)
                  00009ab4    000000bc     mmc-ek-tm4c123gxl.obj (.text:power_on)
                  00009b70    000000b9     ConsoleManager.obj (.text:Cmd_disp)
                  00009c29    00000003     --HOLE-- [fill = 0]
                  00009c2c    000000b8     AudioManager.obj (.text:AM_Play)
                  00009ce4    000000b8     FileManager.obj (.text:FM_FileOpen)
                  00009d9c    000000b8     ff.obj (.text:cmp_lfn)
                  00009e54    000000b8     mmc-ek-tm4c123gxl.obj (.text:disk_read)
                  00009f0c    000000b4     HCSR501.obj (.text:HCSR501Init)
                  00009fc0    000000ac     cmdline.obj (.text:CmdLineProcess)
                  0000a06c    000000a8     ff.obj (.text:check_fs)
                  0000a114    000000a8     ff.obj (.text:pick_lfn)
                  0000a1bc    000000a4     HCSR501.obj (.text:HCSR501OnMotion)
                  0000a260    0000009e     NHD0216K3Z.obj (.text:NHD0216K3ZPrintText)
                  0000a2fe    0000009e     mmc-ek-tm4c123gxl.obj (.text:send_cmd)
                  0000a39c    0000009c     DisplayManager.obj (.text:DM_UpdateDisplay)
                  0000a438    0000009c     DS3231.obj (.text:DS3231Init)
                  0000a4d4    0000009c     rtsv7M4_T_le_v4SPD16_eabi.lib : memcpy_t2.obj (.text)
                  0000a570    0000009a     ff.obj (.text:remove_chain)
                  0000a60a    00000002     --HOLE-- [fill = 0]
                  0000a60c    00000098     NHD0216K3Z.obj (.text:NHD0216K3ZInit)
                  0000a6a4    00000098     ff.obj (.text:f_readdir)
                  0000a73c    00000094     uartstdio.obj (.text:UARTPrimeTransmit)
                  0000a7d0    00000094     rtsv7M4_T_le_v4SPD16_eabi.lib : snprintf.obj (.text)
                  0000a864    0000008c     ff.obj (.text:dir_remove)
                  0000a8f0    00000088     uartstdio.obj (.text:UARTgets)
                  0000a978    00000088     VS10xx.obj (.text:VS10xxSciRead)
                  0000aa00    00000086     rtsv7M4_T_le_v4SPD16_eabi.lib : fd_cmp_t2.obj (.text:__aeabi_cdcmple)
                  0000aa86    00000086                                   : fd_cmp_t2.obj (.text:__aeabi_cdrcmple)
                  0000ab0c    00000080     DS3231.obj (.text:DS3231RegisterReadSingle)
                  0000ab8c    00000080     VS10xx.obj (.text:VS10xxSdiWrite)
                  0000ac0c    0000007e     ff.obj (.text:sync_window)
                  0000ac8a    0000007a     rtsv7M4_T_le_v4SPD16_eabi.lib : memset_t2.obj (.text)
                  0000ad04    0000007a     mmc-ek-tm4c123gxl.obj (.text:xmit_datablock)
                  0000ad7e    00000002     --HOLE-- [fill = 0]
                  0000ad80    00000078     LED.obj (.text:LEDToggle)
                  0000adf8    00000078     ff.obj (.text:dir_alloc)
                  0000ae70    00000078     mmc-ek-tm4c123gxl.obj (.text:send_initial_clock_train)
                  0000aee8    00000074     main.obj (.text:ConfigureUART)
                  0000af5c    00000074     DS3231.obj (.text:DS3231RegisterWriteSingle)
                  0000afd0    00000070     rtsv7M4_T_le_v4SPD16_eabi.lib : autoinit.obj (.text)
                  0000b040    0000006e                                   : fd_tos_t2.obj (.text)
                  0000b0ae    00000002     --HOLE-- [fill = 0]
                  0000b0b0    0000006c     DS3231.obj (.text:DS3231TemperatureGet)
                  0000b11c    0000006a     rtsv7M4_T_le_v4SPD16_eabi.lib : copy_decompress_rle.obj (.text)
                  0000b186    00000002     --HOLE-- [fill = 0]
                  0000b188    00000068     DS3231.obj (.text:DS3231IntHandler)
                  0000b1f0    00000068     FileManager.obj (.text:FM_Init)
                  0000b258    00000068     driverlib.lib : interrupt.obj (.text:IntEnable)
                  0000b2c0    00000068     uartstdio.obj (.text:UARTPeek)
                  0000b328    00000068     VS10xx.obj (.text:VS10xxPause)
                  0000b390    00000068     mmc-ek-tm4c123gxl.obj (.text:set_max_speed)
                  0000b3f8    00000064     rtsv7M4_T_le_v4SPD16_eabi.lib : s_frexp.obj (.text)
                  0000b45c    00000064     mmc-ek-tm4c123gxl.obj (.text:send_cmd12)
                  0000b4c0    00000060     driverlib.lib : timer.obj (.text:TimerConfigure)
                  0000b520    00000060     VS10xx.obj (.text:VS10xxFilePathSet)
                  0000b580    0000005c     HCSR501.obj (.text:HCSR501Disable)
                  0000b5dc    0000005c     FileManager.obj (.text:StringFromFResult)
                  0000b638    0000005c     mmc-ek-tm4c123gxl.obj (.text:rcvr_datablock)
                  0000b694    00000058     HCSR501.obj (.text:HCSR501Enable)
                  0000b6ec    00000058     ff.obj (.text:f_stat)
                  0000b744    00000058     ustdlib.obj (.text:ustrncpy)
                  0000b79c    00000056     driverlib.lib : gpio.obj (.text:GPIOIntTypeSet)
                  0000b7f2    00000056     rtsv7M4_T_le_v4SPD16_eabi.lib : ltoa.obj (.text)
                  0000b848    00000054     cc932.obj (.text:ff_wtoupper)
                  0000b89c    00000054     rtsv7M4_T_le_v4SPD16_eabi.lib : boot.obj (.text)
                  0000b8f0    00000054                                   : exit.obj (.text)
                  0000b944    00000050     AudioManager.obj (.text:AM_Init)
                  0000b994    0000004c     driverlib.lib : i2c.obj (.text:I2CMasterInitExpClk)
                  0000b9e0    0000004c     Timer.obj (.text:TimerInit)
                  0000ba2c    0000004c     uartstdio.obj (.text:UARTFlushTx)
                  0000ba78    0000004c     driverlib.lib : timer.obj (.text:_TimerIntNumberGet)
                  0000bac4    0000004c     mmc-ek-tm4c123gxl.obj (.text:disk_timerproc)
                  0000bb10    0000004c     ff.obj (.text:f_mount)
                  0000bb5c    0000004c     rtsv7M4_T_le_v4SPD16_eabi.lib : atoi.obj (.text)
                  0000bba8    0000004c                                   : cpy_tbl.obj (.text)
                  0000bbf4    00000048     driverlib.lib : gpio.obj (.text:GPIOPinConfigure)
                  0000bc3c    00000048     LED.obj (.text:LEDDisable)
                  0000bc84    00000048     LED.obj (.text:LEDEnable)
                  0000bccc    00000048     rtsv7M4_T_le_v4SPD16_eabi.lib : fd_toi_t2.obj (.text)
                  0000bd14    00000046     driverlib.lib : uart.obj (.text:UARTConfigSetExpClk)
                  0000bd5a    00000002     --HOLE-- [fill = 0]
                  0000bd5c    00000044     LED.obj (.text:LEDInit)
                  0000bda0    00000044     rtsv7M4_T_le_v4SPD16_eabi.lib : fd_tou_t2.obj (.text)
                  0000bde4    00000043     ConsoleManager.obj (.text:Cmd_AudioSetVolume)
                  0000be27    00000001     --HOLE-- [fill = 0]
                  0000be28    00000042     DS3231.obj (.text:DS3231RegisterSetSingle)
                  0000be6a    00000042     ConsoleManager.obj (.text:Dec2Bin)
                  0000beac    00000042     ff.obj (.text:validate)
                  0000beee    00000040     NHD0216K3Z.obj (.text:NHD0216K3ZSendCommand)
                  0000bf2e    00000002     --HOLE-- [fill = 0]
                  0000bf30    00000040     driverlib.lib : gpio.obj (.text:_GPIOIntNumberGet)
                  0000bf70    00000040     rtsv7M4_T_le_v4SPD16_eabi.lib : u_divt2.obj (.text)
                  0000bfb0    0000003c     uartstdio.obj (.text:IsBufferFull)
                  0000bfec    0000003c     driverlib.lib : ssi.obj (.text:SSIConfigSetExpClk)
                  0000c028    0000003c     ff.obj (.text:ld_clust)
                  0000c064    0000003c     ff.obj (.text:move_window)
                  0000c0a0    0000003c     ff.obj (.text:sum_sfn)
                  0000c0dc    0000003a     ff.obj (.text:mem_cmp)
                  0000c116    0000003a     ff.obj (.text:mem_cpy)
                  0000c150    00000038     DS3231.obj (.text:DS3231RegBitSet)
                  0000c188    00000038     rtsv7M4_T_le_v4SPD16_eabi.lib : fs_tod_t2.obj (.text)
                  0000c1c0    00000035     VS10xx.obj (.text:VS10xxVolumeMute)
                  0000c1f5    00000001     --HOLE-- [fill = 0]
                  0000c1f6    00000034     uartstdio.obj (.text:GetBufferCount)
                  0000c22a    00000002     --HOLE-- [fill = 0]
                  0000c22c    00000034     driverlib.lib : interrupt.obj (.text:IntRegister)
                  0000c260    00000034                   : sysctl.obj (.text:SysCtlPeripheralEnable)
                  0000c294    00000034     uartstdio.obj (.text:UARTFlushRx)
                  0000c2c8    00000032     DS3231.obj (.text:Bcd2Dec)
                  0000c2fa    00000032     ff.obj (.text:mem_set)
                  0000c32c    00000032     ustdlib.obj (.text:usprintf)
                  0000c35e    00000002     --HOLE-- [fill = 0]
                  0000c360    00000030     main.obj (.text:PortDIntHandler)
                  0000c390    00000030     ff.obj (.text:clust2sect)
                  0000c3c0    00000030     rtsv7M4_T_le_v4SPD16_eabi.lib : strncpy.obj (.text)
                  0000c3f0    00000030     ff.obj (.text:st_clust)
                  0000c420    00000030     mmc-ek-tm4c123gxl.obj (.text:wait_ready)
                  0000c450    00000030     mmc-ek-tm4c123gxl.obj (.text:xmit_spi)
                  0000c480    0000002e     rtsv7M4_T_le_v4SPD16_eabi.lib : i_tofd_t2.obj (.text)
                  0000c4ae    0000002c     uartstdio.obj (.text:IsBufferEmpty)
                  0000c4da    00000002     --HOLE-- [fill = 0]
                  0000c4dc    0000002c     NHD0216K3Z.obj (.text:NHD0216K3ZSendData)
                  0000c508    0000002c     mmc-ek-tm4c123gxl.obj (.text:rcvr_spi)
                  0000c534    0000002a     driverlib.lib : gpio.obj (.text:GPIODirModeSet)
                  0000c55e    00000002     --HOLE-- [fill = 0]
                  0000c560    00000028     System.obj (.text:SYS_DefaultActiveTineSet)
                  0000c588    00000028     ff.obj (.text:chk_chr)
                  0000c5b0    00000026     DS3231.obj (.text:Dec2Bcd)
                  0000c5d6    00000002     --HOLE-- [fill = 0]
                  0000c5d8    00000024     ACT.obj (.text:ActInit)
                  0000c5fc    00000024     ConsoleManager.obj (.text:Cmd_fadein)
                  0000c620    00000024     ConsoleManager.obj (.text:Cmd_fadeout)
                  0000c644    00000024     DisplayManager.obj (.text:DM_Init)
                  0000c668    00000024     Timer.obj (.text:Timer0AIntConnecte)
                  0000c68c    00000024     Timer.obj (.text:Timer1AIntConnecte)
                  0000c6b0    00000024     uartstdio.obj (.text:UARTprintf)
                  0000c6d4    00000022     NHD0216K3Z.obj (.text:NHD0216K3ZSetBrightness)
                  0000c6f6    00000022     NHD0216K3Z.obj (.text:NHD0216K3ZSetContrast)
                  0000c718    00000020     AudioManager.obj (.text:AM_Stop)
                  0000c738    00000020     ConsoleManager.obj (.text:Cmd_TaskRemove)
                  0000c758    00000020     DS3231.obj (.text:DS3231DateSet)
                  0000c778    00000020     DS3231.obj (.text:DS3231DaySet)
                  0000c798    00000020     DS3231.obj (.text:DS3231HourSet)
                  0000c7b8    00000020     DS3231.obj (.text:DS3231MinuteSet)
                  0000c7d8    00000020     DS3231.obj (.text:DS3231MonthSet)
                  0000c7f8    00000020     DS3231.obj (.text:DS3231SecondSet)
                  0000c818    00000020     DS3231.obj (.text:DS3231YearSet)
                  0000c838    00000020     System.obj (.text:SYS_AutosaveSet)
                  0000c858    00000020     driverlib.lib : uart.obj (.text:UARTDisable)
                  0000c878    00000020     mmc-ek-tm4c123gxl.obj (.text:disk_status)
                  0000c898    00000020     ff.obj (.text:f_close)
                  0000c8b8    00000020     rtsv7M4_T_le_v4SPD16_eabi.lib : u_tofd_t2.obj (.text)
                  0000c8d8    0000001e     DS3231.obj (.text:DS3231AllRegisterGet)
                  0000c8f6    0000001e     rtsv7M4_T_le_v4SPD16_eabi.lib : strcat.obj (.text)
                  0000c914    0000001c     AudioManager.obj (.text:AM_VolumeSet)
                  0000c930    0000001c     ConsoleManager.obj (.text:Cmd_pwd)
                  0000c94c    0000001c     mmc-ek-tm4c123gxl.obj (.text:DESELECT)
                  0000c968    0000001c     mmc-ek-tm4c123gxl.obj (.text:SELECT)
                  0000c984    0000001c     VS10xx.obj (.text:VS1003IntHandler)
                  0000c9a0    0000001c     rtsv7M4_T_le_v4SPD16_eabi.lib : memccpy.obj (.text)
                  0000c9bc    0000001b     ConsoleManager.obj (.text:Cmd_cls)
                  0000c9d7    00000001     --HOLE-- [fill = 0]
                  0000c9d8    00000018     driverlib.lib : gpio.obj (.text:GPIOIntRegister)
                  0000c9f0    00000018                   : gpio.obj (.text:GPIOPinTypeGPIOOutput)
                  0000ca08    00000018     System.obj (.text:SYS_DefaulFadeTime)
                  0000ca20    00000018     System.obj (.text:SYS_DefaultDispBrightnessSet)
                  0000ca38    00000018     System.obj (.text:SYS_DefaultDispContrastSet)
                  0000ca50    00000018     System.obj (.text:SYS_DefaultMotionDelay)
                  0000ca68    00000018     System.obj (.text:SYS_DefaultVolumeSet)
                  0000ca80    00000018     System.obj (.text:SYS_ModusSet)
                  0000ca98    00000018     driverlib.lib : timer.obj (.text:TimerDisable)
                  0000cab0    00000018                   : timer.obj (.text:TimerIntRegister)
                  0000cac8    00000018     rtsv7M4_T_le_v4SPD16_eabi.lib : args_main.obj (.text)
                  0000cae0    00000018                                   : strcmp.obj (.text)
                  0000caf8    00000016     ConsoleManager.obj (.text:Cmd_play)
                  0000cb0e    00000016     driverlib.lib : i2c.obj (.text:I2CMasterErr)
                  0000cb24    00000016     rtsv7M4_T_le_v4SPD16_eabi.lib : strchr.obj (.text)
                  0000cb3a    00000002     --HOLE-- [fill = 0]
                  0000cb3c    00000014     ACT.obj (.text:ActDisableAll)
                  0000cb50    00000014     ACT.obj (.text:ActEnbaleAll)
                  0000cb64    00000014     Timer.obj (.text:Timer0ALoad)
                  0000cb78    00000014     driverlib.lib : uart.obj (.text:UARTEnable)
                  0000cb8c    00000014     rtsv7M4_T_le_v4SPD16_eabi.lib : _lock.obj (.text)
                  0000cba0    00000014                                   : s_copysign.obj (.text)
                  0000cbb4    00000014                                   : strcpy.obj (.text)
                  0000cbc8    00000014                                   : strlen.obj (.text)
                  0000cbdc    00000012     ConsoleManager.obj (.text:Cmd_cat)
                  0000cbee    00000012     ConsoleManager.obj (.text:Cmd_cd)
                  0000cc00    00000012     ConsoleManager.obj (.text:Cmd_deleteFile)
                  0000cc12    00000012     driverlib.lib : gpio.obj (.text:GPIOPinTypeGPIOInput)
                  0000cc24    00000012                   : gpio.obj (.text:GPIOPinTypeI2C)
                  0000cc36    00000012                   : gpio.obj (.text:GPIOPinTypeI2CSCL)
                  0000cc48    00000012                   : gpio.obj (.text:GPIOPinTypeSSI)
                  0000cc5a    00000012                   : gpio.obj (.text:GPIOPinTypeUART)
                  0000cc6c    00000012                   : ssi.obj (.text:SSIDataGetNonBlocking)
                  0000cc7e    00000012                   : timer.obj (.text:TimerLoadSet)
                  0000cc90    00000010     ConsoleManager.obj (.text:Cmd_SysConfigSave)
                  0000cca0    00000010     ConsoleManager.obj (.text:Cmd_TaskConfigSave)
                  0000ccb0    00000010     FileManager.obj (.text:FM_Mount)
                  0000ccc0    00000010     driverlib.lib : fpu.obj (.text:FPULazyStackingEnable)
                  0000ccd0    00000010                   : interrupt.obj (.text:IntMasterEnable)
                  0000cce0    00000010     Timer.obj (.text:Timer0AIntClear)
                  0000ccf0    00000010     Timer.obj (.text:Timer0AStart)
                  0000cd00    00000010     Timer.obj (.text:Timer0AStop)
                  0000cd10    00000010     Timer.obj (.text:Timer1AIntClear)
                  0000cd20    00000010     Timer.obj (.text:Timer1AStart)
                  0000cd30    00000010     Timer.obj (.text:Timer1AStop)
                  0000cd40    0000000e     ConsoleManager.obj (.text:Cmd_TaskPrint)
                  0000cd4e    0000000e     ConsoleManager.obj (.text:Cmd_configload)
                  0000cd5c    0000000e     ConsoleManager.obj (.text:Cmd_index)
                  0000cd6a    0000000e     ConsoleManager.obj (.text:Cmd_ls)
                  0000cd78    0000000e     ConsoleManager.obj (.text:Cmd_pause)
                  0000cd86    0000000e     ConsoleManager.obj (.text:Cmd_stop)
                  0000cd94    0000000e     driverlib.lib : gpio.obj (.text:GPIOIntDisable)
                  0000cda2    0000000e                   : gpio.obj (.text:GPIOIntStatus)
                  0000cdb0    0000000e     NHD0216K3Z.obj (.text:NHD0216K3ZOff)
                  0000cdbe    0000000e     NHD0216K3Z.obj (.text:NHD0216K3ZOn)
                  0000cdcc    0000000e     driverlib.lib : timer.obj (.text:TimerEnable)
                  0000cdda    0000000e     VS10xx.obj (.text:VS10xxSwReset)
                  0000cde8    0000000e     rtsv7M4_T_le_v4SPD16_eabi.lib : copy_decompress_none.obj (.text:decompress:none)
                  0000cdf6    0000000e     mmc-ek-tm4c123gxl.obj (.text:rcvr_spi_m)
                  0000ce04    0000000c     driverlib.lib : cpu.obj (.text:CPUcpsie)
                  0000ce10    0000000c     ConsoleManager.obj (.text:Cmd_SysParamPrint)
                  0000ce1c    0000000c     FileManager.obj (.text:FM_FileClose)
                  0000ce28    0000000c     driverlib.lib : gpio.obj (.text:GPIOIntEnable)
                  0000ce34    0000000c                   : ssi.obj (.text:SSIDataGet)
                  0000ce40    0000000c     VS10xx.obj (.text:VS10xxStateGet)
                  0000ce4c    0000000c     mmc-ek-tm4c123gxl.obj (.text:chk_power)
                  0000ce58    0000000c     mmc-ek-tm4c123gxl.obj (.text:power_off)
                  0000ce64    0000000a     driverlib.lib : i2c.obj (.text:I2CMasterEnable)
                  0000ce6e    0000000a                   : ssi.obj (.text:SSIDataPut)
                  0000ce78    0000000a                   : ssi.obj (.text:SSIDisable)
                  0000ce82    0000000a                   : ssi.obj (.text:SSIEnable)
                  0000ce8c    0000000a                   : uart.obj (.text:UARTCharPut)
                  0000ce96    00000008                   : i2c.obj (.text:I2CMasterBusy)
                  0000ce9e    00000008                   : i2c.obj (.text:I2CMasterIntClear)
                  0000cea6    00000008                   : i2c.obj (.text:I2CMasterSlaveAddrSet)
                  0000ceae    00000008                   : ssi.obj (.text:SSIBusy)
                  0000ceb6    00000008     FileManager.obj (.text:SysTickHandler)
                  0000cebe    00000008     driverlib.lib : timer.obj (.text:TimerIntEnable)
                  0000cec6    00000002     --HOLE-- [fill = 0]
                  0000cec8    00000008     mmc-ek-tm4c123gxl.obj (.text:get_fattime)
                  0000ced0    00000006     driverlib.lib : gpio.obj (.text:GPIOIntClear)
                  0000ced6    00000006                   : gpio.obj (.text:GPIOPinRead)
                  0000cedc    00000006                   : gpio.obj (.text:GPIOPinWrite)
                  0000cee2    00000006     startup_ccs.obj (.text:ResetISR)
                  0000cee8    00000006     driverlib.lib : sysctl.obj (.text:SysCtlDelay)
                  0000ceee    00000006                   : uart.obj (.text:UARTClockSourceSet)
                  0000cef4    00000006     rtsv7M4_T_le_v4SPD16_eabi.lib : copy_decompress_rle.obj (.text:decompress:rle24)
                  0000cefa    00000004     driverlib.lib : i2c.obj (.text:I2CMasterControl)
                  0000cefe    00000004                   : i2c.obj (.text:I2CMasterDataGet)
                  0000cf02    00000004                   : i2c.obj (.text:I2CMasterDataPut)
                  0000cf06    00000004                   : timer.obj (.text:TimerIntClear)
                  0000cf0a    00000004     rtsv7M4_T_le_v4SPD16_eabi.lib : pre_init.obj (.text)

.const     0    0000cf10    000083ac     
                  0000cf10    00007378     cc932.obj (.const:uni2sjis)
                  00014288    00000630     ConsoleManager.obj (.const:.string)
                  000148b8    000001e0     cc932.obj (.const:tbl_lower$1)
                  00014a98    000001e0     cc932.obj (.const:tbl_upper$2)
                  00014c78    0000013a     FileManager.obj (.const:.string)
                  00014db2    00000101     rtsv7M4_T_le_v4SPD16_eabi.lib : ctype.obj (.const:.string:_ctypes_)
                  00014eb3    00000001     --HOLE-- [fill = 0]
                  00014eb4    000000c0     driverlib.lib : gpio.obj (.const:g_ppui32GPIOIntMapBlizzard)
                  00014f74    000000c0                   : gpio.obj (.const:g_ppui32GPIOIntMapSnowflake)
                  00015034    00000090                   : gpio.obj (.const:g_pui32GPIOBaseAddrs)
                  000150c4    00000070                   : interrupt.obj (.const)
                  00015134    0000006c                   : sysctl.obj (.const:g_pui32Xtals)
                  000151a0    00000060                   : timer.obj (.const:g_ppui32TimerIntMap)
                  00015200    00000040                   : timer.obj (.const:g_ppui32TimerIntMapSnowflake)
                  00015240    0000001c     DisplayManager.obj (.const:.string)
                  0001525c    00000012     uartstdio.obj (.const:.string)
                  0001526e    00000002     --HOLE-- [fill = 0]
                  00015270    00000012     ustdlib.obj (.const:.string)
                  00015282    0000000d     ff.obj (.const:.string:LfnOfs)
                  0001528f    00000001     --HOLE-- [fill = 0]
                  00015290    0000000c     uartstdio.obj (.const:g_ui32UARTBase)
                  0001529c    0000000c     uartstdio.obj (.const:g_ui32UARTInt)
                  000152a8    0000000c     uartstdio.obj (.const:g_ui32UARTPeriph)
                  000152b4    00000004     uartstdio.obj (.const)
                  000152b8    00000004     ustdlib.obj (.const)

.cinit     0    000152c0    000002e4     
                  000152c0    000002a7     (.cinit..data.load) [load image, compression = rle]
                  00015567    00000001     --HOLE-- [fill = 0]
                  00015568    0000000b     (.cinit..bss.load) [load image, compression = rle]
                  00015573    00000005     --HOLE-- [fill = 0]
                  00015578    0000000b     (.cinit..vtable.load) [load image, compression = rle]
                  00015583    00000001     --HOLE-- [fill = 0]
                  00015584    00000008     (__TI_handler_table)
                  0001558c    00000018     (__TI_cinit_table)

.init_array 
*          0    00000000    00000000     UNINITIALIZED

.vtable    0    20000000    0000026c     UNINITIALIZED
                  20000000    0000026c     driverlib.lib : interrupt.obj (.vtable)

.bss       0    2000026c    00004206     UNINITIALIZED
                  2000026c    00002ee0     (.common:g_pcFileList)
                  2000314c    00000400     uartstdio.obj (.bss:g_pcUARTTxBuffer)
                  2000354c    00000258     (.common:g_sTask)
                  200037a4    00000234     FileManager.obj (.bss:g_sFatFs)
                  200039d8    00000224     FileManager.obj (.bss:g_sConfigFileObject)
                  20003bfc    00000224     FileManager.obj (.bss:g_sFMFileObject)
                  20003e20    00000224     (.common:g_sFile)
                  20004044    00000200     ff.obj (.bss:LfnBuf)
                  20004244    00000080     uartstdio.obj (.bss:g_pcUARTRxBuffer)
                  200042c4    00000050     (.common:g_pcConfigBuf)
                  20004314    00000050     (.common:g_pcTmpBuf)
                  20004364    00000044     cmdline.obj (.bss:g_ppcArgv)
                  200043a8    00000040     main.obj (.bss:g_pcCmdBuf)
                  200043e8    00000024     FileManager.obj (.bss:g_sDirObject)
                  2000440c    00000020     FileManager.obj (.bss:g_sFileInfo)
                  2000442c    00000020     (.common:g_ui8FileBuffer)
                  2000444c    00000008     uartstdio.obj (.bss)
                  20004454    00000004     ff.obj (.bss:FatFs)
                  20004458    00000004     (.common:g_pcFileParh)
                  2000445c    00000004     (.common:g_ui32TrackCnt)
                  20004460    00000003     mmc-ek-tm4c123gxl.obj (.bss)
                  20004463    00000001     (.common:g_bActiveMotionEvent)
                  20004464    00000002     ff.obj (.bss)
                  20004466    00000002     (.common:g_ui16NumOfFiles)
                  20004468    00000001     (.common:g_bExitMotionEvent)
                  20004469    00000001     (.common:g_bFirstTrack)
                  2000446a    00000001     (.common:g_bHCSR501Enable)
                  2000446b    00000001     (.common:g_eFadeType)
                  2000446c    00000001     (.common:g_eVS10xxState)
                  2000446d    00000001     (.common:g_ui8CurrentVolume)
                  2000446e    00000001     (.common:g_ui8DS3231State)
                  2000446f    00000001     (.common:g_ui8DefaultFadeTime)
                  20004470    00000001     (.common:g_ui8Seconds)
                  20004471    00000001     (.common:ui8VolumeUpperLimit)

.stack     0    20004474    000013e8     UNINITIALIZED
                  20004474    000013e8     --HOLE--

.data      0    2000585c    0000036b     UNINITIALIZED
                  2000585c    00000144     ConsoleManager.obj (.data:g_psCmdTable)
                  200059a0    000000b0     ConsoleManager.obj (.data:g_psRtcCmdLineParamTable)
                  20005a50    000000a0     FileManager.obj (.data:g_psFResultStrings)
                  20005af0    00000050     FileManager.obj (.data:g_pcCwdBuf)
                  20005b40    0000001c     DisplayManager.obj (.data:cDayName)
                  20005b5c    00000015     uartstdio.obj (.data)
                  20005b71    00000013     ConsoleManager.obj (.data:g_pui8DS3231RegVal)
                  20005b84    00000010     DisplayManager.obj (.data:g_ui8DisplayBuffer)
                  20005b94    0000000c     rtsv7M4_T_le_v4SPD16_eabi.lib : exit.obj (.data:$O1$$)
                  20005ba0    0000000a     System.obj (.data:g_sSystem)
                  20005baa    00000002     mmc-ek-tm4c123gxl.obj (.data)
                  20005bac    00000008     rtsv7M4_T_le_v4SPD16_eabi.lib : _lock.obj (.data:$O1$$)
                  20005bb4    00000007     DS3231.obj (.data:g_sDS3231Data)
                  20005bbb    00000001     AudioManager.obj (.data)
                  20005bbc    00000004     rtsv7M4_T_le_v4SPD16_eabi.lib : errno.obj (.data)
                  20005bc0    00000004                                   : stkdepth_vars.obj (.data)
                  20005bc4    00000003     LED.obj (.data)

MODULE SUMMARY

       Module                     code    ro data   rw data
       ------                     ----    -------   -------
    .\
       main.obj                   3076    0         64     
       System.obj                 752     0         10     
       startup_ccs.obj            12      620       0      
    +--+--------------------------+-------+---------+---------+
       Total:                     3840    620       74     
                                                           
    .\Driver\
       VS10xx.obj                 2327    0         585    
       DS3231.obj                 1292    0         8      
       HCSR501.obj                716     0         4      
       NHD0216K3Z.obj             514     0         0      
       ACT.obj                    460     0         0      
       LED.obj                    332     0         3      
       Timer.obj                  264     0         0      
    +--+--------------------------+-------+---------+---------+
       Total:                     5905    0         600    
                                                           
    .\Driver\fatfs\
       cc932.obj                  300     30520     0      
       ff.obj                     11781   13        518    
       mmc-ek-tm4c123gxl.obj      2602    0         5      
    +--+--------------------------+-------+---------+---------+
       Total:                     14683   30533     523    
                                                           
    .\Manager\
       FileManager.obj            4384    314       14128  
       ConsoleManager.obj         5010    1584      519    
       TaskManager.obj            2944    0         600    
       AudioManager.obj           916     0         12     
       DisplayManager.obj         192     28        44     
    +--+--------------------------+-------+---------+---------+
       Total:                     13446   1926      15303  
                                                           
    .\utils\
       uartstdio.obj              2284    58        1181   
       ustdlib.obj                1530    22        0      
       cmdline.obj                172     0         68     
    +--+--------------------------+-------+---------+---------+
       Total:                     3986    80        1249   
                                                           
    C:/ti/TivaWare_C_Series-2.1.3.156/driverlib/ccs/Debug/driverlib.lib
       gpio.obj                   766     528       0      
       interrupt.obj              172     112       620    
       sysctl.obj                 574     108       0      
       timer.obj                  264     160       0      
       i2c.obj                    144     0         0      
       uart.obj                   138     0         0      
       ssi.obj                    128     0         0      
       fpu.obj                    16      0         0      
       cpu.obj                    12      0         0      
    +--+--------------------------+-------+---------+---------+
       Total:                     2214    908       620    
                                                           
    C:\ti\ccsv6\tools\compiler\arm_15.12.3.LTS\lib\rtsv7M4_T_le_v4SPD16_eabi.lib
       _printfi.obj               4368    0         0      
       ull_div_t2.obj             500     0         0      
       fd_add_t2.obj              438     0         0      
       fd_div_t2.obj              310     0         0      
       fd_cmp_t2.obj              268     0         0      
       ctype.obj                  0       257       0      
       fd_mul_t2.obj              252     0         0      
       s_scalbn.obj               252     0         0      
       memcpy_t2.obj              156     0         0      
       snprintf.obj               148     0         0      
       memset_t2.obj              122     0         0      
       autoinit.obj               112     0         0      
       copy_decompress_rle.obj    112     0         0      
       fd_tos_t2.obj              110     0         0      
       s_frexp.obj                100     0         0      
       exit.obj                   84      0         12     
       ltoa.obj                   86      0         0      
       boot.obj                   84      0         0      
       atoi.obj                   76      0         0      
       cpy_tbl.obj                76      0         0      
       fd_toi_t2.obj              72      0         0      
       fd_tou_t2.obj              68      0         0      
       u_divt2.obj                64      0         0      
       fs_tod_t2.obj              56      0         0      
       strncpy.obj                48      0         0      
       i_tofd_t2.obj              46      0         0      
       u_tofd_t2.obj              32      0         0      
       strcat.obj                 30      0         0      
       _lock.obj                  20      0         8      
       memccpy.obj                28      0         0      
       args_main.obj              24      0         0      
       strcmp.obj                 24      0         0      
       strchr.obj                 22      0         0      
       s_copysign.obj             20      0         0      
       strcpy.obj                 20      0         0      
       strlen.obj                 20      0         0      
       copy_decompress_none.obj   14      0         0      
       errno.obj                  0       0         4      
       pre_init.obj               4       0         0      
       stkdepth_vars.obj          0       0         4      
       i_div0.obj                 2       0         0      
       mpu_init.obj               2       0         0      
       startup.obj                2       0         0      
    +--+--------------------------+-------+---------+---------+
       Total:                     8272    257       28     
                                                           
       Stack:                     0       0         5096   
       Linker Generated:          0       733       0      
    +--+--------------------------+-------+---------+---------+
       Grand Total:               52346   35057     23493  


LINKER GENERATED COPY TABLES

__TI_cinit_table @ 0001558c records: 3, size/record: 8, table size: 24
	.data: load addr=000152c0, load size=000002a7 bytes, run addr=2000585c, run size=0000036b bytes, compression=rle
	.bss: load addr=00015568, load size=0000000b bytes, run addr=2000026c, run size=00004206 bytes, compression=rle
	.vtable: load addr=00015578, load size=0000000b bytes, run addr=20000000, run size=0000026c bytes, compression=rle


LINKER GENERATED HANDLER TABLE

__TI_handler_table @ 00015584 records: 2, size/record: 4, table size: 8
	index: 0, handler: __TI_decompress_rle24
	index: 1, handler: __TI_decompress_none


GLOBAL SYMBOLS: SORTED ALPHABETICALLY BY Name 

address   name                           
-------   ----                           
0000b945  AM_Init                        
00009c2d  AM_Play                        
0000c719  AM_Stop                        
00006255  AM_VolumeFade                  
0000957d  AM_VolumeFadeInOutTickHandler  
0000c915  AM_VolumeSet                   
0000963d  ActDisable                     
0000cb3d  ActDisableAll                  
000096fd  ActEnbale                      
0000cb51  ActEnbaleAll                   
0000c5d9  ActInit                        
0000c2c9  Bcd2Dec                        
0000b8f1  C$$EXIT                        
00001edd  CMD_rtc                        
0000ce05  CPUcpsie                       
00009fc1  CmdLineProcess                 
0000bde5  Cmd_AudioSetVolume             
0000cc91  Cmd_SysConfigSave              
0000ce11  Cmd_SysParamPrint              
00007401  Cmd_SysParamSet                
00006e85  Cmd_TaskAdd                    
0000cca1  Cmd_TaskConfigSave             
0000cd41  Cmd_TaskPrint                  
0000c739  Cmd_TaskRemove                 
00004735  Cmd_TaskSet                    
0000cbdd  Cmd_cat                        
0000cbef  Cmd_cd                         
0000c9bd  Cmd_cls                        
0000cd4f  Cmd_configload                 
0000cc01  Cmd_deleteFile                 
00009b71  Cmd_disp                       
0000c5fd  Cmd_fadein                     
0000c621  Cmd_fadeout                    
00007ef9  Cmd_help                       
0000cd5d  Cmd_index                      
0000cd6b  Cmd_ls                         
0000cd79  Cmd_pause                      
0000caf9  Cmd_play                       
0000c931  Cmd_pwd                        
000093f1  Cmd_rly                        
0000cd87  Cmd_stop                       
0000aee9  ConfigureUART                  
0000c645  DM_Init                        
0000a39d  DM_UpdateDisplay               
0000c8d9  DS3231AllRegisterGet           
0000c759  DS3231DateSet                  
0000c779  DS3231DaySet                   
0000c799  DS3231HourSet                  
0000a439  DS3231Init                     
0000b189  DS3231IntHandler               
0000c7b9  DS3231MinuteSet                
0000c7d9  DS3231MonthSet                 
0000c151  DS3231RegBitSet                
00008ef9  DS3231RegisterReadBurst        
0000ab0d  DS3231RegisterReadSingle       
0000be29  DS3231RegisterSetSingle        
0000af5d  DS3231RegisterWriteSingle      
0000c7f9  DS3231SecondSet                
0000b0b1  DS3231TemperatureGet           
0000c819  DS3231YearSet                  
0000c5b1  Dec2Bcd                        
0000be6b  Dec2Bin                        
00008d2d  FM_ConfigLoad                  
00003cb1  FM_ConfigSave                  
0000ce1d  FM_FileClose                   
00007555  FM_FileDelete                  
00009ce5  FM_FileOpen                    
00006885  FM_Index                       
0000b1f1  FM_Init                        
00006a09  FM_Load                        
0000ccb1  FM_Mount                       
000077d9  FM_SDCheck                     
000063e5  FM_Save                        
00008011  FM_cat                         
00006575  FM_cd                          
000051d9  FM_ls                          
0000ccc1  FPULazyStackingEnable          
0000c535  GPIODirModeSet                 
0000ced1  GPIOIntClear                   
0000cd95  GPIOIntDisable                 
0000ce29  GPIOIntEnable                  
0000c9d9  GPIOIntRegister                
0000cda3  GPIOIntStatus                  
0000b79d  GPIOIntTypeSet                 
00007b83  GPIOPadConfigSet               
0000bbf5  GPIOPinConfigure               
0000ced7  GPIOPinRead                    
0000cc13  GPIOPinTypeGPIOInput           
0000c9f1  GPIOPinTypeGPIOOutput          
0000cc25  GPIOPinTypeI2C                 
0000cc37  GPIOPinTypeI2CSCL              
0000cc49  GPIOPinTypeSSI                 
0000cc5b  GPIOPinTypeUART                
0000cedd  GPIOPinWrite                   
0000b581  HCSR501Disable                 
0000b695  HCSR501Enable                  
00009f0d  HCSR501Init                    
0000a1bd  HCSR501OnMotion                
000097bd  HCSR501TimerIntHandler         
0000ce97  I2CMasterBusy                  
0000cefb  I2CMasterControl               
0000ceff  I2CMasterDataGet               
0000cf03  I2CMasterDataPut               
0000ce65  I2CMasterEnable                
0000cb0f  I2CMasterErr                   
0000b995  I2CMasterInitExpClk            
0000ce9f  I2CMasterIntClear              
0000cea7  I2CMasterSlaveAddrSet          
0000b259  IntEnable                      
0000ccd1  IntMasterEnable                
0000c22d  IntRegister                    
0000bc3d  LEDDisable                     
0000bc85  LEDEnable                      
0000bd5d  LEDInit                        
0000ad81  LEDToggle                      
0000a60d  NHD0216K3ZInit                 
0000cdb1  NHD0216K3ZOff                  
0000cdbf  NHD0216K3ZOn                   
0000a261  NHD0216K3ZPrintText            
0000beef  NHD0216K3ZSendCommand          
0000c4dd  NHD0216K3ZSendData             
0000c6d5  NHD0216K3ZSetBrightness        
0000c6f7  NHD0216K3ZSetContrast          
0000c361  PortDIntHandler                
0000cee3  ResetISR                       
UNDEFED   SHT$$INIT_ARRAY$$Base          
UNDEFED   SHT$$INIT_ARRAY$$Limit         
0000ceaf  SSIBusy                        
0000bfed  SSIConfigSetExpClk             
0000ce35  SSIDataGet                     
0000cc6d  SSIDataGetNonBlocking          
0000ce6f  SSIDataPut                     
0000ce79  SSIDisable                     
0000ce83  SSIEnable                      
0000c839  SYS_AutosaveSet                
0000ca09  SYS_DefaulFadeTime             
0000c561  SYS_DefaultActiveTineSet       
0000ca21  SYS_DefaultDispBrightnessSet   
0000ca39  SYS_DefaultDispContrastSet     
0000ca51  SYS_DefaultMotionDelay         
0000ca69  SYS_DefaultVolumeSet           
0000ca81  SYS_ModusSet                   
00004989  SYS_ParamsPrint                
0000b5dd  StringFromFResult              
00008125  SysCtlClockGet                 
00008b4d  SysCtlClockSet                 
0000cee9  SysCtlDelay                    
0000c261  SysCtlPeripheralEnable         
0000ceb7  SysTickHandler                 
00008e15  TM_Init                        
00005d39  TM_TaskAdd                     
00002cb9  TM_TaskPrint                   
00006d09  TM_TaskRemove                  
00004241  TM_TaskSet                     
0000cce1  Timer0AIntClear                
0000c669  Timer0AIntConnecte             
0000cb65  Timer0ALoad                    
0000ccf1  Timer0AStart                   
0000cd01  Timer0AStop                    
0000cd11  Timer1AIntClear                
0000c68d  Timer1AIntConnecte             
0000cd21  Timer1AStart                   
0000cd31  Timer1AStop                    
0000b4c1  TimerConfigure                 
0000ca99  TimerDisable                   
0000cdcd  TimerEnable                    
0000b9e1  TimerInit                      
0000cf07  TimerIntClear                  
0000cebf  TimerIntEnable                 
0000cab1  TimerIntRegister               
0000cc7f  TimerLoadSet                   
0000ce8d  UARTCharPut                    
0000ceef  UARTClockSourceSet             
0000bd15  UARTConfigSetExpClk            
0000c859  UARTDisable                    
0000cb79  UARTEnable                     
0000c295  UARTFlushRx                    
0000ba2d  UARTFlushTx                    
0000b2c1  UARTPeek                       
00008fd1  UARTStdioConfig                
000066fd  UARTStdioIntHandler            
0000a8f1  UARTgets                       
0000c6b1  UARTprintf                     
000039a5  UARTvprintf                    
0000993d  UARTwrite                      
0000c985  VS1003IntHandler               
000094b9  VS10xxBufferFeed               
0000b521  VS10xxFilePathSet              
00004ba1  VS10xxInit                     
0000b329  VS10xxPause                    
00007159  VS10xxPlay                     
0000a979  VS10xxSciRead                  
00009255  VS10xxSciWrite                 
0000ab8d  VS10xxSdiWrite                 
0000ce41  VS10xxStateGet                 
00009181  VS10xxStop                     
0000cddb  VS10xxSwReset                  
0000c1c1  VS10xxVolumeMute               
00008451  VS10xxVolumeSet                
2000585c  __STACK_END                    
000013e8  __STACK_SIZE                   
20004574  __STACK_TOP                    
0001558c  __TI_CINIT_Base                
000155a4  __TI_CINIT_Limit               
00015584  __TI_Handler_Table_Base        
0001558c  __TI_Handler_Table_Limit       
0000afd1  __TI_auto_init                 
20005b94  __TI_cleanup_ptr               
0000cde9  __TI_decompress_none           
0000cef5  __TI_decompress_rle24          
20005b98  __TI_dtors_ptr                 
20005b9c  __TI_enable_exit_profile_output
ffffffff  __TI_pprof_out_hndl            
00001077  __TI_printfi                   
ffffffff  __TI_prof_data_size            
ffffffff  __TI_prof_data_start           
00000000  __TI_static_base__             
0000aa01  __aeabi_cdcmpeq                
0000aa01  __aeabi_cdcmple                
0000aa87  __aeabi_cdrcmple               
0000b041  __aeabi_d2f                    
0000bccd  __aeabi_d2iz                   
0000bda1  __aeabi_d2uiz                  
00005efb  __aeabi_dadd                   
00007a4d  __aeabi_ddiv                   
0000885d  __aeabi_dmul                   
00005ef1  __aeabi_dsub                   
0000c189  __aeabi_f2d                    
0000c481  __aeabi_i2d                    
00007157  __aeabi_idiv0                  
0000ac8b  __aeabi_memclr                 
0000ac8b  __aeabi_memclr4                
0000ac8b  __aeabi_memclr8                
0000a4d5  __aeabi_memcpy                 
0000a4d5  __aeabi_memcpy4                
0000a4d5  __aeabi_memcpy8                
0000ac8d  __aeabi_memset                 
0000ac8d  __aeabi_memset4                
0000ac8d  __aeabi_memset8                
0000c8b9  __aeabi_ui2d                   
0000bf71  __aeabi_uidiv                  
0000bf71  __aeabi_uidivmod               
000053d5  __aeabi_uldivmod               
ffffffff  __binit__                      
ffffffff  __c_args__                     
00007553  __mpu_init                     
20004474  __stack                        
0000cac9  _args_main                     
0000b89d  _c_int00                       
00014db2  _ctypes_                       
20005bac  _lock                          
0000cb9b  _nop                           
0000cb93  _register_lock                 
0000cb8d  _register_unlock               
000077d7  _system_post_cinit             
0000cf0b  _system_pre_init               
20005bb0  _unlock                        
0000b8f5  abort                          
0000bb5d  atoi                           
ffffffff  binit                          
20005b40  cDayName                       
0000c391  clust2sect                     
0000bba9  copy_in                        
0000cba1  copysign                       
0000cba1  copysignl                      
000060a9  disk_initialize                
00004fd1  disk_ioctl                     
00009e55  disk_read                      
0000c879  disk_status                    
0000bac5  disk_timerproc                 
00008c41  disk_write                     
20005bbc  errno                          
0000b8fd  exit                           
0000c899  f_close                        
00006ff5  f_getfree                      
000055c9  f_mkdir                        
0000bb11  f_mount                        
00004db9  f_open                         
000099f9  f_opendir                      
000044e1  f_read                         
0000a6a5  f_readdir                      
0000b6ed  f_stat                         
00008761  f_sync                         
00008345  f_unlink                       
00003f9d  f_write                        
000090a9  ff_convert                     
0000b849  ff_wtoupper                    
0000b3f9  frexp                          
0000b3f9  frexpl                         
20004463  g_bActiveMotionEvent           
20004468  g_bExitMotionEvent             
20004469  g_bFirstTrack                  
2000446a  g_bHCSR501Enable               
2000446b  g_eFadeType                    
2000446c  g_eVS10xxState                 
200042c4  g_pcConfigBuf                  
20005af0  g_pcCwdBuf                     
2000026c  g_pcFileList                   
20004458  g_pcFileParh                   
20004314  g_pcTmpBuf                     
20000000  g_pfnRAMVectors                
00000000  g_pfnVectors                   
2000585c  g_psCmdTable                   
20005a50  g_psFResultStrings             
200059a0  g_psRtcCmdLineParamTable       
20005b71  g_pui8DS3231RegVal             
20005bb4  g_sDS3231Data                  
20003e20  g_sFile                        
20005ba0  g_sSystem                      
2000354c  g_sTask                        
20004466  g_ui16NumOfFiles               
2000445c  g_ui32TrackCnt                 
2000446d  g_ui8CurrentVolume             
2000446e  g_ui8DS3231State               
2000446f  g_ui8DefaultFadeTime           
20005b84  g_ui8DisplayBuffer             
2000442c  g_ui8FileBuffer                
20004470  g_ui8Seconds                   
20005bbb  g_ui8VolumeLowerLimit          
00007dd9  gen_numname                    
00007cb5  get_fat                        
0000cec9  get_fattime                    
00008a55  getarg                         
00008959  ldexp                          
00008959  ldexpl                         
0000b7f3  ltoa                           
0000137d  main                           
20005bc0  main_func_sp                   
0000c9a1  memccpy                        
0000a4d5  memcpy                         
0000ac93  memset                         
00005b79  put_fat                        
00008959  scalbn                         
00008959  scalbnl                        
0000a7d1  snprintf                       
0000c8f7  strcat                         
0000cb25  strchr                         
0000cae1  strcmp                         
0000cbb5  strcpy                         
0000cbc9  strlen                         
0000c3c1  strncpy                        
20005bc4  ui8LedAckToggleVal             
20005bc6  ui8LedCDToggleVal              
20005bc5  ui8LedErrToggleVal             
20004471  ui8VolumeUpperLimit            
0000c32d  usprintf                       
0000b745  ustrncpy                       
00007915  ustrtoul                       
00003181  uvsnprintf                     


GLOBAL SYMBOLS: SORTED BY Symbol Address 

address   name                           
-------   ----                           
00000000  __TI_static_base__             
00000000  g_pfnVectors                   
00001077  __TI_printfi                   
0000137d  main                           
000013e8  __STACK_SIZE                   
00001edd  CMD_rtc                        
00002cb9  TM_TaskPrint                   
00003181  uvsnprintf                     
000039a5  UARTvprintf                    
00003cb1  FM_ConfigSave                  
00003f9d  f_write                        
00004241  TM_TaskSet                     
000044e1  f_read                         
00004735  Cmd_TaskSet                    
00004989  SYS_ParamsPrint                
00004ba1  VS10xxInit                     
00004db9  f_open                         
00004fd1  disk_ioctl                     
000051d9  FM_ls                          
000053d5  __aeabi_uldivmod               
000055c9  f_mkdir                        
00005b79  put_fat                        
00005d39  TM_TaskAdd                     
00005ef1  __aeabi_dsub                   
00005efb  __aeabi_dadd                   
000060a9  disk_initialize                
00006255  AM_VolumeFade                  
000063e5  FM_Save                        
00006575  FM_cd                          
000066fd  UARTStdioIntHandler            
00006885  FM_Index                       
00006a09  FM_Load                        
00006d09  TM_TaskRemove                  
00006e85  Cmd_TaskAdd                    
00006ff5  f_getfree                      
00007157  __aeabi_idiv0                  
00007159  VS10xxPlay                     
00007401  Cmd_SysParamSet                
00007553  __mpu_init                     
00007555  FM_FileDelete                  
000077d7  _system_post_cinit             
000077d9  FM_SDCheck                     
00007915  ustrtoul                       
00007a4d  __aeabi_ddiv                   
00007b83  GPIOPadConfigSet               
00007cb5  get_fat                        
00007dd9  gen_numname                    
00007ef9  Cmd_help                       
00008011  FM_cat                         
00008125  SysCtlClockGet                 
00008345  f_unlink                       
00008451  VS10xxVolumeSet                
00008761  f_sync                         
0000885d  __aeabi_dmul                   
00008959  ldexp                          
00008959  ldexpl                         
00008959  scalbn                         
00008959  scalbnl                        
00008a55  getarg                         
00008b4d  SysCtlClockSet                 
00008c41  disk_write                     
00008d2d  FM_ConfigLoad                  
00008e15  TM_Init                        
00008ef9  DS3231RegisterReadBurst        
00008fd1  UARTStdioConfig                
000090a9  ff_convert                     
00009181  VS10xxStop                     
00009255  VS10xxSciWrite                 
000093f1  Cmd_rly                        
000094b9  VS10xxBufferFeed               
0000957d  AM_VolumeFadeInOutTickHandler  
0000963d  ActDisable                     
000096fd  ActEnbale                      
000097bd  HCSR501TimerIntHandler         
0000993d  UARTwrite                      
000099f9  f_opendir                      
00009b71  Cmd_disp                       
00009c2d  AM_Play                        
00009ce5  FM_FileOpen                    
00009e55  disk_read                      
00009f0d  HCSR501Init                    
00009fc1  CmdLineProcess                 
0000a1bd  HCSR501OnMotion                
0000a261  NHD0216K3ZPrintText            
0000a39d  DM_UpdateDisplay               
0000a439  DS3231Init                     
0000a4d5  __aeabi_memcpy                 
0000a4d5  __aeabi_memcpy4                
0000a4d5  __aeabi_memcpy8                
0000a4d5  memcpy                         
0000a60d  NHD0216K3ZInit                 
0000a6a5  f_readdir                      
0000a7d1  snprintf                       
0000a8f1  UARTgets                       
0000a979  VS10xxSciRead                  
0000aa01  __aeabi_cdcmpeq                
0000aa01  __aeabi_cdcmple                
0000aa87  __aeabi_cdrcmple               
0000ab0d  DS3231RegisterReadSingle       
0000ab8d  VS10xxSdiWrite                 
0000ac8b  __aeabi_memclr                 
0000ac8b  __aeabi_memclr4                
0000ac8b  __aeabi_memclr8                
0000ac8d  __aeabi_memset                 
0000ac8d  __aeabi_memset4                
0000ac8d  __aeabi_memset8                
0000ac93  memset                         
0000ad81  LEDToggle                      
0000aee9  ConfigureUART                  
0000af5d  DS3231RegisterWriteSingle      
0000afd1  __TI_auto_init                 
0000b041  __aeabi_d2f                    
0000b0b1  DS3231TemperatureGet           
0000b189  DS3231IntHandler               
0000b1f1  FM_Init                        
0000b259  IntEnable                      
0000b2c1  UARTPeek                       
0000b329  VS10xxPause                    
0000b3f9  frexp                          
0000b3f9  frexpl                         
0000b4c1  TimerConfigure                 
0000b521  VS10xxFilePathSet              
0000b581  HCSR501Disable                 
0000b5dd  StringFromFResult              
0000b695  HCSR501Enable                  
0000b6ed  f_stat                         
0000b745  ustrncpy                       
0000b79d  GPIOIntTypeSet                 
0000b7f3  ltoa                           
0000b849  ff_wtoupper                    
0000b89d  _c_int00                       
0000b8f1  C$$EXIT                        
0000b8f5  abort                          
0000b8fd  exit                           
0000b945  AM_Init                        
0000b995  I2CMasterInitExpClk            
0000b9e1  TimerInit                      
0000ba2d  UARTFlushTx                    
0000bac5  disk_timerproc                 
0000bb11  f_mount                        
0000bb5d  atoi                           
0000bba9  copy_in                        
0000bbf5  GPIOPinConfigure               
0000bc3d  LEDDisable                     
0000bc85  LEDEnable                      
0000bccd  __aeabi_d2iz                   
0000bd15  UARTConfigSetExpClk            
0000bd5d  LEDInit                        
0000bda1  __aeabi_d2uiz                  
0000bde5  Cmd_AudioSetVolume             
0000be29  DS3231RegisterSetSingle        
0000be6b  Dec2Bin                        
0000beef  NHD0216K3ZSendCommand          
0000bf71  __aeabi_uidiv                  
0000bf71  __aeabi_uidivmod               
0000bfed  SSIConfigSetExpClk             
0000c151  DS3231RegBitSet                
0000c189  __aeabi_f2d                    
0000c1c1  VS10xxVolumeMute               
0000c22d  IntRegister                    
0000c261  SysCtlPeripheralEnable         
0000c295  UARTFlushRx                    
0000c2c9  Bcd2Dec                        
0000c32d  usprintf                       
0000c361  PortDIntHandler                
0000c391  clust2sect                     
0000c3c1  strncpy                        
0000c481  __aeabi_i2d                    
0000c4dd  NHD0216K3ZSendData             
0000c535  GPIODirModeSet                 
0000c561  SYS_DefaultActiveTineSet       
0000c5b1  Dec2Bcd                        
0000c5d9  ActInit                        
0000c5fd  Cmd_fadein                     
0000c621  Cmd_fadeout                    
0000c645  DM_Init                        
0000c669  Timer0AIntConnecte             
0000c68d  Timer1AIntConnecte             
0000c6b1  UARTprintf                     
0000c6d5  NHD0216K3ZSetBrightness        
0000c6f7  NHD0216K3ZSetContrast          
0000c719  AM_Stop                        
0000c739  Cmd_TaskRemove                 
0000c759  DS3231DateSet                  
0000c779  DS3231DaySet                   
0000c799  DS3231HourSet                  
0000c7b9  DS3231MinuteSet                
0000c7d9  DS3231MonthSet                 
0000c7f9  DS3231SecondSet                
0000c819  DS3231YearSet                  
0000c839  SYS_AutosaveSet                
0000c859  UARTDisable                    
0000c879  disk_status                    
0000c899  f_close                        
0000c8b9  __aeabi_ui2d                   
0000c8d9  DS3231AllRegisterGet           
0000c8f7  strcat                         
0000c915  AM_VolumeSet                   
0000c931  Cmd_pwd                        
0000c985  VS1003IntHandler               
0000c9a1  memccpy                        
0000c9bd  Cmd_cls                        
0000c9d9  GPIOIntRegister                
0000c9f1  GPIOPinTypeGPIOOutput          
0000ca09  SYS_DefaulFadeTime             
0000ca21  SYS_DefaultDispBrightnessSet   
0000ca39  SYS_DefaultDispContrastSet     
0000ca51  SYS_DefaultMotionDelay         
0000ca69  SYS_DefaultVolumeSet           
0000ca81  SYS_ModusSet                   
0000ca99  TimerDisable                   
0000cab1  TimerIntRegister               
0000cac9  _args_main                     
0000cae1  strcmp                         
0000caf9  Cmd_play                       
0000cb0f  I2CMasterErr                   
0000cb25  strchr                         
0000cb3d  ActDisableAll                  
0000cb51  ActEnbaleAll                   
0000cb65  Timer0ALoad                    
0000cb79  UARTEnable                     
0000cb8d  _register_unlock               
0000cb93  _register_lock                 
0000cb9b  _nop                           
0000cba1  copysign                       
0000cba1  copysignl                      
0000cbb5  strcpy                         
0000cbc9  strlen                         
0000cbdd  Cmd_cat                        
0000cbef  Cmd_cd                         
0000cc01  Cmd_deleteFile                 
0000cc13  GPIOPinTypeGPIOInput           
0000cc25  GPIOPinTypeI2C                 
0000cc37  GPIOPinTypeI2CSCL              
0000cc49  GPIOPinTypeSSI                 
0000cc5b  GPIOPinTypeUART                
0000cc6d  SSIDataGetNonBlocking          
0000cc7f  TimerLoadSet                   
0000cc91  Cmd_SysConfigSave              
0000cca1  Cmd_TaskConfigSave             
0000ccb1  FM_Mount                       
0000ccc1  FPULazyStackingEnable          
0000ccd1  IntMasterEnable                
0000cce1  Timer0AIntClear                
0000ccf1  Timer0AStart                   
0000cd01  Timer0AStop                    
0000cd11  Timer1AIntClear                
0000cd21  Timer1AStart                   
0000cd31  Timer1AStop                    
0000cd41  Cmd_TaskPrint                  
0000cd4f  Cmd_configload                 
0000cd5d  Cmd_index                      
0000cd6b  Cmd_ls                         
0000cd79  Cmd_pause                      
0000cd87  Cmd_stop                       
0000cd95  GPIOIntDisable                 
0000cda3  GPIOIntStatus                  
0000cdb1  NHD0216K3ZOff                  
0000cdbf  NHD0216K3ZOn                   
0000cdcd  TimerEnable                    
0000cddb  VS10xxSwReset                  
0000cde9  __TI_decompress_none           
0000ce05  CPUcpsie                       
0000ce11  Cmd_SysParamPrint              
0000ce1d  FM_FileClose                   
0000ce29  GPIOIntEnable                  
0000ce35  SSIDataGet                     
0000ce41  VS10xxStateGet                 
0000ce65  I2CMasterEnable                
0000ce6f  SSIDataPut                     
0000ce79  SSIDisable                     
0000ce83  SSIEnable                      
0000ce8d  UARTCharPut                    
0000ce97  I2CMasterBusy                  
0000ce9f  I2CMasterIntClear              
0000cea7  I2CMasterSlaveAddrSet          
0000ceaf  SSIBusy                        
0000ceb7  SysTickHandler                 
0000cebf  TimerIntEnable                 
0000cec9  get_fattime                    
0000ced1  GPIOIntClear                   
0000ced7  GPIOPinRead                    
0000cedd  GPIOPinWrite                   
0000cee3  ResetISR                       
0000cee9  SysCtlDelay                    
0000ceef  UARTClockSourceSet             
0000cef5  __TI_decompress_rle24          
0000cefb  I2CMasterControl               
0000ceff  I2CMasterDataGet               
0000cf03  I2CMasterDataPut               
0000cf07  TimerIntClear                  
0000cf0b  _system_pre_init               
00014db2  _ctypes_                       
00015584  __TI_Handler_Table_Base        
0001558c  __TI_CINIT_Base                
0001558c  __TI_Handler_Table_Limit       
000155a4  __TI_CINIT_Limit               
20000000  g_pfnRAMVectors                
2000026c  g_pcFileList                   
2000354c  g_sTask                        
20003e20  g_sFile                        
200042c4  g_pcConfigBuf                  
20004314  g_pcTmpBuf                     
2000442c  g_ui8FileBuffer                
20004458  g_pcFileParh                   
2000445c  g_ui32TrackCnt                 
20004463  g_bActiveMotionEvent           
20004466  g_ui16NumOfFiles               
20004468  g_bExitMotionEvent             
20004469  g_bFirstTrack                  
2000446a  g_bHCSR501Enable               
2000446b  g_eFadeType                    
2000446c  g_eVS10xxState                 
2000446d  g_ui8CurrentVolume             
2000446e  g_ui8DS3231State               
2000446f  g_ui8DefaultFadeTime           
20004470  g_ui8Seconds                   
20004471  ui8VolumeUpperLimit            
20004474  __stack                        
20004574  __STACK_TOP                    
2000585c  __STACK_END                    
2000585c  g_psCmdTable                   
200059a0  g_psRtcCmdLineParamTable       
20005a50  g_psFResultStrings             
20005af0  g_pcCwdBuf                     
20005b40  cDayName                       
20005b71  g_pui8DS3231RegVal             
20005b84  g_ui8DisplayBuffer             
20005b94  __TI_cleanup_ptr               
20005b98  __TI_dtors_ptr                 
20005b9c  __TI_enable_exit_profile_output
20005ba0  g_sSystem                      
20005bac  _lock                          
20005bb0  _unlock                        
20005bb4  g_sDS3231Data                  
20005bbb  g_ui8VolumeLowerLimit          
20005bbc  errno                          
20005bc0  main_func_sp                   
20005bc4  ui8LedAckToggleVal             
20005bc5  ui8LedErrToggleVal             
20005bc6  ui8LedCDToggleVal              
ffffffff  __TI_pprof_out_hndl            
ffffffff  __TI_prof_data_size            
ffffffff  __TI_prof_data_start           
ffffffff  __binit__                      
ffffffff  __c_args__                     
ffffffff  binit                          
UNDEFED   SHT$$INIT_ARRAY$$Base          
UNDEFED   SHT$$INIT_ARRAY$$Limit         

[349 symbols]
